2017-05-14 19:55:38.337 2931 INFO nova.compute.claims [req-9404f7e2-d159-4a60-a3e2-6d6de2f02d3d 113d3a99c3da401fbd62cc2caa5b96d2 54fadb412c4e40cdbaed9335e4c35a9e - - -] [instance: f6a24803-281d-49f6-8c29-c14e71fd0650] Total disk: 15 GB, used: 0.00 GBnova-compute.log.2017-05-14_21:27:09
2017-05-14 19:55:38.337 2931 INFO nova.compute.claims [req-9404f7e2-d159-4a60-a3e2-6d6de2f02d3d 113d3a99c3da401fbd62cc2caa5b96d2 54fadb412c4e40cdbaed9335e4c35a9e - - -] [instance: f6a24803-281d-49f6-8c29-c14e71fd0650] disk limit not specified, defaulting to unlimitednova-compute.log.2017-05-14_21:27:09
2017-05-14 19:55:38.338 2931 INFO nova.compute.claims [req-9404f7e2-d159-4a60-a3e2-6d6de2f02d3d 113d3a99c3da401fbd62cc2caa5b96d2 54fadb412c4e40cdbaed9335e4c35a9e - - -] [instance: f6a24803-281d-49f6-8c29-c14e71fd0650] Total vcpu: 16 VCPU, used: 0.00 VCPUnova-compute.log.2017-05-14_21:27:09
2017-05-14 19:55:38.338 2931 INFO nova.compute.claims [req-9404f7e2-d159-4a60-a3e2-6d6de2f02d3d 113d3a99c3da401fbd62cc2caa5b96d2 54fadb412c4e40cdbaed9335e4c35a9e - - -] [instance: f6a24803-281d-49f6-8c29-c14e71fd0650] vcpu limit not specified, defaulting to unlimitednova-compute.log.2017-05-14_21:27:09
2017-05-14 19:55:38.375 2931 INFO nova.compute.claims [req-9404f7e2-d159-4a60-a3e2-6d6de2f02d3d 113d3a99c3da401fbd62cc2caa5b96d2 54fadb412c4e40cdbaed9335e4c35a9e - - -] [instance: f6a24803-281d-49f6-8c29-c14e71fd0650] Claim successfulnova-api.log.2017-05-14_21:27:04
2017-05-14 19:55:38.422 25746 INFO nova.osapi_compute.wsgi.server [req-454bec00-30e9-4ee8-9cb7-7dce8666a3c9 113d3a99c3da401fbd62cc2caa5b96d2 54fadb412c4e40cdbaed9335e4c35a9e - - -] 10.11.10.1 "GET /v2/54fadb412c4e40cdbaed9335e4c35a9e/servers/detail HTTP/1.1" status: 200 len: 1575 time: 0.1924860nova-api.log.2017-05-14_21:27:04
2017-05-14 19:55:38.614 25746 INFO nova.osapi_compute.wsgi.server [req-6405972d-76a9-41bc-9fa1-69d4b9dfd1dd 113d3a99c3da401fbd62cc2caa5b96d2 54fadb412c4e40cdbaed9335e4c35a9e - - -] 10.11.10.1 "GET /v2/54fadb412c4e40cdbaed9335e4c35a9e/servers/f6a24803-281d-49f6-8c29-c14e71fd0650 HTTP/1.1" status: 200 len: 1708 time: 0.1884198nova-compute.log.2017-05-14_21:27:09
2017-05-14 19:55:38.959 2931 INFO nova.virt.libvirt.driver [req-9404f7e2-d159-4a60-a3e2-6d6de2f02d3d 113d3a99c3da401fbd62cc2caa5b96d2 54fadb412c4e40cdbaed9335e4c35a9e - - -] [instance: f6a24803-281d-49f6-8c29-c14e71fd0650] Creating imagenova-api.log.2017-05-14_21:27:04
2017-05-14 19:55:39.892 25746 INFO nova.osapi_compute.wsgi.server [req-289006e3-98a6-4ac7-bc27-1e335af641ea 113d3a99c3da401fbd62cc2caa5b96d2 54fadb412c4e40cdbaed9335e4c35a9e - - -] 10.11.10.1 "GET /v2/54fadb412c4e40cdbaed9335e4c35a9e/servers/detail HTTP/1.1" status: 200 len: 1759 time: 0.2715080nova-api.log.2017-05-14_21:27:04
2017-05-14 19:55:40.174 25746 INFO nova.osapi_compute.wsgi.server [req-b1e2e118-90b0-4d5b-8282-12b2fe5d6143 113d3a99c3da401fbd62cc2caa5b96d2 54fadb412c4e40cdbaed9335e4c35a9e - - -] 10.11.10.1 "GET /v2/54fadb412c4e40cdbaed9335e4c35a9e/servers/detail HTTP/1.1" status: 200 len: 1759 time: 0.2770150nova-compute.log.2017-05-14_21:27:09
2017-05-14 19:55:40.209 2931 INFO nova.compute.manager [-] [instance: cdd59e0a-ebc8-42d0-a603-98f17f713ed7] VM Stopped (Lifecycle Event)nova-api.log.2017-05-14_21:27:04
2017-05-14 19:55:41.446 25746 INFO nova.osapi_compute.wsgi.server [req-64398aa6-ef50-45d1-9306-c9fb26732e24 113d3a99c3da401fbd62cc2caa5b96d2 54fadb412c4e40cdbaed9335e4c35a9e - - -] 10.11.10.1 "GET /v2/54fadb412c4e40cdbaed9335e4c35a9e/servers/detail HTTP/1.1" status: 200 len: 1893 time: 0.2673268nova-api.log.2017-05-14_21:27:04
2017-05-14 19:55:41.726 25746 INFO nova.osapi_compute.wsgi.server [req-e34e5ae1-d61a-44b2-95e5-a578492b2a47 113d3a99c3da401fbd62cc2caa5b96d2 54fadb412c4e40cdbaed9335e4c35a9e - - -] 10.11.10.1 "GET /v2/54fadb412c4e40cdbaed9335e4c35a9e/servers/detail HTTP/1.1" status: 200 len: 1893 time: 0.2733018nova-api.log.2017-05-14_21:27:04
2017-05-14 19:55:42.994 25746 INFO nova.osapi_compute.wsgi.server [req-530004c9-ff76-4f87-b9ac-41deb07319b8 113d3a99c3da401fbd62cc2caa5b96d2 54fadb412c4e40cdbaed9335e4c35a9e - - -] 10.11.10.1 "GET /v2/54fadb412c4e40cdbaed9335e4c35a9e/servers/detail HTTP/1.1" status: 200 len: 1893 time: 0.2636950nova-api.log.2017-05-14_21:27:04
2017-05-14 19:55:43.273 25746 INFO nova.osapi_compute.wsgi.server [req-0fbe00ee-4a0d-4a19-bc0d-b02526f950f9 113d3a99c3da401fbd62cc2caa5b96d2 54fadb412c4e40cdbaed9335e4c35a9e - - -] 10.11.10.1 "GET /v2/54fadb412c4e40cdbaed9335e4c35a9e/servers/detail HTTP/1.1" status: 200 len: 1893 time: 0.2754030nova-api.log.2017-05-14_21:27:04
2017-05-14 19:55:44.542 25746 INFO nova.osapi_compute.wsgi.server [req-af85bd89-dc04-4900-815e-2ea2f05915a2 113d3a99c3da401fbd62cc2caa5b96d2 54fadb412c4e40cdbaed9335e4c35a9e - - -] 10.11.10.1 "GET /v2/54fadb412c4e40cdbaed9335e4c35a9e/servers/detail HTTP/1.1" status: 200 len: 1893 time: 0.2633939nova-api.log.2017-05-14_21:27:04
2017-05-14 19:55:44.817 25746 INFO nova.osapi_compute.wsgi.server [req-f06c880d-c228-4638-bca6-83faf0d1399b 113d3a99c3da401fbd62cc2caa5b96d2 54fadb412c4e40cdbaed9335e4c35a9e - - -] 10.11.10.1 "GET /v2/54fadb412c4e40cdbaed9335e4c35a9e/servers/detail HTTP/1.1" status: 200 len: 1893 time: 0.2706730nova-api.log.2017-05-14_21:27:04
2017-05-14 19:55:46.082 25746 INFO nova.osapi_compute.wsgi.server [req-50313f35-5ed9-4c95-9ea8-13462333fcea 113d3a99c3da401fbd62cc2caa5b96d2 54fadb412c4e40cdbaed9335e4c35a9e - - -] 10.11.10.1 "GET /v2/54fadb412c4e40cdbaed9335e4c35a9e/servers/detail HTTP/1.1" status: 200 len: 1893 time: 0.2593811nova-api.log.2017-05-14_21:27:04
2017-05-14 19:55:46.343 25746 INFO nova.osapi_compute.wsgi.server [req-4f35f972-568e-476f-9b35-ec054d8a3e4e 113d3a99c3da401fbd62cc2caa5b96d2 54fadb412c4e40cdbaed9335e4c35a9e - - -] 10.11.10.1 "GET /v2/54fadb412c4e40cdbaed9335e4c35a9e/servers/detail HTTP/1.1" status: 200 len: 1893 time: 0.2578542nova-api.log.2017-05-14_21:27:04
2017-05-14 19:55:47.614 25746 INFO nova.osapi_compute.wsgi.server [req-7e075af6-decd-4897-9eb2-3afa4036a826 113d3a99c3da401fbd62cc2caa5b96d2 54fadb412c4e40cdbaed9335e4c35a9e - - -] 10.11.10.1 "GET /v2/54fadb412c4e40cdbaed9335e4c35a9e/servers/detail HTTP/1.1" status: 200 len: 1893 time: 0.2658260nova-api.log.2017-05-14_21:27:04
2017-05-14 19:55:47.870 25746 INFO nova.osapi_compute.wsgi.server [req-d2ca09d8-1cca-4ae0-923f-3e0ccfd86320 113d3a99c3da401fbd62cc2caa5b96d2 54fadb412c4e40cdbaed9335e4c35a9e - - -] 10.11.10.1 "GET /v2/54fadb412c4e40cdbaed9335e4c35a9e/servers/detail HTTP/1.1" status: 200 len: 1893 time: 0.2522788nova-api.log.2017-05-14_21:27:04
2017-05-14 19:55:49.137 25746 INFO nova.osapi_compute.wsgi.server [req-0cd23a79-b777-48c1-869d-f6a250733508 113d3a99c3da401fbd62cc2caa5b96d2 54fadb412c4e40cdbaed9335e4c35a9e - - -] 10.11.10.1 "GET /v2/54fadb412c4e40cdbaed9335e4c35a9e/servers/detail HTTP/1.1" status: 200 len: 1893 time: 0.2603710nova-api.log.2017-05-14_21:27:04
2017-05-14 19:55:49.584 25746 INFO nova.osapi_compute.wsgi.server [req-d0ccbe5c-83bd-4474-8685-3ae2e9ab23ae 113d3a99c3da401fbd62cc2caa5b96d2 54fadb412c4e40cdbaed9335e4c35a9e - - -] 10.11.10.1 "GET /v2/54fadb412c4e40cdbaed9335e4c35a9e/servers/detail HTTP/1.1" status: 200 len: 1893 time: 0.4428329nova-api.log.2017-05-14_21:27:04
2017-05-14 19:55:50.842 25746 INFO nova.osapi_compute.wsgi.server [req-23605325-7150-406c-8801-2387619f1513 113d3a99c3da401fbd62cc2caa5b96d2 54fadb412c4e40cdbaed9335e4c35a9e - - -] 10.11.10.1 "GET /v2/54fadb412c4e40cdbaed9335e4c35a9e/servers/detail HTTP/1.1" status: 200 len: 1893 time: 0.2520030nova-api.log.2017-05-14_21:27:04
2017-05-14 19:55:51.108 25746 INFO nova.osapi_compute.wsgi.server [req-e9bcd522-1187-452a-af79-a1a77737ffa7 113d3a99c3da401fbd62cc2caa5b96d2 54fadb412c4e40cdbaed9335e4c35a9e - - -] 10.11.10.1 "GET /v2/54fadb412c4e40cdbaed9335e4c35a9e/servers/detail HTTP/1.1" status: 200 len: 1893 time: 0.2621319nova-compute.log.2017-05-14_21:27:09
2017-05-14 19:55:51.429 2931 INFO nova.virt.libvirt.imagecache [req-addc1839-2ed5-4778-b57e-5854eb7b8b09 - - - - -] image 0673dd71-34c5-4fbb-86c4-40623fbe45b4 at (/var/lib/nova/instances/_base/a489c868f0c37da93b76227c91bb03908ac0e742): checkingnova-compute.log.2017-05-14_21:27:09
2017-05-14 19:55:51.430 2931 INFO nova.virt.libvirt.imagecache [req-addc1839-2ed5-4778-b57e-5854eb7b8b09 - - - - -] image 0673dd71-34c5-4fbb-86c4-40623fbe45b4 at (/var/lib/nova/instances/_base/a489c868f0c37da93b76227c91bb03908ac0e742): in use: on this node 1 local, 0 on other nodes sharing this instance storagenova-compute.log.2017-05-14_21:27:09
2017-05-14 19:55:51.617 2931 INFO nova.virt.libvirt.imagecache [req-addc1839-2ed5-4778-b57e-5854eb7b8b09 - - - - -] Active base files: /var/lib/nova/instances/_base/a489c868f0c37da93b76227c91bb03908ac0e742nova-compute.log.2017-05-14_21:27:09
2017-05-14 19:55:52.039 2931 INFO nova.compute.manager [req-3ea4052c-895d-4b64-9e2d-04d64c4d94ab - - - - -] [instance: f6a24803-281d-49f6-8c29-c14e71fd0650] VM Started (Lifecycle Event)nova-compute.log.2017-05-14_21:27:09
2017-05-14 19:55:52.099 2931 INFO nova.compute.manager [req-3ea4052c-895d-4b64-9e2d-04d64c4d94ab - - - - -] [instance: f6a24803-281d-49f6-8c29-c14e71fd0650] VM Paused (Lifecycle Event)nova-compute.log.2017-05-14_21:27:09
2017-05-14 19:55:52.225 2931 INFO nova.compute.manager [req-3ea4052c-895d-4b64-9e2d-04d64c4d94ab - - - - -] [instance: f6a24803-281d-49f6-8c29-c14e71fd0650] During sync_power_state the instance has a pending task (spawning). Skip.nova-api.log.2017-05-14_21:27:04
2017-05-14 19:55:52.365 25746 INFO nova.osapi_compute.wsgi.server [req-f77d1388-5c8c-4531-9330-40c9bc608425 113d3a99c3da401fbd62cc2caa5b96d2 54fadb412c4e40cdbaed9335e4c35a9e - - -] 10.11.10.1 "GET /v2/54fadb412c4e40cdbaed9335e4c35a9e/servers/detail HTTP/1.1" status: 200 len: 1893 time: 0.2526138nova-api.log.2017-05-14_21:27:04
2017-05-14 19:55:52.634 25746 INFO nova.osapi_compute.wsgi.server [req-ced84272-432f-4585-bb81-aa1713a5efeb 113d3a99c3da401fbd62cc2caa5b96d2 54fadb412c4e40cdbaed9335e4c35a9e - - -] 10.11.10.1 "GET /v2/54fadb412c4e40cdbaed9335e4c35a9e/servers/detail HTTP/1.1" status: 200 len: 1893 time: 0.2652819nova-api.log.2017-05-14_21:27:04
2017-05-14 19:55:53.899 25746 INFO nova.osapi_compute.wsgi.server [req-153dea97-29ca-40b2-a1b9-424b55b95f97 113d3a99c3da401fbd62cc2caa5b96d2 54fadb412c4e40cdbaed9335e4c35a9e - - -] 10.11.10.1 "GET /v2/54fadb412c4e40cdbaed9335e4c35a9e/servers/detail HTTP/1.1" status: 200 len: 1893 time: 0.2603662nova-api.log.2017-05-14_21:27:04
2017-05-14 19:55:54.165 25746 INFO nova.osapi_compute.wsgi.server [req-a4b8bcdd-c117-45c3-acc0-0a327ced4ad7 113d3a99c3da401fbd62cc2caa5b96d2 54fadb412c4e40cdbaed9335e4c35a9e - - -] 10.11.10.1 "GET /v2/54fadb412c4e40cdbaed9335e4c35a9e/servers/detail HTTP/1.1" status: 200 len: 1893 time: 0.2617381nova-api.log.2017-05-14_21:27:04
2017-05-14 19:55:55.440 25746 INFO nova.osapi_compute.wsgi.server [req-d7258c3c-e3e0-41b2-b5dc-0632bbd2f121 113d3a99c3da401fbd62cc2caa5b96d2 54fadb412c4e40cdbaed9335e4c35a9e - - -] 10.11.10.1 "GET /v2/54fadb412c4e40cdbaed9335e4c35a9e/servers/detail HTTP/1.1" status: 200 len: 1893 time: 0.2682970nova-api.log.2017-05-14_21:27:04
2017-05-14 19:55:55.717 25746 INFO nova.osapi_compute.wsgi.server [req-c8086f6d-e65f-42df-92cf-ac54e1c5cba4 113d3a99c3da401fbd62cc2caa5b96d2 54fadb412c4e40cdbaed9335e4c35a9e - - -] 10.11.10.1 "GET /v2/54fadb412c4e40cdbaed9335e4c35a9e/servers/detail HTTP/1.1" status: 200 len: 1893 time: 0.2730711nova-compute.log.2017-05-14_21:27:09
2017-05-14 19:55:56.671 2931 INFO nova.virt.libvirt.imagecache [req-addc1839-2ed5-4778-b57e-5854eb7b8b09 - - - - -] image 0673dd71-34c5-4fbb-86c4-40623fbe45b4 at (/var/lib/nova/instances/_base/a489c868f0c37da93b76227c91bb03908ac0e742): checkingnova-compute.log.2017-05-14_21:27:09
2017-05-14 19:55:56.673 2931 INFO nova.virt.libvirt.imagecache [req-addc1839-2ed5-4778-b57e-5854eb7b8b09 - - - - -] image 0673dd71-34c5-4fbb-86c4-40623fbe45b4 at (/var/lib/nova/instances/_base/a489c868f0c37da93b76227c91bb03908ac0e742): in use: on this node 1 local, 0 on other nodes sharing this instance storagenova-compute.log.2017-05-14_21:27:09
2017-05-14 19:55:56.849 2931 INFO nova.virt.libvirt.imagecache [req-addc1839-2ed5-4778-b57e-5854eb7b8b09 - - - - -] Active base files: /var/lib/nova/instances/_base/a489c868f0c37da93b76227c91bb03908ac0e742nova-api.log.2017-05-14_21:27:04
2017-05-14 19:55:56.985 25746 INFO nova.osapi_compute.wsgi.server [req-369d5066-7147-4f7c-b0a3-2e81738d98b0 113d3a99c3da401fbd62cc2caa5b96d2 54fadb412c4e40cdbaed9335e4c35a9e - - -] 10.11.10.1 "GET /v2/54fadb412c4e40cdbaed9335e4c35a9e/servers/detail HTTP/1.1" status: 200 len: 1893 time: 0.2628651nova-api.log.2017-05-14_21:27:04
2017-05-14 19:55:57.339 25746 INFO nova.osapi_compute.wsgi.server [req-e022cf83-88a7-420e-b3b9-00933ae57164 113d3a99c3da401fbd62cc2caa5b96d2 54fadb412c4e40cdbaed9335e4c35a9e - - -] 10.11.10.1 "GET /v2/54fadb412c4e40cdbaed9335e4c35a9e/servers/detail HTTP/1.1" status: 200 len: 1893 time: 0.3503261nova-api.log.2017-05-14_21:27:04
2017-05-14 19:55:58.600 25746 INFO nova.osapi_compute.wsgi.server [req-a615953c-77a7-4baa-acf7-e60c431fb065 113d3a99c3da401fbd62cc2caa5b96d2 54fadb412c4e40cdbaed9335e4c35a9e - - -] 10.11.10.1 "GET /v2/54fadb412c4e40cdbaed9335e4c35a9e/servers/detail HTTP/1.1" status: 200 len: 1893 time: 0.2555511nova-api.log.2017-05-14_21:27:04
2017-05-14 19:55:58.860 25746 INFO nova.osapi_compute.wsgi.server [req-f93acb9c-5103-45da-9aca-de3b93ba9b9e 113d3a99c3da401fbd62cc2caa5b96d2 54fadb412c4e40cdbaed9335e4c35a9e - - -] 10.11.10.1 "GET /v2/54fadb412c4e40cdbaed9335e4c35a9e/servers/detail HTTP/1.1" status: 200 len: 1893 time: 0.2560539nova-api.log.2017-05-14_21:27:04
2017-05-14 19:55:59.264 25743 INFO nova.api.openstack.compute.server_external_events [req-a190ae55-85d2-4d02-a512-9d9aa21f8bec f7b8d1f1d4d44643b07fa10ca7d021fb e9746973ac574c6b8a9e8857f56a7608 - - -] Creating event network-vif-plugged:89f4d2f0-fa66-4780-9c45-bb2034d49b32 for instance f6a24803-281d-49f6-8c29-c14e71fd0650nova-api.log.2017-05-14_21:27:04
2017-05-14 19:55:59.270 25743 INFO nova.osapi_compute.wsgi.server [req-a190ae55-85d2-4d02-a512-9d9aa21f8bec f7b8d1f1d4d44643b07fa10ca7d021fb e9746973ac574c6b8a9e8857f56a7608 - - -] 10.11.10.1 "POST /v2/e9746973ac574c6b8a9e8857f56a7608/os-server-external-events HTTP/1.1" status: 200 len: 380 time: 0.1054540nova-compute.log.2017-05-14_21:27:09
2017-05-14 19:55:59.279 2931 INFO nova.compute.manager [req-3ea4052c-895d-4b64-9e2d-04d64c4d94ab - - - - -] [instance: f6a24803-281d-49f6-8c29-c14e71fd0650] VM Resumed (Lifecycle Event)
================================================================================
# Seq 2295-2344 ANOMALY
nova-compute.log.2017-05-14_21:27:09
2017-05-14 19:56:20.069 2931 INFO nova.compute.claims [req-ab2410a2-43a4-4be0-b3e7-ec1ebf241b47 113d3a99c3da401fbd62cc2caa5b96d2 54fadb412c4e40cdbaed9335e4c35a9e - - -] [instance: 636b44eb-4c54-4438-90a6-68a156f33b6d] Attempting claim: memory 2048 MB, disk 20 GB, vcpus 1 CPUnova-compute.log.2017-05-14_21:27:09
2017-05-14 19:56:20.070 2931 INFO nova.compute.claims [req-ab2410a2-43a4-4be0-b3e7-ec1ebf241b47 113d3a99c3da401fbd62cc2caa5b96d2 54fadb412c4e40cdbaed9335e4c35a9e - - -] [instance: 636b44eb-4c54-4438-90a6-68a156f33b6d] Total memory: 64172 MB, used: 512.00 MBnova-compute.log.2017-05-14_21:27:09
2017-05-14 19:56:20.071 2931 INFO nova.compute.claims [req-ab2410a2-43a4-4be0-b3e7-ec1ebf241b47 113d3a99c3da401fbd62cc2caa5b96d2 54fadb412c4e40cdbaed9335e4c35a9e - - -] [instance: 636b44eb-4c54-4438-90a6-68a156f33b6d] memory limit: 96258.00 MB, free: 95746.00 MBnova-compute.log.2017-05-14_21:27:09
2017-05-14 19:56:20.073 2931 INFO nova.compute.claims [req-ab2410a2-43a4-4be0-b3e7-ec1ebf241b47 113d3a99c3da401fbd62cc2caa5b96d2 54fadb412c4e40cdbaed9335e4c35a9e - - -] [instance: 636b44eb-4c54-4438-90a6-68a156f33b6d] Total disk: 15 GB, used: 0.00 GBnova-compute.log.2017-05-14_21:27:09
2017-05-14 19:56:20.073 2931 INFO nova.compute.claims [req-ab2410a2-43a4-4be0-b3e7-ec1ebf241b47 113d3a99c3da401fbd62cc2caa5b96d2 54fadb412c4e40cdbaed9335e4c35a9e - - -] [instance: 636b44eb-4c54-4438-90a6-68a156f33b6d] disk limit not specified, defaulting to unlimitednova-compute.log.2017-05-14_21:27:09
2017-05-14 19:56:20.074 2931 INFO nova.compute.claims [req-ab2410a2-43a4-4be0-b3e7-ec1ebf241b47 113d3a99c3da401fbd62cc2caa5b96d2 54fadb412c4e40cdbaed9335e4c35a9e - - -] [instance: 636b44eb-4c54-4438-90a6-68a156f33b6d] Total vcpu: 16 VCPU, used: 0.00 VCPUnova-compute.log.2017-05-14_21:27:09
2017-05-14 19:56:20.074 2931 INFO nova.compute.claims [req-ab2410a2-43a4-4be0-b3e7-ec1ebf241b47 113d3a99c3da401fbd62cc2caa5b96d2 54fadb412c4e40cdbaed9335e4c35a9e - - -] [instance: 636b44eb-4c54-4438-90a6-68a156f33b6d] vcpu limit not specified, defaulting to unlimitednova-compute.log.2017-05-14_21:27:09
2017-05-14 19:56:20.105 2931 INFO nova.compute.claims [req-ab2410a2-43a4-4be0-b3e7-ec1ebf241b47 113d3a99c3da401fbd62cc2caa5b96d2 54fadb412c4e40cdbaed9335e4c35a9e - - -] [instance: 636b44eb-4c54-4438-90a6-68a156f33b6d] Claim successfulnova-api.log.2017-05-14_21:27:04
2017-05-14 19:56:20.159 25746 INFO nova.osapi_compute.wsgi.server [req-e2580179-6d28-4eae-a110-e79811fd4663 113d3a99c3da401fbd62cc2caa5b96d2 54fadb412c4e40cdbaed9335e4c35a9e - - -] 10.11.10.1 "GET /v2/54fadb412c4e40cdbaed9335e4c35a9e/servers/detail HTTP/1.1" status: 200 len: 1583 time: 0.1950960nova-api.log.2017-05-14_21:27:04
2017-05-14 19:56:20.367 25746 INFO nova.osapi_compute.wsgi.server [req-ee700feb-469f-4838-8379-2171aa86be14 113d3a99c3da401fbd62cc2caa5b96d2 54fadb412c4e40cdbaed9335e4c35a9e - - -] 10.11.10.1 "GET /v2/54fadb412c4e40cdbaed9335e4c35a9e/servers/636b44eb-4c54-4438-90a6-68a156f33b6d HTTP/1.1" status: 200 len: 1708 time: 0.2033231nova-compute.log.2017-05-14_21:27:09
2017-05-14 19:56:20.691 2931 INFO nova.virt.libvirt.driver [req-ab2410a2-43a4-4be0-b3e7-ec1ebf241b47 113d3a99c3da401fbd62cc2caa5b96d2 54fadb412c4e40cdbaed9335e4c35a9e - - -] [instance: 636b44eb-4c54-4438-90a6-68a156f33b6d] Creating imagenova-api.log.2017-05-14_21:27:04
2017-05-14 19:56:21.665 25746 INFO nova.osapi_compute.wsgi.server [req-8fad29b9-129d-4d1b-a761-6f75ee128e74 113d3a99c3da401fbd62cc2caa5b96d2 54fadb412c4e40cdbaed9335e4c35a9e - - -] 10.11.10.1 "GET /v2/54fadb412c4e40cdbaed9335e4c35a9e/servers/detail HTTP/1.1" status: 200 len: 1759 time: 0.2937958nova-api.log.2017-05-14_21:27:04
2017-05-14 19:56:21.920 25746 INFO nova.osapi_compute.wsgi.server [req-7906ad67-2b99-42ff-a576-b198283bf17d 113d3a99c3da401fbd62cc2caa5b96d2 54fadb412c4e40cdbaed9335e4c35a9e - - -] 10.11.10.1 "GET /v2/54fadb412c4e40cdbaed9335e4c35a9e/servers/detail HTTP/1.1" status: 200 len: 1759 time: 0.2514729nova-compute.log.2017-05-14_21:27:09
2017-05-14 19:56:21.984 2931 INFO nova.compute.manager [-] [instance: f6a24803-281d-49f6-8c29-c14e71fd0650] VM Stopped (Lifecycle Event)nova-api.log.2017-05-14_21:27:04
2017-05-14 19:56:23.184 25746 INFO nova.osapi_compute.wsgi.server [req-31432701-467e-454b-9567-aa8c94e213ea 113d3a99c3da401fbd62cc2caa5b96d2 54fadb412c4e40cdbaed9335e4c35a9e - - -] 10.11.10.1 "GET /v2/54fadb412c4e40cdbaed9335e4c35a9e/servers/detail HTTP/1.1" status: 200 len: 1893 time: 0.2577131nova-api.log.2017-05-14_21:27:04
2017-05-14 19:56:23.465 25746 INFO nova.osapi_compute.wsgi.server [req-84109dae-6352-4f65-8747-6c30322165e2 113d3a99c3da401fbd62cc2caa5b96d2 54fadb412c4e40cdbaed9335e4c35a9e - - -] 10.11.10.1 "GET /v2/54fadb412c4e40cdbaed9335e4c35a9e/servers/detail HTTP/1.1" status: 200 len: 1893 time: 0.2761312nova-api.log.2017-05-14_21:27:04
2017-05-14 19:56:24.745 25746 INFO nova.osapi_compute.wsgi.server [req-77bf42b6-2c73-4ddb-97c2-b1d1ac8fb216 113d3a99c3da401fbd62cc2caa5b96d2 54fadb412c4e40cdbaed9335e4c35a9e - - -] 10.11.10.1 "GET /v2/54fadb412c4e40cdbaed9335e4c35a9e/servers/detail HTTP/1.1" status: 200 len: 1893 time: 0.2744799nova-api.log.2017-05-14_21:27:04
2017-05-14 19:56:25.000 25746 INFO nova.osapi_compute.wsgi.server [req-3dbd2f6d-69e6-4b9f-a74c-817f22bd6e17 113d3a99c3da401fbd62cc2caa5b96d2 54fadb412c4e40cdbaed9335e4c35a9e - - -] 10.11.10.1 "GET /v2/54fadb412c4e40cdbaed9335e4c35a9e/servers/detail HTTP/1.1" status: 200 len: 1893 time: 0.2509239nova-api.log.2017-05-14_21:27:04
2017-05-14 19:56:26.265 25746 INFO nova.osapi_compute.wsgi.server [req-d886676b-7adb-473f-9437-9911a5795a76 113d3a99c3da401fbd62cc2caa5b96d2 54fadb412c4e40cdbaed9335e4c35a9e - - -] 10.11.10.1 "GET /v2/54fadb412c4e40cdbaed9335e4c35a9e/servers/detail HTTP/1.1" status: 200 len: 1893 time: 0.2587669nova-api.log.2017-05-14_21:27:04
2017-05-14 19:56:26.536 25746 INFO nova.osapi_compute.wsgi.server [req-139d3f62-1cf9-4605-a8de-4251f9a05fd5 113d3a99c3da401fbd62cc2caa5b96d2 54fadb412c4e40cdbaed9335e4c35a9e - - -] 10.11.10.1 "GET /v2/54fadb412c4e40cdbaed9335e4c35a9e/servers/detail HTTP/1.1" status: 200 len: 1893 time: 0.2667670nova-api.log.2017-05-14_21:27:04
2017-05-14 19:56:27.792 25746 INFO nova.osapi_compute.wsgi.server [req-910faa67-e94e-4f89-a649-a924bbdf6cbd 113d3a99c3da401fbd62cc2caa5b96d2 54fadb412c4e40cdbaed9335e4c35a9e - - -] 10.11.10.1 "GET /v2/54fadb412c4e40cdbaed9335e4c35a9e/servers/detail HTTP/1.1" status: 200 len: 1893 time: 0.2503150nova-api.log.2017-05-14_21:27:04
2017-05-14 19:56:28.048 25746 INFO nova.osapi_compute.wsgi.server [req-a28ca1e6-bde7-4cbf-9c7e-a77d8a7120b5 113d3a99c3da401fbd62cc2caa5b96d2 54fadb412c4e40cdbaed9335e4c35a9e - - -] 10.11.10.1 "GET /v2/54fadb412c4e40cdbaed9335e4c35a9e/servers/detail HTTP/1.1" status: 200 len: 1893 time: 0.2512891nova-api.log.2017-05-14_21:27:04
2017-05-14 19:56:29.487 25746 INFO nova.osapi_compute.wsgi.server [req-efbb2802-c3a9-44da-97a0-fe0c94a03d6e 113d3a99c3da401fbd62cc2caa5b96d2 54fadb412c4e40cdbaed9335e4c35a9e - - -] 10.11.10.1 "GET /v2/54fadb412c4e40cdbaed9335e4c35a9e/servers/detail HTTP/1.1" status: 200 len: 1893 time: 0.4330862nova-api.log.2017-05-14_21:27:04
2017-05-14 19:56:29.753 25746 INFO nova.osapi_compute.wsgi.server [req-ca9c7086-2ffc-4be9-a7eb-1dd0c4bb01f6 113d3a99c3da401fbd62cc2caa5b96d2 54fadb412c4e40cdbaed9335e4c35a9e - - -] 10.11.10.1 "GET /v2/54fadb412c4e40cdbaed9335e4c35a9e/servers/detail HTTP/1.1" status: 200 len: 1893 time: 0.2606859nova-compute.log.2017-05-14_21:27:09
2017-05-14 19:56:30.491 2931 INFO nova.virt.libvirt.imagecache [req-addc1839-2ed5-4778-b57e-5854eb7b8b09 - - - - -] image 0673dd71-34c5-4fbb-86c4-40623fbe45b4 at (/var/lib/nova/instances/_base/a489c868f0c37da93b76227c91bb03908ac0e742): checkingnova-compute.log.2017-05-14_21:27:09
2017-05-14 19:56:30.492 2931 INFO nova.virt.libvirt.imagecache [req-addc1839-2ed5-4778-b57e-5854eb7b8b09 - - - - -] image 0673dd71-34c5-4fbb-86c4-40623fbe45b4 at (/var/lib/nova/instances/_base/a489c868f0c37da93b76227c91bb03908ac0e742): in use: on this node 1 local, 0 on other nodes sharing this instance storagenova-compute.log.2017-05-14_21:27:09
2017-05-14 19:56:30.592 2931 INFO nova.virt.libvirt.imagecache [req-addc1839-2ed5-4778-b57e-5854eb7b8b09 - - - - -] Active base files: /var/lib/nova/instances/_base/a489c868f0c37da93b76227c91bb03908ac0e742nova-api.log.2017-05-14_21:27:04
2017-05-14 19:56:31.032 25746 INFO nova.osapi_compute.wsgi.server [req-61f1f530-540c-4588-9639-c26f835654d6 113d3a99c3da401fbd62cc2caa5b96d2 54fadb412c4e40cdbaed9335e4c35a9e - - -] 10.11.10.1 "GET /v2/54fadb412c4e40cdbaed9335e4c35a9e/servers/detail HTTP/1.1" status: 200 len: 1893 time: 0.2742910nova-api.log.2017-05-14_21:27:04
2017-05-14 19:56:31.286 25746 INFO nova.osapi_compute.wsgi.server [req-a84aa3bd-e2bd-4563-8846-fb136e9bf3ab 113d3a99c3da401fbd62cc2caa5b96d2 54fadb412c4e40cdbaed9335e4c35a9e - - -] 10.11.10.1 "GET /v2/54fadb412c4e40cdbaed9335e4c35a9e/servers/detail HTTP/1.1" status: 200 len: 1893 time: 0.2492530nova-api.log.2017-05-14_21:27:04
2017-05-14 19:56:32.573 25746 INFO nova.osapi_compute.wsgi.server [req-8498601d-6b43-4e7a-9f5f-1e097520bfba 113d3a99c3da401fbd62cc2caa5b96d2 54fadb412c4e40cdbaed9335e4c35a9e - - -] 10.11.10.1 "GET /v2/54fadb412c4e40cdbaed9335e4c35a9e/servers/detail HTTP/1.1" status: 200 len: 1893 time: 0.2817731nova-api.log.2017-05-14_21:27:04
2017-05-14 19:56:32.926 25746 INFO nova.osapi_compute.wsgi.server [req-33750dff-e5ed-49bd-b8dc-f7641cd57fb0 113d3a99c3da401fbd62cc2caa5b96d2 54fadb412c4e40cdbaed9335e4c35a9e - - -] 10.11.10.1 "GET /v2/54fadb412c4e40cdbaed9335e4c35a9e/servers/detail HTTP/1.1" status: 200 len: 1893 time: 0.3497500nova-compute.log.2017-05-14_21:27:09
2017-05-14 19:56:33.695 2931 INFO nova.compute.manager [req-3ea4052c-895d-4b64-9e2d-04d64c4d94ab - - - - -] [instance: 636b44eb-4c54-4438-90a6-68a156f33b6d] VM Started (Lifecycle Event)nova-compute.log.2017-05-14_21:27:09
2017-05-14 19:56:33.763 2931 INFO nova.compute.manager [req-3ea4052c-895d-4b64-9e2d-04d64c4d94ab - - - - -] [instance: 636b44eb-4c54-4438-90a6-68a156f33b6d] VM Paused (Lifecycle Event)nova-compute.log.2017-05-14_21:27:09
2017-05-14 19:56:33.889 2931 INFO nova.compute.manager [req-3ea4052c-895d-4b64-9e2d-04d64c4d94ab - - - - -] [instance: 636b44eb-4c54-4438-90a6-68a156f33b6d] During sync_power_state the instance has a pending task (spawning). Skip.nova-api.log.2017-05-14_21:27:04
2017-05-14 19:56:34.192 25746 INFO nova.osapi_compute.wsgi.server [req-c582fc84-f0cd-4491-ba6a-0dec03ac5447 113d3a99c3da401fbd62cc2caa5b96d2 54fadb412c4e40cdbaed9335e4c35a9e - - -] 10.11.10.1 "GET /v2/54fadb412c4e40cdbaed9335e4c35a9e/servers/detail HTTP/1.1" status: 200 len: 1893 time: 0.2593579nova-api.log.2017-05-14_21:27:04
2017-05-14 19:56:34.449 25746 INFO nova.osapi_compute.wsgi.server [req-b23bf99e-62d7-48c7-a2a6-de57db0ce041 113d3a99c3da401fbd62cc2caa5b96d2 54fadb412c4e40cdbaed9335e4c35a9e - - -] 10.11.10.1 "GET /v2/54fadb412c4e40cdbaed9335e4c35a9e/servers/detail HTTP/1.1" status: 200 len: 1893 time: 0.2532201nova-compute.log.2017-05-14_21:27:09
2017-05-14 19:56:35.644 2931 INFO nova.virt.libvirt.imagecache [req-addc1839-2ed5-4778-b57e-5854eb7b8b09 - - - - -] image 0673dd71-34c5-4fbb-86c4-40623fbe45b4 at (/var/lib/nova/instances/_base/a489c868f0c37da93b76227c91bb03908ac0e742): checkingnova-compute.log.2017-05-14_21:27:09
2017-05-14 19:56:35.645 2931 INFO nova.virt.libvirt.imagecache [req-addc1839-2ed5-4778-b57e-5854eb7b8b09 - - - - -] image 0673dd71-34c5-4fbb-86c4-40623fbe45b4 at (/var/lib/nova/instances/_base/a489c868f0c37da93b76227c91bb03908ac0e742): in use: on this node 1 local, 0 on other nodes sharing this instance storagenova-api.log.2017-05-14_21:27:04
2017-05-14 19:56:35.725 25746 INFO nova.osapi_compute.wsgi.server [req-0bb82734-58ab-4a6a-aa25-2449075bd362 113d3a99c3da401fbd62cc2caa5b96d2 54fadb412c4e40cdbaed9335e4c35a9e - - -] 10.11.10.1 "GET /v2/54fadb412c4e40cdbaed9335e4c35a9e/servers/detail HTTP/1.1" status: 200 len: 1893 time: 0.2714758nova-compute.log.2017-05-14_21:27:09
2017-05-14 19:56:35.825 2931 INFO nova.virt.libvirt.imagecache [req-addc1839-2ed5-4778-b57e-5854eb7b8b09 - - - - -] Active base files: /var/lib/nova/instances/_base/a489c868f0c37da93b76227c91bb03908ac0e742nova-api.log.2017-05-14_21:27:04
2017-05-14 19:56:35.985 25746 INFO nova.osapi_compute.wsgi.server [req-5ad197a4-ea31-4e05-ad58-524c01d564f8 113d3a99c3da401fbd62cc2caa5b96d2 54fadb412c4e40cdbaed9335e4c35a9e - - -] 10.11.10.1 "GET /v2/54fadb412c4e40cdbaed9335e4c35a9e/servers/detail HTTP/1.1" status: 200 len: 1893 time: 0.2552910nova-api.log.2017-05-14_21:27:04
2017-05-14 19:56:37.265 25746 INFO nova.osapi_compute.wsgi.server [req-fbcf62ea-f6bc-4934-a392-cba07381385a 113d3a99c3da401fbd62cc2caa5b96d2 54fadb412c4e40cdbaed9335e4c35a9e - - -] 10.11.10.1 "GET /v2/54fadb412c4e40cdbaed9335e4c35a9e/servers/detail HTTP/1.1" status: 200 len: 1893 time: 0.2745681nova-api.log.2017-05-14_21:27:04
2017-05-14 19:56:37.541 25746 INFO nova.osapi_compute.wsgi.server [req-28487890-b384-4385-a2a8-6cd00b1ce6ec 113d3a99c3da401fbd62cc2caa5b96d2 54fadb412c4e40cdbaed9335e4c35a9e - - -] 10.11.10.1 "GET /v2/54fadb412c4e40cdbaed9335e4c35a9e/servers/detail HTTP/1.1" status: 200 len: 1893 time: 0.2733650nova-api.log.2017-05-14_21:27:04
2017-05-14 19:56:38.807 25746 INFO nova.osapi_compute.wsgi.server [req-36bea8f6-71b4-4e4c-bee9-6a94d4aacb8f 113d3a99c3da401fbd62cc2caa5b96d2 54fadb412c4e40cdbaed9335e4c35a9e - - -] 10.11.10.1 "GET /v2/54fadb412c4e40cdbaed9335e4c35a9e/servers/detail HTTP/1.1" status: 200 len: 1893 time: 0.2596581nova-api.log.2017-05-14_21:27:04
2017-05-14 19:56:39.071 25746 INFO nova.osapi_compute.wsgi.server [req-bd675655-1b86-4acb-bbee-7cff2b5cc0fc 113d3a99c3da401fbd62cc2caa5b96d2 54fadb412c4e40cdbaed9335e4c35a9e - - -] 10.11.10.1 "GET /v2/54fadb412c4e40cdbaed9335e4c35a9e/servers/detail HTTP/1.1" status: 200 len: 1893 time: 0.2604189nova-api.log.2017-05-14_21:27:04
2017-05-14 19:56:40.335 25746 INFO nova.osapi_compute.wsgi.server [req-37d58986-958f-49ce-9473-ffc26fe4eba6 113d3a99c3da401fbd62cc2caa5b96d2 54fadb412c4e40cdbaed9335e4c35a9e - - -] 10.11.10.1 "GET /v2/54fadb412c4e40cdbaed9335e4c35a9e/servers/detail HTTP/1.1" status: 200 len: 1893 time: 0.2581649nova-api.log.2017-05-14_21:27:04
2017-05-14 19:56:40.501 25743 INFO nova.api.openstack.compute.server_external_events [req-a619396d-545c-4b7d-b9e1-f0eb1a51fe35 f7b8d1f1d4d44643b07fa10ca7d021fb e9746973ac574c6b8a9e8857f56a7608 - - -] Creating event network-vif-plugged:234f6036-0a83-4295-92e0-c1429c505350 for instance 636b44eb-4c54-4438-90a6-68a156f33b6dnova-api.log.2017-05-14_21:27:04
2017-05-14 19:56:40.506 25743 INFO nova.osapi_compute.wsgi.server [req-a619396d-545c-4b7d-b9e1-f0eb1a51fe35 f7b8d1f1d4d44643b07fa10ca7d021fb e9746973ac574c6b8a9e8857f56a7608 - - -] 10.11.10.1 "POST /v2/e9746973ac574c6b8a9e8857f56a7608/os-server-external-events HTTP/1.1" status: 200 len: 380 time: 0.0874772nova-compute.log.2017-05-14_21:27:09
2017-05-14 19:56:40.517 2931 INFO nova.compute.manager [req-3ea4052c-895d-4b64-9e2d-04d64c4d94ab - - - - -] [instance: 636b44eb-4c54-4438-90a6-68a156f33b6d] VM Resumed (Lifecycle Event)nova-compute.log.2017-05-14_21:27:09
2017-05-14 19:56:40.527 2931 INFO nova.virt.libvirt.driver [-] [instance: 636b44eb-4c54-4438-90a6-68a156f33b6d] Instance spawned successfully.
================================================================================
# Seq 2390-2439 ANOMALY
nova-compute.log.2017-05-14_21:27:09
2017-05-14 19:57:01.874 2931 INFO nova.compute.claims [req-3de0b960-aaae-4d66-bef5-a6688f05c54e 113d3a99c3da401fbd62cc2caa5b96d2 54fadb412c4e40cdbaed9335e4c35a9e - - -] [instance: 4ed2be21-dd2b-4d7f-aaab-6461150f9907] Total disk: 15 GB, used: 0.00 GBnova-compute.log.2017-05-14_21:27:09
2017-05-14 19:57:01.874 2931 INFO nova.compute.claims [req-3de0b960-aaae-4d66-bef5-a6688f05c54e 113d3a99c3da401fbd62cc2caa5b96d2 54fadb412c4e40cdbaed9335e4c35a9e - - -] [instance: 4ed2be21-dd2b-4d7f-aaab-6461150f9907] disk limit not specified, defaulting to unlimitednova-compute.log.2017-05-14_21:27:09
2017-05-14 19:57:01.874 2931 INFO nova.compute.claims [req-3de0b960-aaae-4d66-bef5-a6688f05c54e 113d3a99c3da401fbd62cc2caa5b96d2 54fadb412c4e40cdbaed9335e4c35a9e - - -] [instance: 4ed2be21-dd2b-4d7f-aaab-6461150f9907] Total vcpu: 16 VCPU, used: 0.00 VCPUnova-compute.log.2017-05-14_21:27:09
2017-05-14 19:57:01.875 2931 INFO nova.compute.claims [req-3de0b960-aaae-4d66-bef5-a6688f05c54e 113d3a99c3da401fbd62cc2caa5b96d2 54fadb412c4e40cdbaed9335e4c35a9e - - -] [instance: 4ed2be21-dd2b-4d7f-aaab-6461150f9907] vcpu limit not specified, defaulting to unlimitednova-compute.log.2017-05-14_21:27:09
2017-05-14 19:57:01.906 2931 INFO nova.compute.claims [req-3de0b960-aaae-4d66-bef5-a6688f05c54e 113d3a99c3da401fbd62cc2caa5b96d2 54fadb412c4e40cdbaed9335e4c35a9e - - -] [instance: 4ed2be21-dd2b-4d7f-aaab-6461150f9907] Claim successfulnova-api.log.2017-05-14_21:27:04
2017-05-14 19:57:01.950 25746 INFO nova.osapi_compute.wsgi.server [req-9d5b74dd-3425-4e42-88af-0d5e83d39481 113d3a99c3da401fbd62cc2caa5b96d2 54fadb412c4e40cdbaed9335e4c35a9e - - -] 10.11.10.1 "GET /v2/54fadb412c4e40cdbaed9335e4c35a9e/servers/detail HTTP/1.1" status: 200 len: 1583 time: 0.1839230nova-api.log.2017-05-14_21:27:04
2017-05-14 19:57:02.145 25746 INFO nova.osapi_compute.wsgi.server [req-876e9543-ceb8-473e-b184-21f5a474567f 113d3a99c3da401fbd62cc2caa5b96d2 54fadb412c4e40cdbaed9335e4c35a9e - - -] 10.11.10.1 "GET /v2/54fadb412c4e40cdbaed9335e4c35a9e/servers/4ed2be21-dd2b-4d7f-aaab-6461150f9907 HTTP/1.1" status: 200 len: 1708 time: 0.1923699nova-compute.log.2017-05-14_21:27:09
2017-05-14 19:57:02.495 2931 INFO nova.virt.libvirt.driver [req-3de0b960-aaae-4d66-bef5-a6688f05c54e 113d3a99c3da401fbd62cc2caa5b96d2 54fadb412c4e40cdbaed9335e4c35a9e - - -] [instance: 4ed2be21-dd2b-4d7f-aaab-6461150f9907] Creating imagenova-api.log.2017-05-14_21:27:04
2017-05-14 19:57:03.432 25746 INFO nova.osapi_compute.wsgi.server [req-0c6e9064-1c46-4871-8d23-3902645f3eee 113d3a99c3da401fbd62cc2caa5b96d2 54fadb412c4e40cdbaed9335e4c35a9e - - -] 10.11.10.1 "GET /v2/54fadb412c4e40cdbaed9335e4c35a9e/servers/detail HTTP/1.1" status: 200 len: 1759 time: 0.2820199nova-api.log.2017-05-14_21:27:04
2017-05-14 19:57:03.703 25746 INFO nova.osapi_compute.wsgi.server [req-16120bef-e256-4d23-a13c-70f11770d6e0 113d3a99c3da401fbd62cc2caa5b96d2 54fadb412c4e40cdbaed9335e4c35a9e - - -] 10.11.10.1 "GET /v2/54fadb412c4e40cdbaed9335e4c35a9e/servers/detail HTTP/1.1" status: 200 len: 1759 time: 0.2666020nova-compute.log.2017-05-14_21:27:09
2017-05-14 19:57:03.710 2931 INFO nova.compute.manager [-] [instance: 636b44eb-4c54-4438-90a6-68a156f33b6d] VM Stopped (Lifecycle Event)nova-api.log.2017-05-14_21:27:04
2017-05-14 19:57:04.980 25746 INFO nova.osapi_compute.wsgi.server [req-36c05a17-c991-4e2b-b760-7b3a5b3714c6 113d3a99c3da401fbd62cc2caa5b96d2 54fadb412c4e40cdbaed9335e4c35a9e - - -] 10.11.10.1 "GET /v2/54fadb412c4e40cdbaed9335e4c35a9e/servers/detail HTTP/1.1" status: 200 len: 1893 time: 0.2712982nova-compute.log.2017-05-14_21:27:09
2017-05-14 19:57:05.145 2931 INFO nova.compute.resource_tracker [req-addc1839-2ed5-4778-b57e-5854eb7b8b09 - - - - -] Auditing locally available compute resources for node cp-1.slowvm1.tcloud-pg0.utah.cloudlab.usnova-api.log.2017-05-14_21:27:04
2017-05-14 19:57:05.266 25746 INFO nova.osapi_compute.wsgi.server [req-34d59787-9497-4bb3-85a2-db752dd8a176 113d3a99c3da401fbd62cc2caa5b96d2 54fadb412c4e40cdbaed9335e4c35a9e - - -] 10.11.10.1 "GET /v2/54fadb412c4e40cdbaed9335e4c35a9e/servers/detail HTTP/1.1" status: 200 len: 1893 time: 0.2810640nova-compute.log.2017-05-14_21:27:09
2017-05-14 19:57:05.482 2931 INFO nova.compute.resource_tracker [req-addc1839-2ed5-4778-b57e-5854eb7b8b09 - - - - -] Total usable vcpus: 16, total allocated vcpus: 1nova-compute.log.2017-05-14_21:27:09
2017-05-14 19:57:05.483 2931 INFO nova.compute.resource_tracker [req-addc1839-2ed5-4778-b57e-5854eb7b8b09 - - - - -] Final resource view: name=cp-1.slowvm1.tcloud-pg0.utah.cloudlab.us phys_ram=64172MB used_ram=2560MB phys_disk=15GB used_disk=20GB total_vcpus=16 used_vcpus=1 pci_stats=[]nova-compute.log.2017-05-14_21:27:09
2017-05-14 19:57:05.545 2931 INFO nova.compute.resource_tracker [req-addc1839-2ed5-4778-b57e-5854eb7b8b09 - - - - -] Compute_service record updated for cp-1.slowvm1.tcloud-pg0.utah.cloudlab.us:cp-1.slowvm1.tcloud-pg0.utah.cloudlab.usnova-api.log.2017-05-14_21:27:04
2017-05-14 19:57:06.553 25746 INFO nova.osapi_compute.wsgi.server [req-7d5c6e79-2a54-4c68-9e36-c0bced492237 113d3a99c3da401fbd62cc2caa5b96d2 54fadb412c4e40cdbaed9335e4c35a9e - - -] 10.11.10.1 "GET /v2/54fadb412c4e40cdbaed9335e4c35a9e/servers/detail HTTP/1.1" status: 200 len: 1893 time: 0.2797458nova-api.log.2017-05-14_21:27:04
2017-05-14 19:57:06.812 25746 INFO nova.osapi_compute.wsgi.server [req-f72fc603-a954-46e4-8be4-94e289f43e27 113d3a99c3da401fbd62cc2caa5b96d2 54fadb412c4e40cdbaed9335e4c35a9e - - -] 10.11.10.1 "GET /v2/54fadb412c4e40cdbaed9335e4c35a9e/servers/detail HTTP/1.1" status: 200 len: 1893 time: 0.2543249nova-api.log.2017-05-14_21:27:04
2017-05-14 19:57:08.086 25746 INFO nova.osapi_compute.wsgi.server [req-c592646c-f737-4db7-ba0b-794cd3b87607 113d3a99c3da401fbd62cc2caa5b96d2 54fadb412c4e40cdbaed9335e4c35a9e - - -] 10.11.10.1 "GET /v2/54fadb412c4e40cdbaed9335e4c35a9e/servers/detail HTTP/1.1" status: 200 len: 1893 time: 0.2676711nova-api.log.2017-05-14_21:27:04
2017-05-14 19:57:08.366 25746 INFO nova.osapi_compute.wsgi.server [req-521c67ba-2976-4ef3-9e46-4099958de818 113d3a99c3da401fbd62cc2caa5b96d2 54fadb412c4e40cdbaed9335e4c35a9e - - -] 10.11.10.1 "GET /v2/54fadb412c4e40cdbaed9335e4c35a9e/servers/detail HTTP/1.1" status: 200 len: 1893 time: 0.2756541nova-api.log.2017-05-14_21:27:04
2017-05-14 19:57:09.669 25746 INFO nova.osapi_compute.wsgi.server [req-c2eed2ff-ceee-437b-a434-8cc14454249b 113d3a99c3da401fbd62cc2caa5b96d2 54fadb412c4e40cdbaed9335e4c35a9e - - -] 10.11.10.1 "GET /v2/54fadb412c4e40cdbaed9335e4c35a9e/servers/detail HTTP/1.1" status: 200 len: 1893 time: 0.2980530nova-api.log.2017-05-14_21:27:04
2017-05-14 19:57:09.930 25746 INFO nova.osapi_compute.wsgi.server [req-5e0f1c21-0544-452e-871c-479260b6618a 113d3a99c3da401fbd62cc2caa5b96d2 54fadb412c4e40cdbaed9335e4c35a9e - - -] 10.11.10.1 "GET /v2/54fadb412c4e40cdbaed9335e4c35a9e/servers/detail HTTP/1.1" status: 200 len: 1893 time: 0.2560549nova-api.log.2017-05-14_21:27:04
2017-05-14 19:57:11.292 25746 INFO nova.osapi_compute.wsgi.server [req-1a3ec5ae-f7bc-4021-85ff-092fb250f4c6 113d3a99c3da401fbd62cc2caa5b96d2 54fadb412c4e40cdbaed9335e4c35a9e - - -] 10.11.10.1 "GET /v2/54fadb412c4e40cdbaed9335e4c35a9e/servers/detail HTTP/1.1" status: 200 len: 1893 time: 0.3559480nova-api.log.2017-05-14_21:27:04
2017-05-14 19:57:11.583 25746 INFO nova.osapi_compute.wsgi.server [req-94c48975-4da6-4c2f-93f4-0e67d0729f40 113d3a99c3da401fbd62cc2caa5b96d2 54fadb412c4e40cdbaed9335e4c35a9e - - -] 10.11.10.1 "GET /v2/54fadb412c4e40cdbaed9335e4c35a9e/servers/detail HTTP/1.1" status: 200 len: 1893 time: 0.2855308nova-api.log.2017-05-14_21:27:04
2017-05-14 19:57:12.859 25746 INFO nova.osapi_compute.wsgi.server [req-96c23d83-657c-4cfd-b73a-1a1eb30bb83b 113d3a99c3da401fbd62cc2caa5b96d2 54fadb412c4e40cdbaed9335e4c35a9e - - -] 10.11.10.1 "GET /v2/54fadb412c4e40cdbaed9335e4c35a9e/servers/detail HTTP/1.1" status: 200 len: 1893 time: 0.2689261nova-api.log.2017-05-14_21:27:04
2017-05-14 19:57:13.118 25746 INFO nova.osapi_compute.wsgi.server [req-a7c28d93-c01a-4874-ab89-aad22b70c20f 113d3a99c3da401fbd62cc2caa5b96d2 54fadb412c4e40cdbaed9335e4c35a9e - - -] 10.11.10.1 "GET /v2/54fadb412c4e40cdbaed9335e4c35a9e/servers/detail HTTP/1.1" status: 200 len: 1893 time: 0.2552369nova-api.log.2017-05-14_21:27:04
2017-05-14 19:57:14.566 25746 INFO nova.osapi_compute.wsgi.server [req-4212d5ba-b27f-49c6-a22c-1503e0ce0b5c 113d3a99c3da401fbd62cc2caa5b96d2 54fadb412c4e40cdbaed9335e4c35a9e - - -] 10.11.10.1 "GET /v2/54fadb412c4e40cdbaed9335e4c35a9e/servers/detail HTTP/1.1" status: 200 len: 1893 time: 0.4406800nova-api.log.2017-05-14_21:27:04
2017-05-14 19:57:14.834 25746 INFO nova.osapi_compute.wsgi.server [req-76e41fe2-a373-4181-8efb-94292f2cf4be 113d3a99c3da401fbd62cc2caa5b96d2 54fadb412c4e40cdbaed9335e4c35a9e - - -] 10.11.10.1 "GET /v2/54fadb412c4e40cdbaed9335e4c35a9e/servers/detail HTTP/1.1" status: 200 len: 1893 time: 0.2643940nova-compute.log.2017-05-14_21:27:09
2017-05-14 19:57:15.256 2931 INFO nova.virt.libvirt.imagecache [req-addc1839-2ed5-4778-b57e-5854eb7b8b09 - - - - -] image 0673dd71-34c5-4fbb-86c4-40623fbe45b4 at (/var/lib/nova/instances/_base/a489c868f0c37da93b76227c91bb03908ac0e742): checkingnova-compute.log.2017-05-14_21:27:09
2017-05-14 19:57:15.257 2931 INFO nova.virt.libvirt.imagecache [req-addc1839-2ed5-4778-b57e-5854eb7b8b09 - - - - -] image 0673dd71-34c5-4fbb-86c4-40623fbe45b4 at (/var/lib/nova/instances/_base/a489c868f0c37da93b76227c91bb03908ac0e742): in use: on this node 1 local, 0 on other nodes sharing this instance storagenova-compute.log.2017-05-14_21:27:09
2017-05-14 19:57:15.456 2931 INFO nova.virt.libvirt.imagecache [req-addc1839-2ed5-4778-b57e-5854eb7b8b09 - - - - -] Active base files: /var/lib/nova/instances/_base/a489c868f0c37da93b76227c91bb03908ac0e742nova-api.log.2017-05-14_21:27:04
2017-05-14 19:57:16.131 25746 INFO nova.osapi_compute.wsgi.server [req-4232d8c5-9a33-4b57-be96-2790c98aa09d 113d3a99c3da401fbd62cc2caa5b96d2 54fadb412c4e40cdbaed9335e4c35a9e - - -] 10.11.10.1 "GET /v2/54fadb412c4e40cdbaed9335e4c35a9e/servers/detail HTTP/1.1" status: 200 len: 1893 time: 0.2903140nova-compute.log.2017-05-14_21:27:09
2017-05-14 19:57:16.302 2931 INFO nova.compute.manager [req-3ea4052c-895d-4b64-9e2d-04d64c4d94ab - - - - -] [instance: 4ed2be21-dd2b-4d7f-aaab-6461150f9907] VM Started (Lifecycle Event)nova-compute.log.2017-05-14_21:27:09
2017-05-14 19:57:16.367 2931 INFO nova.compute.manager [req-3ea4052c-895d-4b64-9e2d-04d64c4d94ab - - - - -] [instance: 4ed2be21-dd2b-4d7f-aaab-6461150f9907] VM Paused (Lifecycle Event)nova-api.log.2017-05-14_21:27:04
2017-05-14 19:57:16.410 25746 INFO nova.osapi_compute.wsgi.server [req-d253bee6-531d-45e2-add3-626171b44686 113d3a99c3da401fbd62cc2caa5b96d2 54fadb412c4e40cdbaed9335e4c35a9e - - -] 10.11.10.1 "GET /v2/54fadb412c4e40cdbaed9335e4c35a9e/servers/detail HTTP/1.1" status: 200 len: 1893 time: 0.2741022nova-compute.log.2017-05-14_21:27:09
2017-05-14 19:57:16.495 2931 INFO nova.compute.manager [req-3ea4052c-895d-4b64-9e2d-04d64c4d94ab - - - - -] [instance: 4ed2be21-dd2b-4d7f-aaab-6461150f9907] During sync_power_state the instance has a pending task (spawning). Skip.nova-api.log.2017-05-14_21:27:04
2017-05-14 19:57:17.685 25746 INFO nova.osapi_compute.wsgi.server [req-f40fd59f-3548-462a-ac6e-592c9b03148f 113d3a99c3da401fbd62cc2caa5b96d2 54fadb412c4e40cdbaed9335e4c35a9e - - -] 10.11.10.1 "GET /v2/54fadb412c4e40cdbaed9335e4c35a9e/servers/detail HTTP/1.1" status: 200 len: 1893 time: 0.2693779nova-api.log.2017-05-14_21:27:04
2017-05-14 19:57:17.934 25746 INFO nova.osapi_compute.wsgi.server [req-489db051-4053-475e-966f-cb3133aa56b3 113d3a99c3da401fbd62cc2caa5b96d2 54fadb412c4e40cdbaed9335e4c35a9e - - -] 10.11.10.1 "GET /v2/54fadb412c4e40cdbaed9335e4c35a9e/servers/detail HTTP/1.1" status: 200 len: 1893 time: 0.2447462nova-api.log.2017-05-14_21:27:04
2017-05-14 19:57:19.222 25746 INFO nova.osapi_compute.wsgi.server [req-d42a514a-43e7-47d2-8e8a-e5ac52ec4205 113d3a99c3da401fbd62cc2caa5b96d2 54fadb412c4e40cdbaed9335e4c35a9e - - -] 10.11.10.1 "GET /v2/54fadb412c4e40cdbaed9335e4c35a9e/servers/detail HTTP/1.1" status: 200 len: 1893 time: 0.2815201nova-api.log.2017-05-14_21:27:04
2017-05-14 19:57:19.492 25746 INFO nova.osapi_compute.wsgi.server [req-e179ae26-7e0d-4114-ab13-6b73c192efe4 113d3a99c3da401fbd62cc2caa5b96d2 54fadb412c4e40cdbaed9335e4c35a9e - - -] 10.11.10.1 "GET /v2/54fadb412c4e40cdbaed9335e4c35a9e/servers/detail HTTP/1.1" status: 200 len: 1893 time: 0.2645400nova-compute.log.2017-05-14_21:27:09
2017-05-14 19:57:20.513 2931 INFO nova.virt.libvirt.imagecache [req-addc1839-2ed5-4778-b57e-5854eb7b8b09 - - - - -] image 0673dd71-34c5-4fbb-86c4-40623fbe45b4 at (/var/lib/nova/instances/_base/a489c868f0c37da93b76227c91bb03908ac0e742): checkingnova-compute.log.2017-05-14_21:27:09
2017-05-14 19:57:20.514 2931 INFO nova.virt.libvirt.imagecache [req-addc1839-2ed5-4778-b57e-5854eb7b8b09 - - - - -] image 0673dd71-34c5-4fbb-86c4-40623fbe45b4 at (/var/lib/nova/instances/_base/a489c868f0c37da93b76227c91bb03908ac0e742): in use: on this node 1 local, 0 on other nodes sharing this instance storagenova-compute.log.2017-05-14_21:27:09
2017-05-14 19:57:20.693 2931 INFO nova.virt.libvirt.imagecache [req-addc1839-2ed5-4778-b57e-5854eb7b8b09 - - - - -] Active base files: /var/lib/nova/instances/_base/a489c868f0c37da93b76227c91bb03908ac0e742nova-api.log.2017-05-14_21:27:04
2017-05-14 19:57:20.765 25746 INFO nova.osapi_compute.wsgi.server [req-ff957b44-c494-4f7f-9d52-c5768fbdf263 113d3a99c3da401fbd62cc2caa5b96d2 54fadb412c4e40cdbaed9335e4c35a9e - - -] 10.11.10.1 "GET /v2/54fadb412c4e40cdbaed9335e4c35a9e/servers/detail HTTP/1.1" status: 200 len: 1893 time: 0.2666731nova-api.log.2017-05-14_21:27:04
2017-05-14 19:57:21.028 25746 INFO nova.osapi_compute.wsgi.server [req-46bc9b81-23cf-4758-aa59-fa50c67fa674 113d3a99c3da401fbd62cc2caa5b96d2 54fadb412c4e40cdbaed9335e4c35a9e - - -] 10.11.10.1 "GET /v2/54fadb412c4e40cdbaed9335e4c35a9e/servers/detail HTTP/1.1" status: 200 len: 1893 time: 0.2588601nova-api.log.2017-05-14_21:27:04
2017-05-14 19:57:22.282 25746 INFO nova.osapi_compute.wsgi.server [req-8c895d3e-64af-4cc9-a69a-e406e030c1f9 113d3a99c3da401fbd62cc2caa5b96d2 54fadb412c4e40cdbaed9335e4c35a9e - - -] 10.11.10.1 "GET /v2/54fadb412c4e40cdbaed9335e4c35a9e/servers/detail HTTP/1.1" status: 200 len: 1893 time: 0.2472291nova-api.log.2017-05-14_21:27:04
2017-05-14 19:57:22.554 25746 INFO nova.osapi_compute.wsgi.server [req-8c0cb40b-737e-46b4-a1f1-78c9f64e4eca 113d3a99c3da401fbd62cc2caa5b96d2 54fadb412c4e40cdbaed9335e4c35a9e - - -] 10.11.10.1 "GET /v2/54fadb412c4e40cdbaed9335e4c35a9e/servers/detail HTTP/1.1" status: 200 len: 1893 time: 0.2667630nova-api.log.2017-05-14_21:27:04
2017-05-14 19:57:23.813 25746 INFO nova.osapi_compute.wsgi.server [req-3ec9801d-289f-494f-8c0d-7ce4ceaa1fbb 113d3a99c3da401fbd62cc2caa5b96d2 54fadb412c4e40cdbaed9335e4c35a9e - - -] 10.11.10.1 "GET /v2/54fadb412c4e40cdbaed9335e4c35a9e/servers/detail HTTP/1.1" status: 200 len: 1893 time: 0.2530138nova-api.log.2017-05-14_21:27:04
2017-05-14 19:57:23.860 25743 INFO nova.api.openstack.compute.server_external_events [req-6cd002a5-9953-440a-8099-aecf0d4af967 f7b8d1f1d4d44643b07fa10ca7d021fb e9746973ac574c6b8a9e8857f56a7608 - - -] Creating event network-vif-plugged:aeb07817-df42-45a2-bdda-3949c20f61e5 for instance 4ed2be21-dd2b-4d7f-aaab-6461150f9907
================================================================================
# Seq 2575-2624 ANOMALY
nova-api.log.2017-05-14_21:27:04
2017-05-14 19:58:25.754 25746 INFO nova.osapi_compute.wsgi.server [req-62d0eeda-44d1-4c6a-ad8a-a0cbd887bcae 113d3a99c3da401fbd62cc2caa5b96d2 54fadb412c4e40cdbaed9335e4c35a9e - - -] 10.11.10.1 "GET /v2/54fadb412c4e40cdbaed9335e4c35a9e/servers/detail HTTP/1.1" status: 200 len: 1583 time: 0.2064600nova-compute.log.2017-05-14_21:27:09
2017-05-14 19:58:25.833 2931 INFO nova.compute.claims [req-d591dbeb-f7c9-4629-918e-d26ee5ff0f7f 113d3a99c3da401fbd62cc2caa5b96d2 54fadb412c4e40cdbaed9335e4c35a9e - - -] [instance: 2d33540d-2191-4695-9d6a-aa745ef9a1a9] Attempting claim: memory 2048 MB, disk 20 GB, vcpus 1 CPUnova-compute.log.2017-05-14_21:27:09
2017-05-14 19:58:25.834 2931 INFO nova.compute.claims [req-d591dbeb-f7c9-4629-918e-d26ee5ff0f7f 113d3a99c3da401fbd62cc2caa5b96d2 54fadb412c4e40cdbaed9335e4c35a9e - - -] [instance: 2d33540d-2191-4695-9d6a-aa745ef9a1a9] Total memory: 64172 MB, used: 512.00 MBnova-compute.log.2017-05-14_21:27:09
2017-05-14 19:58:25.835 2931 INFO nova.compute.claims [req-d591dbeb-f7c9-4629-918e-d26ee5ff0f7f 113d3a99c3da401fbd62cc2caa5b96d2 54fadb412c4e40cdbaed9335e4c35a9e - - -] [instance: 2d33540d-2191-4695-9d6a-aa745ef9a1a9] memory limit: 96258.00 MB, free: 95746.00 MBnova-compute.log.2017-05-14_21:27:09
2017-05-14 19:58:25.836 2931 INFO nova.compute.claims [req-d591dbeb-f7c9-4629-918e-d26ee5ff0f7f 113d3a99c3da401fbd62cc2caa5b96d2 54fadb412c4e40cdbaed9335e4c35a9e - - -] [instance: 2d33540d-2191-4695-9d6a-aa745ef9a1a9] Total disk: 15 GB, used: 0.00 GBnova-compute.log.2017-05-14_21:27:09
2017-05-14 19:58:25.837 2931 INFO nova.compute.claims [req-d591dbeb-f7c9-4629-918e-d26ee5ff0f7f 113d3a99c3da401fbd62cc2caa5b96d2 54fadb412c4e40cdbaed9335e4c35a9e - - -] [instance: 2d33540d-2191-4695-9d6a-aa745ef9a1a9] disk limit not specified, defaulting to unlimitednova-compute.log.2017-05-14_21:27:09
2017-05-14 19:58:25.837 2931 INFO nova.compute.claims [req-d591dbeb-f7c9-4629-918e-d26ee5ff0f7f 113d3a99c3da401fbd62cc2caa5b96d2 54fadb412c4e40cdbaed9335e4c35a9e - - -] [instance: 2d33540d-2191-4695-9d6a-aa745ef9a1a9] Total vcpu: 16 VCPU, used: 0.00 VCPUnova-compute.log.2017-05-14_21:27:09
2017-05-14 19:58:25.837 2931 INFO nova.compute.claims [req-d591dbeb-f7c9-4629-918e-d26ee5ff0f7f 113d3a99c3da401fbd62cc2caa5b96d2 54fadb412c4e40cdbaed9335e4c35a9e - - -] [instance: 2d33540d-2191-4695-9d6a-aa745ef9a1a9] vcpu limit not specified, defaulting to unlimitednova-compute.log.2017-05-14_21:27:09
2017-05-14 19:58:25.875 2931 INFO nova.compute.claims [req-d591dbeb-f7c9-4629-918e-d26ee5ff0f7f 113d3a99c3da401fbd62cc2caa5b96d2 54fadb412c4e40cdbaed9335e4c35a9e - - -] [instance: 2d33540d-2191-4695-9d6a-aa745ef9a1a9] Claim successfulnova-api.log.2017-05-14_21:27:04
2017-05-14 19:58:25.945 25746 INFO nova.osapi_compute.wsgi.server [req-cee34fe6-9687-4ab4-8293-db59aa6de6e5 113d3a99c3da401fbd62cc2caa5b96d2 54fadb412c4e40cdbaed9335e4c35a9e - - -] 10.11.10.1 "GET /v2/54fadb412c4e40cdbaed9335e4c35a9e/servers/detail HTTP/1.1" status: 200 len: 1575 time: 0.1882448nova-api.log.2017-05-14_21:27:04
2017-05-14 19:58:26.145 25746 INFO nova.osapi_compute.wsgi.server [req-b9037e96-3cb8-4091-bc75-9add5ba42710 113d3a99c3da401fbd62cc2caa5b96d2 54fadb412c4e40cdbaed9335e4c35a9e - - -] 10.11.10.1 "GET /v2/54fadb412c4e40cdbaed9335e4c35a9e/servers/2d33540d-2191-4695-9d6a-aa745ef9a1a9 HTTP/1.1" status: 200 len: 1708 time: 0.1964982nova-compute.log.2017-05-14_21:27:09
2017-05-14 19:58:26.472 2931 INFO nova.virt.libvirt.driver [req-d591dbeb-f7c9-4629-918e-d26ee5ff0f7f 113d3a99c3da401fbd62cc2caa5b96d2 54fadb412c4e40cdbaed9335e4c35a9e - - -] [instance: 2d33540d-2191-4695-9d6a-aa745ef9a1a9] Creating imagenova-api.log.2017-05-14_21:27:04
2017-05-14 19:58:27.434 25746 INFO nova.osapi_compute.wsgi.server [req-6d83a260-b716-483c-9674-af0fbe2622ee 113d3a99c3da401fbd62cc2caa5b96d2 54fadb412c4e40cdbaed9335e4c35a9e - - -] 10.11.10.1 "GET /v2/54fadb412c4e40cdbaed9335e4c35a9e/servers/detail HTTP/1.1" status: 200 len: 1759 time: 0.2841480nova-api.log.2017-05-14_21:27:04
2017-05-14 19:58:27.716 25746 INFO nova.osapi_compute.wsgi.server [req-f5b830f5-8196-4b02-a108-2b6181539b05 113d3a99c3da401fbd62cc2caa5b96d2 54fadb412c4e40cdbaed9335e4c35a9e - - -] 10.11.10.1 "GET /v2/54fadb412c4e40cdbaed9335e4c35a9e/servers/detail HTTP/1.1" status: 200 len: 1759 time: 0.2782831nova-compute.log.2017-05-14_21:27:09
2017-05-14 19:58:27.728 2931 INFO nova.compute.manager [-] [instance: fac7db77-5f4b-46dd-b3ad-6f54fd90a6cf] VM Stopped (Lifecycle Event)nova-api.log.2017-05-14_21:27:04
