
================================================================================
# Seq 80-129 ANOMALY
nova-compute.log.2017-05-14_21:27:09
2017-05-14 19:39:43.092 2931 INFO nova.compute.claims [req-74d58b45-ade6-4af8-97ea-67d6c7d66e03 113d3a99c3da401fbd62cc2caa5b96d2 54fadb412c4e40cdbaed9335e4c35a9e - - -] [instance: 3416d0fa-6f0f-41ce-9c0a-59ae9a735da8] Total memory: 64172 MB, used: 512.00 MBnova-compute.log.2017-05-14_21:27:09
2017-05-14 19:39:43.092 2931 INFO nova.compute.claims [req-74d58b45-ade6-4af8-97ea-67d6c7d66e03 113d3a99c3da401fbd62cc2caa5b96d2 54fadb412c4e40cdbaed9335e4c35a9e - - -] [instance: 3416d0fa-6f0f-41ce-9c0a-59ae9a735da8] memory limit: 96258.00 MB, free: 95746.00 MBnova-compute.log.2017-05-14_21:27:09
2017-05-14 19:39:43.092 2931 INFO nova.compute.claims [req-74d58b45-ade6-4af8-97ea-67d6c7d66e03 113d3a99c3da401fbd62cc2caa5b96d2 54fadb412c4e40cdbaed9335e4c35a9e - - -] [instance: 3416d0fa-6f0f-41ce-9c0a-59ae9a735da8] Total disk: 15 GB, used: 0.00 GBnova-compute.log.2017-05-14_21:27:09
2017-05-14 19:39:43.093 2931 INFO nova.compute.claims [req-74d58b45-ade6-4af8-97ea-67d6c7d66e03 113d3a99c3da401fbd62cc2caa5b96d2 54fadb412c4e40cdbaed9335e4c35a9e - - -] [instance: 3416d0fa-6f0f-41ce-9c0a-59ae9a735da8] disk limit not specified, defaulting to unlimitednova-compute.log.2017-05-14_21:27:09
2017-05-14 19:39:43.093 2931 INFO nova.compute.claims [req-74d58b45-ade6-4af8-97ea-67d6c7d66e03 113d3a99c3da401fbd62cc2caa5b96d2 54fadb412c4e40cdbaed9335e4c35a9e - - -] [instance: 3416d0fa-6f0f-41ce-9c0a-59ae9a735da8] Total vcpu: 16 VCPU, used: 0.00 VCPUnova-compute.log.2017-05-14_21:27:09
2017-05-14 19:39:43.094 2931 INFO nova.compute.claims [req-74d58b45-ade6-4af8-97ea-67d6c7d66e03 113d3a99c3da401fbd62cc2caa5b96d2 54fadb412c4e40cdbaed9335e4c35a9e - - -] [instance: 3416d0fa-6f0f-41ce-9c0a-59ae9a735da8] vcpu limit not specified, defaulting to unlimitednova-compute.log.2017-05-14_21:27:09
2017-05-14 19:39:43.134 2931 INFO nova.compute.claims [req-74d58b45-ade6-4af8-97ea-67d6c7d66e03 113d3a99c3da401fbd62cc2caa5b96d2 54fadb412c4e40cdbaed9335e4c35a9e - - -] [instance: 3416d0fa-6f0f-41ce-9c0a-59ae9a735da8] Claim successfulnova-api.log.2017-05-14_21:27:04
2017-05-14 19:39:43.223 25746 INFO nova.osapi_compute.wsgi.server [req-c27a9daa-3bbc-498a-baf4-f0b3bc5cfddc 113d3a99c3da401fbd62cc2caa5b96d2 54fadb412c4e40cdbaed9335e4c35a9e - - -] 10.11.10.1 "GET /v2/54fadb412c4e40cdbaed9335e4c35a9e/servers/detail HTTP/1.1" status: 200 len: 1575 time: 0.2078710nova-api.log.2017-05-14_21:27:04
2017-05-14 19:39:43.420 25746 INFO nova.osapi_compute.wsgi.server [req-647b4591-b16f-4531-884c-9d4cfe78d93d 113d3a99c3da401fbd62cc2caa5b96d2 54fadb412c4e40cdbaed9335e4c35a9e - - -] 10.11.10.1 "GET /v2/54fadb412c4e40cdbaed9335e4c35a9e/servers/3416d0fa-6f0f-41ce-9c0a-59ae9a735da8 HTTP/1.1" status: 200 len: 1708 time: 0.1938121nova-compute.log.2017-05-14_21:27:09
2017-05-14 19:39:43.735 2931 INFO nova.virt.libvirt.driver [req-74d58b45-ade6-4af8-97ea-67d6c7d66e03 113d3a99c3da401fbd62cc2caa5b96d2 54fadb412c4e40cdbaed9335e4c35a9e - - -] [instance: 3416d0fa-6f0f-41ce-9c0a-59ae9a735da8] Creating imagenova-api.log.2017-05-14_21:27:04
2017-05-14 19:39:44.706 25746 INFO nova.osapi_compute.wsgi.server [req-a9850eea-3d7f-4ab3-94db-14f83c98fa27 113d3a99c3da401fbd62cc2caa5b96d2 54fadb412c4e40cdbaed9335e4c35a9e - - -] 10.11.10.1 "GET /v2/54fadb412c4e40cdbaed9335e4c35a9e/servers/detail HTTP/1.1" status: 200 len: 1759 time: 0.2805400nova-compute.log.2017-05-14_21:27:09
2017-05-14 19:39:44.956 2931 INFO nova.compute.manager [-] [instance: 3edec1e4-9678-4a3a-a21b-a145a4ee5e61] VM Stopped (Lifecycle Event)nova-api.log.2017-05-14_21:27:04
2017-05-14 19:39:44.975 25746 INFO nova.osapi_compute.wsgi.server [req-21dc7a7d-fe5c-4ed1-9f68-2765dea5ced1 113d3a99c3da401fbd62cc2caa5b96d2 54fadb412c4e40cdbaed9335e4c35a9e - - -] 10.11.10.1 "GET /v2/54fadb412c4e40cdbaed9335e4c35a9e/servers/detail HTTP/1.1" status: 200 len: 1759 time: 0.2646549nova-api.log.2017-05-14_21:27:04
2017-05-14 19:39:46.239 25746 INFO nova.osapi_compute.wsgi.server [req-b2d4b89d-8f48-498d-8c6f-305e03c4cea4 113d3a99c3da401fbd62cc2caa5b96d2 54fadb412c4e40cdbaed9335e4c35a9e - - -] 10.11.10.1 "GET /v2/54fadb412c4e40cdbaed9335e4c35a9e/servers/detail HTTP/1.1" status: 200 len: 1893 time: 0.2590849nova-api.log.2017-05-14_21:27:04
2017-05-14 19:39:46.484 25746 INFO nova.osapi_compute.wsgi.server [req-c176218f-f7b8-4223-a60a-1fb604ffc18d 113d3a99c3da401fbd62cc2caa5b96d2 54fadb412c4e40cdbaed9335e4c35a9e - - -] 10.11.10.1 "GET /v2/54fadb412c4e40cdbaed9335e4c35a9e/servers/detail HTTP/1.1" status: 200 len: 1893 time: 0.2408779nova-api.log.2017-05-14_21:27:04
2017-05-14 19:39:47.762 25746 INFO nova.osapi_compute.wsgi.server [req-f8b39a1c-2a31-4e74-ac64-44cd3640252c 113d3a99c3da401fbd62cc2caa5b96d2 54fadb412c4e40cdbaed9335e4c35a9e - - -] 10.11.10.1 "GET /v2/54fadb412c4e40cdbaed9335e4c35a9e/servers/detail HTTP/1.1" status: 200 len: 1893 time: 0.2733018nova-api.log.2017-05-14_21:27:04
2017-05-14 19:39:48.036 25746 INFO nova.osapi_compute.wsgi.server [req-d4926650-92b3-4d75-9e76-8e32ba96212f 113d3a99c3da401fbd62cc2caa5b96d2 54fadb412c4e40cdbaed9335e4c35a9e - - -] 10.11.10.1 "GET /v2/54fadb412c4e40cdbaed9335e4c35a9e/servers/detail HTTP/1.1" status: 200 len: 1893 time: 0.2705908nova-compute.log.2017-05-14_21:27:09
2017-05-14 19:39:48.129 2931 INFO nova.compute.resource_tracker [req-addc1839-2ed5-4778-b57e-5854eb7b8b09 - - - - -] Auditing locally available compute resources for node cp-1.slowvm1.tcloud-pg0.utah.cloudlab.usnova-compute.log.2017-05-14_21:27:09
2017-05-14 19:39:48.453 2931 INFO nova.compute.resource_tracker [req-addc1839-2ed5-4778-b57e-5854eb7b8b09 - - - - -] Total usable vcpus: 16, total allocated vcpus: 1nova-compute.log.2017-05-14_21:27:09
2017-05-14 19:39:48.454 2931 INFO nova.compute.resource_tracker [req-addc1839-2ed5-4778-b57e-5854eb7b8b09 - - - - -] Final resource view: name=cp-1.slowvm1.tcloud-pg0.utah.cloudlab.us phys_ram=64172MB used_ram=2560MB phys_disk=15GB used_disk=20GB total_vcpus=16 used_vcpus=1 pci_stats=[]nova-compute.log.2017-05-14_21:27:09
2017-05-14 19:39:48.510 2931 INFO nova.compute.resource_tracker [req-addc1839-2ed5-4778-b57e-5854eb7b8b09 - - - - -] Compute_service record updated for cp-1.slowvm1.tcloud-pg0.utah.cloudlab.us:cp-1.slowvm1.tcloud-pg0.utah.cloudlab.usnova-api.log.2017-05-14_21:27:04
2017-05-14 19:39:49.308 25746 INFO nova.osapi_compute.wsgi.server [req-9f9964f3-1bab-42de-9e2c-03bb4043f450 113d3a99c3da401fbd62cc2caa5b96d2 54fadb412c4e40cdbaed9335e4c35a9e - - -] 10.11.10.1 "GET /v2/54fadb412c4e40cdbaed9335e4c35a9e/servers/detail HTTP/1.1" status: 200 len: 1893 time: 0.2652228nova-api.log.2017-05-14_21:27:04
2017-05-14 19:39:49.559 25746 INFO nova.osapi_compute.wsgi.server [req-f685306e-5d26-4f1b-8e7d-bf5a1997e560 113d3a99c3da401fbd62cc2caa5b96d2 54fadb412c4e40cdbaed9335e4c35a9e - - -] 10.11.10.1 "GET /v2/54fadb412c4e40cdbaed9335e4c35a9e/servers/detail HTTP/1.1" status: 200 len: 1893 time: 0.2466261nova-api.log.2017-05-14_21:27:04
2017-05-14 19:39:50.840 25746 INFO nova.osapi_compute.wsgi.server [req-c2305fcc-81bf-4f71-8150-76a7a9b253ab 113d3a99c3da401fbd62cc2caa5b96d2 54fadb412c4e40cdbaed9335e4c35a9e - - -] 10.11.10.1 "GET /v2/54fadb412c4e40cdbaed9335e4c35a9e/servers/detail HTTP/1.1" status: 200 len: 1893 time: 0.2742069nova-api.log.2017-05-14_21:27:04
2017-05-14 19:39:51.109 25746 INFO nova.osapi_compute.wsgi.server [req-5ca4f106-e4a2-4ce1-bacf-cf4af3dc634b 113d3a99c3da401fbd62cc2caa5b96d2 54fadb412c4e40cdbaed9335e4c35a9e - - -] 10.11.10.1 "GET /v2/54fadb412c4e40cdbaed9335e4c35a9e/servers/detail HTTP/1.1" status: 200 len: 1893 time: 0.2659700nova-api.log.2017-05-14_21:27:04
2017-05-14 19:39:52.386 25746 INFO nova.osapi_compute.wsgi.server [req-eda313ef-9bb0-47cf-8876-249f4b111840 113d3a99c3da401fbd62cc2caa5b96d2 54fadb412c4e40cdbaed9335e4c35a9e - - -] 10.11.10.1 "GET /v2/54fadb412c4e40cdbaed9335e4c35a9e/servers/detail HTTP/1.1" status: 200 len: 1893 time: 0.2712119nova-api.log.2017-05-14_21:27:04
2017-05-14 19:39:52.649 25746 INFO nova.osapi_compute.wsgi.server [req-cf1740ce-4eae-4717-8671-1e6fb09fc5b9 113d3a99c3da401fbd62cc2caa5b96d2 54fadb412c4e40cdbaed9335e4c35a9e - - -] 10.11.10.1 "GET /v2/54fadb412c4e40cdbaed9335e4c35a9e/servers/detail HTTP/1.1" status: 200 len: 1893 time: 0.2590652nova-api.log.2017-05-14_21:27:04
2017-05-14 19:39:53.921 25746 INFO nova.osapi_compute.wsgi.server [req-e9b049e6-a1ce-44b7-ada1-d6843cc049b3 113d3a99c3da401fbd62cc2caa5b96d2 54fadb412c4e40cdbaed9335e4c35a9e - - -] 10.11.10.1 "GET /v2/54fadb412c4e40cdbaed9335e4c35a9e/servers/detail HTTP/1.1" status: 200 len: 1893 time: 0.2666640nova-api.log.2017-05-14_21:27:04
2017-05-14 19:39:54.173 25746 INFO nova.osapi_compute.wsgi.server [req-84545c59-81bf-4d88-a053-927e16f8bd73 113d3a99c3da401fbd62cc2caa5b96d2 54fadb412c4e40cdbaed9335e4c35a9e - - -] 10.11.10.1 "GET /v2/54fadb412c4e40cdbaed9335e4c35a9e/servers/detail HTTP/1.1" status: 200 len: 1893 time: 0.2473130nova-compute.log.2017-05-14_21:27:09
2017-05-14 19:39:55.217 2931 INFO nova.virt.libvirt.imagecache [req-addc1839-2ed5-4778-b57e-5854eb7b8b09 - - - - -] image 0673dd71-34c5-4fbb-86c4-40623fbe45b4 at (/var/lib/nova/instances/_base/a489c868f0c37da93b76227c91bb03908ac0e742): checkingnova-compute.log.2017-05-14_21:27:09
2017-05-14 19:39:55.218 2931 INFO nova.virt.libvirt.imagecache [req-addc1839-2ed5-4778-b57e-5854eb7b8b09 - - - - -] image 0673dd71-34c5-4fbb-86c4-40623fbe45b4 at (/var/lib/nova/instances/_base/a489c868f0c37da93b76227c91bb03908ac0e742): in use: on this node 1 local, 0 on other nodes sharing this instance storagenova-compute.log.2017-05-14_21:27:09
2017-05-14 19:39:55.410 2931 INFO nova.virt.libvirt.imagecache [req-addc1839-2ed5-4778-b57e-5854eb7b8b09 - - - - -] Active base files: /var/lib/nova/instances/_base/a489c868f0c37da93b76227c91bb03908ac0e742nova-api.log.2017-05-14_21:27:04
2017-05-14 19:39:55.446 25746 INFO nova.osapi_compute.wsgi.server [req-dfb50169-bef5-489a-baf1-90505c47ed67 113d3a99c3da401fbd62cc2caa5b96d2 54fadb412c4e40cdbaed9335e4c35a9e - - -] 10.11.10.1 "GET /v2/54fadb412c4e40cdbaed9335e4c35a9e/servers/detail HTTP/1.1" status: 200 len: 1893 time: 0.2682672nova-api.log.2017-05-14_21:27:04
2017-05-14 19:39:55.714 25746 INFO nova.osapi_compute.wsgi.server [req-9ea32bf6-7148-4104-89da-73efffa34b47 113d3a99c3da401fbd62cc2caa5b96d2 54fadb412c4e40cdbaed9335e4c35a9e - - -] 10.11.10.1 "GET /v2/54fadb412c4e40cdbaed9335e4c35a9e/servers/detail HTTP/1.1" status: 200 len: 1893 time: 0.2639551nova-compute.log.2017-05-14_21:27:09
2017-05-14 19:39:56.544 2931 INFO nova.compute.manager [req-3ea4052c-895d-4b64-9e2d-04d64c4d94ab - - - - -] [instance: 3416d0fa-6f0f-41ce-9c0a-59ae9a735da8] VM Started (Lifecycle Event)nova-compute.log.2017-05-14_21:27:09
2017-05-14 19:39:56.614 2931 INFO nova.compute.manager [req-3ea4052c-895d-4b64-9e2d-04d64c4d94ab - - - - -] [instance: 3416d0fa-6f0f-41ce-9c0a-59ae9a735da8] VM Paused (Lifecycle Event)nova-compute.log.2017-05-14_21:27:09
2017-05-14 19:39:56.727 2931 INFO nova.compute.manager [req-3ea4052c-895d-4b64-9e2d-04d64c4d94ab - - - - -] [instance: 3416d0fa-6f0f-41ce-9c0a-59ae9a735da8] During sync_power_state the instance has a pending task (spawning). Skip.nova-api.log.2017-05-14_21:27:04
2017-05-14 19:39:56.965 25746 INFO nova.osapi_compute.wsgi.server [req-d9a69560-6651-4f56-b256-8dd7b9bbe189 113d3a99c3da401fbd62cc2caa5b96d2 54fadb412c4e40cdbaed9335e4c35a9e - - -] 10.11.10.1 "GET /v2/54fadb412c4e40cdbaed9335e4c35a9e/servers/detail HTTP/1.1" status: 200 len: 1893 time: 0.2442820nova-api.log.2017-05-14_21:27:04
2017-05-14 19:39:57.230 25746 INFO nova.osapi_compute.wsgi.server [req-4e8f0dbf-e127-49c6-8e2f-97e3c5351c0e 113d3a99c3da401fbd62cc2caa5b96d2 54fadb412c4e40cdbaed9335e4c35a9e - - -] 10.11.10.1 "GET /v2/54fadb412c4e40cdbaed9335e4c35a9e/servers/detail HTTP/1.1" status: 200 len: 1893 time: 0.2604730nova-api.log.2017-05-14_21:27:04
2017-05-14 19:39:58.498 25746 INFO nova.osapi_compute.wsgi.server [req-8ca1b8a4-fbef-4c83-b7d0-2e299c5f58bc 113d3a99c3da401fbd62cc2caa5b96d2 54fadb412c4e40cdbaed9335e4c35a9e - - -] 10.11.10.1 "GET /v2/54fadb412c4e40cdbaed9335e4c35a9e/servers/detail HTTP/1.1" status: 200 len: 1893 time: 0.2633290nova-api.log.2017-05-14_21:27:04
2017-05-14 19:39:58.856 25746 INFO nova.osapi_compute.wsgi.server [req-9399d02d-744b-4d7d-8eeb-0d3a0c04fa34 113d3a99c3da401fbd62cc2caa5b96d2 54fadb412c4e40cdbaed9335e4c35a9e - - -] 10.11.10.1 "GET /v2/54fadb412c4e40cdbaed9335e4c35a9e/servers/detail HTTP/1.1" status: 200 len: 1893 time: 0.3527908nova-api.log.2017-05-14_21:27:04
2017-05-14 19:40:00.287 25746 INFO nova.osapi_compute.wsgi.server [req-703e826c-3c27-4dfc-a955-c9db43c47845 113d3a99c3da401fbd62cc2caa5b96d2 54fadb412c4e40cdbaed9335e4c35a9e - - -] 10.11.10.1 "GET /v2/54fadb412c4e40cdbaed9335e4c35a9e/servers/detail HTTP/1.1" status: 200 len: 1893 time: 0.4248340nova-compute.log.2017-05-14_21:27:09
2017-05-14 19:40:00.469 2931 INFO nova.virt.libvirt.imagecache [req-addc1839-2ed5-4778-b57e-5854eb7b8b09 - - - - -] image 0673dd71-34c5-4fbb-86c4-40623fbe45b4 at (/var/lib/nova/instances/_base/a489c868f0c37da93b76227c91bb03908ac0e742): checkingnova-compute.log.2017-05-14_21:27:09
2017-05-14 19:40:00.470 2931 INFO nova.virt.libvirt.imagecache [req-addc1839-2ed5-4778-b57e-5854eb7b8b09 - - - - -] image 0673dd71-34c5-4fbb-86c4-40623fbe45b4 at (/var/lib/nova/instances/_base/a489c868f0c37da93b76227c91bb03908ac0e742): in use: on this node 1 local, 0 on other nodes sharing this instance storagenova-api.log.2017-05-14_21:27:04
2017-05-14 19:40:00.536 25746 INFO nova.osapi_compute.wsgi.server [req-682f1297-5222-4fee-846c-dd8660edc6a1 113d3a99c3da401fbd62cc2caa5b96d2 54fadb412c4e40cdbaed9335e4c35a9e - - -] 10.11.10.1 "GET /v2/54fadb412c4e40cdbaed9335e4c35a9e/servers/detail HTTP/1.1" status: 200 len: 1893 time: 0.2455161nova-compute.log.2017-05-14_21:27:09
2017-05-14 19:40:00.667 2931 INFO nova.virt.libvirt.imagecache [req-addc1839-2ed5-4778-b57e-5854eb7b8b09 - - - - -] Active base files: /var/lib/nova/instances/_base/a489c868f0c37da93b76227c91bb03908ac0e742nova-api.log.2017-05-14_21:27:04
2017-05-14 19:40:01.805 25746 INFO nova.osapi_compute.wsgi.server [req-cdba16c4-1e65-4ab9-853a-e192ab7b42b9 113d3a99c3da401fbd62cc2caa5b96d2 54fadb412c4e40cdbaed9335e4c35a9e - - -] 10.11.10.1 "GET /v2/54fadb412c4e40cdbaed9335e4c35a9e/servers/detail HTTP/1.1" status: 200 len: 1893 time: 0.2633269nova-api.log.2017-05-14_21:27:04
2017-05-14 19:40:02.098 25746 INFO nova.osapi_compute.wsgi.server [req-ee916b5b-f1dd-4457-810f-07dae12d5cff 113d3a99c3da401fbd62cc2caa5b96d2 54fadb412c4e40cdbaed9335e4c35a9e - - -] 10.11.10.1 "GET /v2/54fadb412c4e40cdbaed9335e4c35a9e/servers/detail HTTP/1.1" status: 200 len: 1893 time: 0.2887440nova-api.log.2017-05-14_21:27:04
2017-05-14 19:40:03.391 25746 INFO nova.osapi_compute.wsgi.server [req-2cd6eb8b-e7f4-40f6-b682-c00f457f4729 113d3a99c3da401fbd62cc2caa5b96d2 54fadb412c4e40cdbaed9335e4c35a9e - - -] 10.11.10.1 "GET /v2/54fadb412c4e40cdbaed9335e4c35a9e/servers/detail HTTP/1.1" status: 200 len: 1893 time: 0.2867360nova-api.log.2017-05-14_21:27:04
2017-05-14 19:40:03.669 25746 INFO nova.osapi_compute.wsgi.server [req-2813de27-0b62-4909-b8e9-23e405f5e8fb 113d3a99c3da401fbd62cc2caa5b96d2 54fadb412c4e40cdbaed9335e4c35a9e - - -] 10.11.10.1 "GET /v2/54fadb412c4e40cdbaed9335e4c35a9e/servers/detail HTTP/1.1" status: 200 len: 1893 time: 0.2747920
================================================================================
# Seq 265-314 ANOMALY
nova-api.log.2017-05-14_21:27:04
2017-05-14 19:41:07.009 25746 INFO nova.osapi_compute.wsgi.server [req-2d933a32-f45d-46f0-8ddb-ed554615722f 113d3a99c3da401fbd62cc2caa5b96d2 54fadb412c4e40cdbaed9335e4c35a9e - - -] 10.11.10.1 "GET /v2/54fadb412c4e40cdbaed9335e4c35a9e/servers/detail HTTP/1.1" status: 200 len: 1583 time: 0.2447140nova-compute.log.2017-05-14_21:27:09
2017-05-14 19:41:07.044 2931 INFO nova.compute.claims [req-68c3e42e-4a3b-4a49-885e-357ca44c5e62 113d3a99c3da401fbd62cc2caa5b96d2 54fadb412c4e40cdbaed9335e4c35a9e - - -] [instance: 748f18b4-88e3-4b60-822a-f2b25fac50b2] Attempting claim: memory 2048 MB, disk 20 GB, vcpus 1 CPUnova-compute.log.2017-05-14_21:27:09
2017-05-14 19:41:07.045 2931 INFO nova.compute.claims [req-68c3e42e-4a3b-4a49-885e-357ca44c5e62 113d3a99c3da401fbd62cc2caa5b96d2 54fadb412c4e40cdbaed9335e4c35a9e - - -] [instance: 748f18b4-88e3-4b60-822a-f2b25fac50b2] Total memory: 64172 MB, used: 512.00 MBnova-compute.log.2017-05-14_21:27:09
2017-05-14 19:41:07.045 2931 INFO nova.compute.claims [req-68c3e42e-4a3b-4a49-885e-357ca44c5e62 113d3a99c3da401fbd62cc2caa5b96d2 54fadb412c4e40cdbaed9335e4c35a9e - - -] [instance: 748f18b4-88e3-4b60-822a-f2b25fac50b2] memory limit: 96258.00 MB, free: 95746.00 MBnova-compute.log.2017-05-14_21:27:09
2017-05-14 19:41:07.046 2931 INFO nova.compute.claims [req-68c3e42e-4a3b-4a49-885e-357ca44c5e62 113d3a99c3da401fbd62cc2caa5b96d2 54fadb412c4e40cdbaed9335e4c35a9e - - -] [instance: 748f18b4-88e3-4b60-822a-f2b25fac50b2] Total disk: 15 GB, used: 0.00 GBnova-compute.log.2017-05-14_21:27:09
2017-05-14 19:41:07.046 2931 INFO nova.compute.claims [req-68c3e42e-4a3b-4a49-885e-357ca44c5e62 113d3a99c3da401fbd62cc2caa5b96d2 54fadb412c4e40cdbaed9335e4c35a9e - - -] [instance: 748f18b4-88e3-4b60-822a-f2b25fac50b2] disk limit not specified, defaulting to unlimitednova-compute.log.2017-05-14_21:27:09
2017-05-14 19:41:07.047 2931 INFO nova.compute.claims [req-68c3e42e-4a3b-4a49-885e-357ca44c5e62 113d3a99c3da401fbd62cc2caa5b96d2 54fadb412c4e40cdbaed9335e4c35a9e - - -] [instance: 748f18b4-88e3-4b60-822a-f2b25fac50b2] Total vcpu: 16 VCPU, used: 0.00 VCPUnova-compute.log.2017-05-14_21:27:09
2017-05-14 19:41:07.047 2931 INFO nova.compute.claims [req-68c3e42e-4a3b-4a49-885e-357ca44c5e62 113d3a99c3da401fbd62cc2caa5b96d2 54fadb412c4e40cdbaed9335e4c35a9e - - -] [instance: 748f18b4-88e3-4b60-822a-f2b25fac50b2] vcpu limit not specified, defaulting to unlimitednova-compute.log.2017-05-14_21:27:09
2017-05-14 19:41:07.082 2931 INFO nova.compute.claims [req-68c3e42e-4a3b-4a49-885e-357ca44c5e62 113d3a99c3da401fbd62cc2caa5b96d2 54fadb412c4e40cdbaed9335e4c35a9e - - -] [instance: 748f18b4-88e3-4b60-822a-f2b25fac50b2] Claim successfulnova-api.log.2017-05-14_21:27:04
2017-05-14 19:41:07.206 25746 INFO nova.osapi_compute.wsgi.server [req-b41d0dcf-b380-4158-867b-202a2ec439ab 113d3a99c3da401fbd62cc2caa5b96d2 54fadb412c4e40cdbaed9335e4c35a9e - - -] 10.11.10.1 "GET /v2/54fadb412c4e40cdbaed9335e4c35a9e/servers/detail HTTP/1.1" status: 200 len: 1575 time: 0.1930809nova-api.log.2017-05-14_21:27:04
2017-05-14 19:41:07.400 25746 INFO nova.osapi_compute.wsgi.server [req-77a46f0d-0c6e-4974-ad86-11c15e0ab506 113d3a99c3da401fbd62cc2caa5b96d2 54fadb412c4e40cdbaed9335e4c35a9e - - -] 10.11.10.1 "GET /v2/54fadb412c4e40cdbaed9335e4c35a9e/servers/748f18b4-88e3-4b60-822a-f2b25fac50b2 HTTP/1.1" status: 200 len: 1708 time: 0.1893930nova-compute.log.2017-05-14_21:27:09
2017-05-14 19:41:07.800 2931 INFO nova.virt.libvirt.driver [req-68c3e42e-4a3b-4a49-885e-357ca44c5e62 113d3a99c3da401fbd62cc2caa5b96d2 54fadb412c4e40cdbaed9335e4c35a9e - - -] [instance: 748f18b4-88e3-4b60-822a-f2b25fac50b2] Creating imagenova-api.log.2017-05-14_21:27:04
2017-05-14 19:41:08.681 25746 INFO nova.osapi_compute.wsgi.server [req-d9c0842d-d3f6-491b-91d6-c060151768f3 113d3a99c3da401fbd62cc2caa5b96d2 54fadb412c4e40cdbaed9335e4c35a9e - - -] 10.11.10.1 "GET /v2/54fadb412c4e40cdbaed9335e4c35a9e/servers/detail HTTP/1.1" status: 200 len: 1759 time: 0.2758641nova-api.log.2017-05-14_21:27:04
2017-05-14 19:41:08.940 25746 INFO nova.osapi_compute.wsgi.server [req-2c3439a6-d5c3-442a-b8fa-e587b6d6a985 113d3a99c3da401fbd62cc2caa5b96d2 54fadb412c4e40cdbaed9335e4c35a9e - - -] 10.11.10.1 "GET /v2/54fadb412c4e40cdbaed9335e4c35a9e/servers/detail HTTP/1.1" status: 200 len: 1759 time: 0.2549481nova-compute.log.2017-05-14_21:27:09
2017-05-14 19:41:09.297 2931 INFO nova.compute.manager [-] [instance: 874ffb7b-49b3-4c6d-a2e9-35bf272650b1] VM Stopped (Lifecycle Event)nova-api.log.2017-05-14_21:27:04
2017-05-14 19:41:10.204 25746 INFO nova.osapi_compute.wsgi.server [req-2dda6be4-a452-421a-b3fc-1316ce492c5a 113d3a99c3da401fbd62cc2caa5b96d2 54fadb412c4e40cdbaed9335e4c35a9e - - -] 10.11.10.1 "GET /v2/54fadb412c4e40cdbaed9335e4c35a9e/servers/detail HTTP/1.1" status: 200 len: 1893 time: 0.2581091nova-api.log.2017-05-14_21:27:04
2017-05-14 19:41:10.484 25746 INFO nova.osapi_compute.wsgi.server [req-9ed48ea0-fe8d-44ba-bf20-d70d7b8c66ed 113d3a99c3da401fbd62cc2caa5b96d2 54fadb412c4e40cdbaed9335e4c35a9e - - -] 10.11.10.1 "GET /v2/54fadb412c4e40cdbaed9335e4c35a9e/servers/detail HTTP/1.1" status: 200 len: 1893 time: 0.2760019nova-api.log.2017-05-14_21:27:04
2017-05-14 19:41:11.758 25746 INFO nova.osapi_compute.wsgi.server [req-9b5c9a46-ce4c-4534-b6ca-0ab5d89dd03a 113d3a99c3da401fbd62cc2caa5b96d2 54fadb412c4e40cdbaed9335e4c35a9e - - -] 10.11.10.1 "GET /v2/54fadb412c4e40cdbaed9335e4c35a9e/servers/detail HTTP/1.1" status: 200 len: 1893 time: 0.2695661nova-api.log.2017-05-14_21:27:04
2017-05-14 19:41:12.018 25746 INFO nova.osapi_compute.wsgi.server [req-a6165c40-57ea-4b3f-814c-cb9d628a879a 113d3a99c3da401fbd62cc2caa5b96d2 54fadb412c4e40cdbaed9335e4c35a9e - - -] 10.11.10.1 "GET /v2/54fadb412c4e40cdbaed9335e4c35a9e/servers/detail HTTP/1.1" status: 200 len: 1893 time: 0.2546141nova-api.log.2017-05-14_21:27:04
2017-05-14 19:41:13.285 25746 INFO nova.osapi_compute.wsgi.server [req-4e7efc1b-1cf8-4124-9ce6-f572a6910c2f 113d3a99c3da401fbd62cc2caa5b96d2 54fadb412c4e40cdbaed9335e4c35a9e - - -] 10.11.10.1 "GET /v2/54fadb412c4e40cdbaed9335e4c35a9e/servers/detail HTTP/1.1" status: 200 len: 1893 time: 0.2625179nova-api.log.2017-05-14_21:27:04
2017-05-14 19:41:13.570 25746 INFO nova.osapi_compute.wsgi.server [req-3c68d432-c6de-4698-9a1c-aa6d097c3211 113d3a99c3da401fbd62cc2caa5b96d2 54fadb412c4e40cdbaed9335e4c35a9e - - -] 10.11.10.1 "GET /v2/54fadb412c4e40cdbaed9335e4c35a9e/servers/detail HTTP/1.1" status: 200 len: 1893 time: 0.2807219nova-api.log.2017-05-14_21:27:04
2017-05-14 19:41:14.944 25746 INFO nova.osapi_compute.wsgi.server [req-d92368fb-4598-48f4-900b-b9716dac2722 113d3a99c3da401fbd62cc2caa5b96d2 54fadb412c4e40cdbaed9335e4c35a9e - - -] 10.11.10.1 "GET /v2/54fadb412c4e40cdbaed9335e4c35a9e/servers/detail HTTP/1.1" status: 200 len: 1893 time: 0.3687658nova-api.log.2017-05-14_21:27:04
2017-05-14 19:41:15.195 25746 INFO nova.osapi_compute.wsgi.server [req-71072750-5cd7-4451-88ca-3bdd8fe4cfff 113d3a99c3da401fbd62cc2caa5b96d2 54fadb412c4e40cdbaed9335e4c35a9e - - -] 10.11.10.1 "GET /v2/54fadb412c4e40cdbaed9335e4c35a9e/servers/detail HTTP/1.1" status: 200 len: 1893 time: 0.2480628nova-api.log.2017-05-14_21:27:04
2017-05-14 19:41:16.461 25746 INFO nova.osapi_compute.wsgi.server [req-39fee03b-93f6-4551-adba-b773d12124e9 113d3a99c3da401fbd62cc2caa5b96d2 54fadb412c4e40cdbaed9335e4c35a9e - - -] 10.11.10.1 "GET /v2/54fadb412c4e40cdbaed9335e4c35a9e/servers/detail HTTP/1.1" status: 200 len: 1893 time: 0.2600040nova-api.log.2017-05-14_21:27:04
2017-05-14 19:41:16.716 25746 INFO nova.osapi_compute.wsgi.server [req-cfc724b8-8354-4907-80ad-8033080885a3 113d3a99c3da401fbd62cc2caa5b96d2 54fadb412c4e40cdbaed9335e4c35a9e - - -] 10.11.10.1 "GET /v2/54fadb412c4e40cdbaed9335e4c35a9e/servers/detail HTTP/1.1" status: 200 len: 1893 time: 0.2499850nova-api.log.2017-05-14_21:27:04
2017-05-14 19:41:17.985 25746 INFO nova.osapi_compute.wsgi.server [req-fc9a80be-39bc-4d03-8644-b53a2ae38c5e 113d3a99c3da401fbd62cc2caa5b96d2 54fadb412c4e40cdbaed9335e4c35a9e - - -] 10.11.10.1 "GET /v2/54fadb412c4e40cdbaed9335e4c35a9e/servers/detail HTTP/1.1" status: 200 len: 1893 time: 0.2632458nova-api.log.2017-05-14_21:27:04
2017-05-14 19:41:18.240 25746 INFO nova.osapi_compute.wsgi.server [req-83970b6d-03ac-41ba-b886-bf6e92be1087 113d3a99c3da401fbd62cc2caa5b96d2 54fadb412c4e40cdbaed9335e4c35a9e - - -] 10.11.10.1 "GET /v2/54fadb412c4e40cdbaed9335e4c35a9e/servers/detail HTTP/1.1" status: 200 len: 1893 time: 0.2523391nova-api.log.2017-05-14_21:27:04
2017-05-14 19:41:19.523 25746 INFO nova.osapi_compute.wsgi.server [req-809d3d54-e375-4c93-b6d8-96818f44a9c7 113d3a99c3da401fbd62cc2caa5b96d2 54fadb412c4e40cdbaed9335e4c35a9e - - -] 10.11.10.1 "GET /v2/54fadb412c4e40cdbaed9335e4c35a9e/servers/detail HTTP/1.1" status: 200 len: 1893 time: 0.2768750nova-api.log.2017-05-14_21:27:04
2017-05-14 19:41:19.781 25746 INFO nova.osapi_compute.wsgi.server [req-4a3af327-81fe-4eab-846f-957f0c229b63 113d3a99c3da401fbd62cc2caa5b96d2 54fadb412c4e40cdbaed9335e4c35a9e - - -] 10.11.10.1 "GET /v2/54fadb412c4e40cdbaed9335e4c35a9e/servers/detail HTTP/1.1" status: 200 len: 1893 time: 0.2522850nova-compute.log.2017-05-14_21:27:09
2017-05-14 19:41:20.623 2931 INFO nova.virt.libvirt.imagecache [req-addc1839-2ed5-4778-b57e-5854eb7b8b09 - - - - -] image 0673dd71-34c5-4fbb-86c4-40623fbe45b4 at (/var/lib/nova/instances/_base/a489c868f0c37da93b76227c91bb03908ac0e742): checkingnova-compute.log.2017-05-14_21:27:09
2017-05-14 19:41:20.624 2931 INFO nova.virt.libvirt.imagecache [req-addc1839-2ed5-4778-b57e-5854eb7b8b09 - - - - -] image 0673dd71-34c5-4fbb-86c4-40623fbe45b4 at (/var/lib/nova/instances/_base/a489c868f0c37da93b76227c91bb03908ac0e742): in use: on this node 1 local, 0 on other nodes sharing this instance storagenova-compute.log.2017-05-14_21:27:09
2017-05-14 19:41:20.806 2931 INFO nova.virt.libvirt.imagecache [req-addc1839-2ed5-4778-b57e-5854eb7b8b09 - - - - -] Active base files: /var/lib/nova/instances/_base/a489c868f0c37da93b76227c91bb03908ac0e742nova-api.log.2017-05-14_21:27:04
2017-05-14 19:41:21.048 25746 INFO nova.osapi_compute.wsgi.server [req-9924ce8d-cb36-4652-ba7f-152769270b73 113d3a99c3da401fbd62cc2caa5b96d2 54fadb412c4e40cdbaed9335e4c35a9e - - -] 10.11.10.1 "GET /v2/54fadb412c4e40cdbaed9335e4c35a9e/servers/detail HTTP/1.1" status: 200 len: 1893 time: 0.2614660nova-compute.log.2017-05-14_21:27:09
2017-05-14 19:41:21.176 2931 INFO nova.compute.manager [req-3ea4052c-895d-4b64-9e2d-04d64c4d94ab - - - - -] [instance: 748f18b4-88e3-4b60-822a-f2b25fac50b2] VM Started (Lifecycle Event)nova-compute.log.2017-05-14_21:27:09
2017-05-14 19:41:21.241 2931 INFO nova.compute.manager [req-3ea4052c-895d-4b64-9e2d-04d64c4d94ab - - - - -] [instance: 748f18b4-88e3-4b60-822a-f2b25fac50b2] VM Paused (Lifecycle Event)nova-api.log.2017-05-14_21:27:04
2017-05-14 19:41:21.331 25746 INFO nova.osapi_compute.wsgi.server [req-85ef42db-807a-4bfb-a280-c7617648dc46 113d3a99c3da401fbd62cc2caa5b96d2 54fadb412c4e40cdbaed9335e4c35a9e - - -] 10.11.10.1 "GET /v2/54fadb412c4e40cdbaed9335e4c35a9e/servers/detail HTTP/1.1" status: 200 len: 1893 time: 0.2771671nova-compute.log.2017-05-14_21:27:09
2017-05-14 19:41:21.374 2931 INFO nova.compute.manager [req-3ea4052c-895d-4b64-9e2d-04d64c4d94ab - - - - -] [instance: 748f18b4-88e3-4b60-822a-f2b25fac50b2] During sync_power_state the instance has a pending task (spawning). Skip.nova-api.log.2017-05-14_21:27:04
2017-05-14 19:41:22.595 25746 INFO nova.osapi_compute.wsgi.server [req-b35b85e2-30d8-4311-aec5-a86d8cb1c2e3 113d3a99c3da401fbd62cc2caa5b96d2 54fadb412c4e40cdbaed9335e4c35a9e - - -] 10.11.10.1 "GET /v2/54fadb412c4e40cdbaed9335e4c35a9e/servers/detail HTTP/1.1" status: 200 len: 1893 time: 0.2576990nova-api.log.2017-05-14_21:27:04
2017-05-14 19:41:22.858 25746 INFO nova.osapi_compute.wsgi.server [req-9a8133a3-682b-45a0-94e6-79b0d065c953 113d3a99c3da401fbd62cc2caa5b96d2 54fadb412c4e40cdbaed9335e4c35a9e - - -] 10.11.10.1 "GET /v2/54fadb412c4e40cdbaed9335e4c35a9e/servers/detail HTTP/1.1" status: 200 len: 1893 time: 0.2590320nova-api.log.2017-05-14_21:27:04
2017-05-14 19:41:24.129 25746 INFO nova.osapi_compute.wsgi.server [req-09e4b648-d1ab-4e1b-b404-06936e263580 113d3a99c3da401fbd62cc2caa5b96d2 54fadb412c4e40cdbaed9335e4c35a9e - - -] 10.11.10.1 "GET /v2/54fadb412c4e40cdbaed9335e4c35a9e/servers/detail HTTP/1.1" status: 200 len: 1893 time: 0.2638121nova-api.log.2017-05-14_21:27:04
2017-05-14 19:41:24.389 25746 INFO nova.osapi_compute.wsgi.server [req-c11e03d5-1103-4f54-bdb4-46cdacdf845e 113d3a99c3da401fbd62cc2caa5b96d2 54fadb412c4e40cdbaed9335e4c35a9e - - -] 10.11.10.1 "GET /v2/54fadb412c4e40cdbaed9335e4c35a9e/servers/detail HTTP/1.1" status: 200 len: 1893 time: 0.2554700nova-api.log.2017-05-14_21:27:04
2017-05-14 19:41:25.656 25746 INFO nova.osapi_compute.wsgi.server [req-a3f8aa0a-d4fc-4549-a20c-a25212b21763 113d3a99c3da401fbd62cc2caa5b96d2 54fadb412c4e40cdbaed9335e4c35a9e - - -] 10.11.10.1 "GET /v2/54fadb412c4e40cdbaed9335e4c35a9e/servers/detail HTTP/1.1" status: 200 len: 1893 time: 0.2613370nova-compute.log.2017-05-14_21:27:09
2017-05-14 19:41:25.855 2931 INFO nova.virt.libvirt.imagecache [req-addc1839-2ed5-4778-b57e-5854eb7b8b09 - - - - -] image 0673dd71-34c5-4fbb-86c4-40623fbe45b4 at (/var/lib/nova/instances/_base/a489c868f0c37da93b76227c91bb03908ac0e742): checkingnova-compute.log.2017-05-14_21:27:09
2017-05-14 19:41:25.856 2931 INFO nova.virt.libvirt.imagecache [req-addc1839-2ed5-4778-b57e-5854eb7b8b09 - - - - -] image 0673dd71-34c5-4fbb-86c4-40623fbe45b4 at (/var/lib/nova/instances/_base/a489c868f0c37da93b76227c91bb03908ac0e742): in use: on this node 1 local, 0 on other nodes sharing this instance storagenova-api.log.2017-05-14_21:27:04
2017-05-14 19:41:25.931 25746 INFO nova.osapi_compute.wsgi.server [req-bd168bcb-9944-4360-9da3-d536302f4cc4 113d3a99c3da401fbd62cc2caa5b96d2 54fadb412c4e40cdbaed9335e4c35a9e - - -] 10.11.10.1 "GET /v2/54fadb412c4e40cdbaed9335e4c35a9e/servers/detail HTTP/1.1" status: 200 len: 1893 time: 0.2696159nova-compute.log.2017-05-14_21:27:09
2017-05-14 19:41:26.037 2931 INFO nova.virt.libvirt.imagecache [req-addc1839-2ed5-4778-b57e-5854eb7b8b09 - - - - -] Active base files: /var/lib/nova/instances/_base/a489c868f0c37da93b76227c91bb03908ac0e742nova-api.log.2017-05-14_21:27:04
2017-05-14 19:41:27.372 25746 INFO nova.osapi_compute.wsgi.server [req-818fe8fb-6767-4bb3-bdb9-2fea18b2aac6 113d3a99c3da401fbd62cc2caa5b96d2 54fadb412c4e40cdbaed9335e4c35a9e - - -] 10.11.10.1 "GET /v2/54fadb412c4e40cdbaed9335e4c35a9e/servers/detail HTTP/1.1" status: 200 len: 1893 time: 0.4355068nova-api.log.2017-05-14_21:27:04
2017-05-14 19:41:27.639 25746 INFO nova.osapi_compute.wsgi.server [req-02204e62-f722-48a5-8cf7-eb81cb6129aa 113d3a99c3da401fbd62cc2caa5b96d2 54fadb412c4e40cdbaed9335e4c35a9e - - -] 10.11.10.1 "GET /v2/54fadb412c4e40cdbaed9335e4c35a9e/servers/detail HTTP/1.1" status: 200 len: 1893 time: 0.2618780nova-api.log.2017-05-14_21:27:04
2017-05-14 19:41:28.857 25743 INFO nova.api.openstack.compute.server_external_events [req-3706fe73-7b45-4a89-bcbf-458a9b212004 f7b8d1f1d4d44643b07fa10ca7d021fb e9746973ac574c6b8a9e8857f56a7608 - - -] Creating event network-vif-plugged:1d7215b5-04b2-485c-a686-f82bb61a570b for instance 748f18b4-88e3-4b60-822a-f2b25fac50b2nova-api.log.2017-05-14_21:27:04
2017-05-14 19:41:28.862 25743 INFO nova.osapi_compute.wsgi.server [req-3706fe73-7b45-4a89-bcbf-458a9b212004 f7b8d1f1d4d44643b07fa10ca7d021fb e9746973ac574c6b8a9e8857f56a7608 - - -] 10.11.10.1 "POST /v2/e9746973ac574c6b8a9e8857f56a7608/os-server-external-events HTTP/1.1" status: 200 len: 380 time: 0.1015720
================================================================================
# Seq 355-404 ANOMALY
nova-compute.log.2017-05-14_21:27:09
2017-05-14 19:41:41.541 2931 INFO nova.virt.libvirt.imagecache [req-addc1839-2ed5-4778-b57e-5854eb7b8b09 - - - - -] Removing base or swap file: /var/lib/nova/instances/_base/a489c868f0c37da93b76227c91bb03908ac0e742nova-api.log.2017-05-14_21:27:04
2017-05-14 19:41:50.177 25746 INFO nova.osapi_compute.wsgi.server [req-8f264889-3d83-4a1d-8201-f9b83495f69d 113d3a99c3da401fbd62cc2caa5b96d2 54fadb412c4e40cdbaed9335e4c35a9e - - -] 10.11.10.1 "POST /v2/54fadb412c4e40cdbaed9335e4c35a9e/servers HTTP/1.1" status: 202 len: 733 time: 0.5275931nova-api.log.2017-05-14_21:27:04
2017-05-14 19:41:50.372 25746 INFO nova.osapi_compute.wsgi.server [req-e34420ca-add7-4cc1-9f71-8d3a7178f805 113d3a99c3da401fbd62cc2caa5b96d2 54fadb412c4e40cdbaed9335e4c35a9e - - -] 10.11.10.1 "GET /v2/54fadb412c4e40cdbaed9335e4c35a9e/servers/detail HTTP/1.1" status: 200 len: 1583 time: 0.1915262nova-compute.log.2017-05-14_21:27:09
2017-05-14 19:41:50.471 2931 INFO nova.compute.claims [req-8f264889-3d83-4a1d-8201-f9b83495f69d 113d3a99c3da401fbd62cc2caa5b96d2 54fadb412c4e40cdbaed9335e4c35a9e - - -] [instance: 20ae04a8-169b-43fc-87cc-52cdf2fa77d3] Attempting claim: memory 2048 MB, disk 20 GB, vcpus 1 CPUnova-compute.log.2017-05-14_21:27:09
2017-05-14 19:41:50.472 2931 INFO nova.compute.claims [req-8f264889-3d83-4a1d-8201-f9b83495f69d 113d3a99c3da401fbd62cc2caa5b96d2 54fadb412c4e40cdbaed9335e4c35a9e - - -] [instance: 20ae04a8-169b-43fc-87cc-52cdf2fa77d3] Total memory: 64172 MB, used: 512.00 MBnova-compute.log.2017-05-14_21:27:09
2017-05-14 19:41:50.473 2931 INFO nova.compute.claims [req-8f264889-3d83-4a1d-8201-f9b83495f69d 113d3a99c3da401fbd62cc2caa5b96d2 54fadb412c4e40cdbaed9335e4c35a9e - - -] [instance: 20ae04a8-169b-43fc-87cc-52cdf2fa77d3] memory limit: 96258.00 MB, free: 95746.00 MBnova-compute.log.2017-05-14_21:27:09
2017-05-14 19:41:50.473 2931 INFO nova.compute.claims [req-8f264889-3d83-4a1d-8201-f9b83495f69d 113d3a99c3da401fbd62cc2caa5b96d2 54fadb412c4e40cdbaed9335e4c35a9e - - -] [instance: 20ae04a8-169b-43fc-87cc-52cdf2fa77d3] Total disk: 15 GB, used: 0.00 GBnova-compute.log.2017-05-14_21:27:09
2017-05-14 19:41:50.473 2931 INFO nova.compute.claims [req-8f264889-3d83-4a1d-8201-f9b83495f69d 113d3a99c3da401fbd62cc2caa5b96d2 54fadb412c4e40cdbaed9335e4c35a9e - - -] [instance: 20ae04a8-169b-43fc-87cc-52cdf2fa77d3] disk limit not specified, defaulting to unlimitednova-compute.log.2017-05-14_21:27:09
2017-05-14 19:41:50.474 2931 INFO nova.compute.claims [req-8f264889-3d83-4a1d-8201-f9b83495f69d 113d3a99c3da401fbd62cc2caa5b96d2 54fadb412c4e40cdbaed9335e4c35a9e - - -] [instance: 20ae04a8-169b-43fc-87cc-52cdf2fa77d3] Total vcpu: 16 VCPU, used: 0.00 VCPUnova-compute.log.2017-05-14_21:27:09
2017-05-14 19:41:50.474 2931 INFO nova.compute.claims [req-8f264889-3d83-4a1d-8201-f9b83495f69d 113d3a99c3da401fbd62cc2caa5b96d2 54fadb412c4e40cdbaed9335e4c35a9e - - -] [instance: 20ae04a8-169b-43fc-87cc-52cdf2fa77d3] vcpu limit not specified, defaulting to unlimitednova-compute.log.2017-05-14_21:27:09
2017-05-14 19:41:50.508 2931 INFO nova.compute.claims [req-8f264889-3d83-4a1d-8201-f9b83495f69d 113d3a99c3da401fbd62cc2caa5b96d2 54fadb412c4e40cdbaed9335e4c35a9e - - -] [instance: 20ae04a8-169b-43fc-87cc-52cdf2fa77d3] Claim successfulnova-api.log.2017-05-14_21:27:04
2017-05-14 19:41:50.567 25746 INFO nova.osapi_compute.wsgi.server [req-f7885238-bcd2-4d96-93ef-fef069b55555 113d3a99c3da401fbd62cc2caa5b96d2 54fadb412c4e40cdbaed9335e4c35a9e - - -] 10.11.10.1 "GET /v2/54fadb412c4e40cdbaed9335e4c35a9e/servers/detail HTTP/1.1" status: 200 len: 1575 time: 0.1891470nova-api.log.2017-05-14_21:27:04
2017-05-14 19:41:50.765 25746 INFO nova.osapi_compute.wsgi.server [req-a023b4f5-a1df-434c-ba74-ce193f36b84f 113d3a99c3da401fbd62cc2caa5b96d2 54fadb412c4e40cdbaed9335e4c35a9e - - -] 10.11.10.1 "GET /v2/54fadb412c4e40cdbaed9335e4c35a9e/servers/20ae04a8-169b-43fc-87cc-52cdf2fa77d3 HTTP/1.1" status: 200 len: 1708 time: 0.1952829nova-compute.log.2017-05-14_21:27:09
2017-05-14 19:41:51.085 2931 INFO nova.virt.libvirt.driver [req-8f264889-3d83-4a1d-8201-f9b83495f69d 113d3a99c3da401fbd62cc2caa5b96d2 54fadb412c4e40cdbaed9335e4c35a9e - - -] [instance: 20ae04a8-169b-43fc-87cc-52cdf2fa77d3] Creating imagenova-compute.log.2017-05-14_21:27:09
2017-05-14 19:41:51.158 2931 INFO nova.compute.resource_tracker [req-addc1839-2ed5-4778-b57e-5854eb7b8b09 - - - - -] Auditing locally available compute resources for node cp-1.slowvm1.tcloud-pg0.utah.cloudlab.usnova-api.log.2017-05-14_21:27:04
2017-05-14 19:41:52.148 25746 INFO nova.osapi_compute.wsgi.server [req-83eced71-cf2e-481a-af52-061da240d990 113d3a99c3da401fbd62cc2caa5b96d2 54fadb412c4e40cdbaed9335e4c35a9e - - -] 10.11.10.1 "GET /v2/54fadb412c4e40cdbaed9335e4c35a9e/servers/detail HTTP/1.1" status: 200 len: 1759 time: 0.3774960nova-api.log.2017-05-14_21:27:04
2017-05-14 19:41:52.413 25746 INFO nova.osapi_compute.wsgi.server [req-b42c5259-f293-459d-bd10-72def21ea2d6 113d3a99c3da401fbd62cc2caa5b96d2 54fadb412c4e40cdbaed9335e4c35a9e - - -] 10.11.10.1 "GET /v2/54fadb412c4e40cdbaed9335e4c35a9e/servers/detail HTTP/1.1" status: 200 len: 1759 time: 0.2592340nova-compute.log.2017-05-14_21:27:09
2017-05-14 19:41:52.434 2931 INFO nova.compute.manager [-] [instance: 748f18b4-88e3-4b60-822a-f2b25fac50b2] VM Stopped (Lifecycle Event)nova-compute.log.2017-05-14_21:27:09
2017-05-14 19:41:52.812 2931 INFO nova.compute.resource_tracker [req-addc1839-2ed5-4778-b57e-5854eb7b8b09 - - - - -] Total usable vcpus: 16, total allocated vcpus: 1nova-compute.log.2017-05-14_21:27:09
2017-05-14 19:41:52.813 2931 INFO nova.compute.resource_tracker [req-addc1839-2ed5-4778-b57e-5854eb7b8b09 - - - - -] Final resource view: name=cp-1.slowvm1.tcloud-pg0.utah.cloudlab.us phys_ram=64172MB used_ram=2560MB phys_disk=15GB used_disk=20GB total_vcpus=16 used_vcpus=1 pci_stats=[]nova-compute.log.2017-05-14_21:27:09
2017-05-14 19:41:52.879 2931 INFO nova.compute.resource_tracker [req-addc1839-2ed5-4778-b57e-5854eb7b8b09 - - - - -] Compute_service record updated for cp-1.slowvm1.tcloud-pg0.utah.cloudlab.us:cp-1.slowvm1.tcloud-pg0.utah.cloudlab.usnova-api.log.2017-05-14_21:27:04
2017-05-14 19:41:53.682 25746 INFO nova.osapi_compute.wsgi.server [req-07050bf0-1776-4733-ab37-cd073d9f6dd3 113d3a99c3da401fbd62cc2caa5b96d2 54fadb412c4e40cdbaed9335e4c35a9e - - -] 10.11.10.1 "GET /v2/54fadb412c4e40cdbaed9335e4c35a9e/servers/detail HTTP/1.1" status: 200 len: 1893 time: 0.2633202nova-api.log.2017-05-14_21:27:04
2017-05-14 19:41:53.946 25746 INFO nova.osapi_compute.wsgi.server [req-3355ee36-5bc1-44de-ac58-bea5b14bad3c 113d3a99c3da401fbd62cc2caa5b96d2 54fadb412c4e40cdbaed9335e4c35a9e - - -] 10.11.10.1 "GET /v2/54fadb412c4e40cdbaed9335e4c35a9e/servers/detail HTTP/1.1" status: 200 len: 1893 time: 0.2616019nova-api.log.2017-05-14_21:27:04
2017-05-14 19:41:55.222 25746 INFO nova.osapi_compute.wsgi.server [req-d5534273-7a4e-42e9-abe3-2fe3e50c7287 113d3a99c3da401fbd62cc2caa5b96d2 54fadb412c4e40cdbaed9335e4c35a9e - - -] 10.11.10.1 "GET /v2/54fadb412c4e40cdbaed9335e4c35a9e/servers/detail HTTP/1.1" status: 200 len: 1893 time: 0.2713549nova-api.log.2017-05-14_21:27:04
2017-05-14 19:41:55.488 25746 INFO nova.osapi_compute.wsgi.server [req-5320cf31-9caa-4f5d-9278-d6fc6092ecd1 113d3a99c3da401fbd62cc2caa5b96d2 54fadb412c4e40cdbaed9335e4c35a9e - - -] 10.11.10.1 "GET /v2/54fadb412c4e40cdbaed9335e4c35a9e/servers/detail HTTP/1.1" status: 200 len: 1893 time: 0.2631652nova-api.log.2017-05-14_21:27:04
2017-05-14 19:41:56.771 25746 INFO nova.osapi_compute.wsgi.server [req-61991f68-a921-4ee0-9573-40e6c6d83258 113d3a99c3da401fbd62cc2caa5b96d2 54fadb412c4e40cdbaed9335e4c35a9e - - -] 10.11.10.1 "GET /v2/54fadb412c4e40cdbaed9335e4c35a9e/servers/detail HTTP/1.1" status: 200 len: 1893 time: 0.2774520nova-api.log.2017-05-14_21:27:04
2017-05-14 19:41:57.041 25746 INFO nova.osapi_compute.wsgi.server [req-dc887e67-822e-4c8e-a867-6283dde94b90 113d3a99c3da401fbd62cc2caa5b96d2 54fadb412c4e40cdbaed9335e4c35a9e - - -] 10.11.10.1 "GET /v2/54fadb412c4e40cdbaed9335e4c35a9e/servers/detail HTTP/1.1" status: 200 len: 1893 time: 0.2647920nova-api.log.2017-05-14_21:27:04
2017-05-14 19:41:58.316 25746 INFO nova.osapi_compute.wsgi.server [req-804cd0a8-a2bb-4da2-8579-b4b1336b10b2 113d3a99c3da401fbd62cc2caa5b96d2 54fadb412c4e40cdbaed9335e4c35a9e - - -] 10.11.10.1 "GET /v2/54fadb412c4e40cdbaed9335e4c35a9e/servers/detail HTTP/1.1" status: 200 len: 1893 time: 0.2688999nova-api.log.2017-05-14_21:27:04
2017-05-14 19:41:58.581 25746 INFO nova.osapi_compute.wsgi.server [req-9ae9c06c-8bea-4826-afbf-49a09cfa60fd 113d3a99c3da401fbd62cc2caa5b96d2 54fadb412c4e40cdbaed9335e4c35a9e - - -] 10.11.10.1 "GET /v2/54fadb412c4e40cdbaed9335e4c35a9e/servers/detail HTTP/1.1" status: 200 len: 1893 time: 0.2600820nova-api.log.2017-05-14_21:27:04
2017-05-14 19:41:59.844 25746 INFO nova.osapi_compute.wsgi.server [req-f3f78716-1836-4bff-8053-13183c60fe00 113d3a99c3da401fbd62cc2caa5b96d2 54fadb412c4e40cdbaed9335e4c35a9e - - -] 10.11.10.1 "GET /v2/54fadb412c4e40cdbaed9335e4c35a9e/servers/detail HTTP/1.1" status: 200 len: 1893 time: 0.2580070nova-api.log.2017-05-14_21:27:04
2017-05-14 19:42:00.093 25746 INFO nova.osapi_compute.wsgi.server [req-a864a5a4-0b40-4169-8a75-e714db6c9ddf 113d3a99c3da401fbd62cc2caa5b96d2 54fadb412c4e40cdbaed9335e4c35a9e - - -] 10.11.10.1 "GET /v2/54fadb412c4e40cdbaed9335e4c35a9e/servers/detail HTTP/1.1" status: 200 len: 1893 time: 0.2445941nova-api.log.2017-05-14_21:27:04
2017-05-14 19:42:01.365 25746 INFO nova.osapi_compute.wsgi.server [req-ef460866-a062-49b1-a385-eee1866ab9a8 113d3a99c3da401fbd62cc2caa5b96d2 54fadb412c4e40cdbaed9335e4c35a9e - - -] 10.11.10.1 "GET /v2/54fadb412c4e40cdbaed9335e4c35a9e/servers/detail HTTP/1.1" status: 200 len: 1893 time: 0.2666390nova-api.log.2017-05-14_21:27:04
2017-05-14 19:42:01.646 25746 INFO nova.osapi_compute.wsgi.server [req-2282246c-aec4-48ed-8166-28a097a3c339 113d3a99c3da401fbd62cc2caa5b96d2 54fadb412c4e40cdbaed9335e4c35a9e - - -] 10.11.10.1 "GET /v2/54fadb412c4e40cdbaed9335e4c35a9e/servers/detail HTTP/1.1" status: 200 len: 1893 time: 0.2754579nova-api.log.2017-05-14_21:27:04
2017-05-14 19:42:02.941 25746 INFO nova.osapi_compute.wsgi.server [req-1e9a1337-4bb5-4714-b6e6-e51a1e4c1674 113d3a99c3da401fbd62cc2caa5b96d2 54fadb412c4e40cdbaed9335e4c35a9e - - -] 10.11.10.1 "GET /v2/54fadb412c4e40cdbaed9335e4c35a9e/servers/detail HTTP/1.1" status: 200 len: 1893 time: 0.2885828nova-api.log.2017-05-14_21:27:04
2017-05-14 19:42:03.217 25746 INFO nova.osapi_compute.wsgi.server [req-c96737b8-1906-4bda-b44d-e9333d0c54ce 113d3a99c3da401fbd62cc2caa5b96d2 54fadb412c4e40cdbaed9335e4c35a9e - - -] 10.11.10.1 "GET /v2/54fadb412c4e40cdbaed9335e4c35a9e/servers/detail HTTP/1.1" status: 200 len: 1893 time: 0.2713850nova-compute.log.2017-05-14_21:27:09
2017-05-14 19:42:04.363 2931 INFO nova.compute.manager [req-3ea4052c-895d-4b64-9e2d-04d64c4d94ab - - - - -] [instance: 20ae04a8-169b-43fc-87cc-52cdf2fa77d3] VM Started (Lifecycle Event)nova-compute.log.2017-05-14_21:27:09
2017-05-14 19:42:04.429 2931 INFO nova.compute.manager [req-3ea4052c-895d-4b64-9e2d-04d64c4d94ab - - - - -] [instance: 20ae04a8-169b-43fc-87cc-52cdf2fa77d3] VM Paused (Lifecycle Event)nova-api.log.2017-05-14_21:27:04
2017-05-14 19:42:04.485 25746 INFO nova.osapi_compute.wsgi.server [req-4b039a77-3855-4f75-ac49-9251cf09be92 113d3a99c3da401fbd62cc2caa5b96d2 54fadb412c4e40cdbaed9335e4c35a9e - - -] 10.11.10.1 "GET /v2/54fadb412c4e40cdbaed9335e4c35a9e/servers/detail HTTP/1.1" status: 200 len: 1893 time: 0.2629569nova-compute.log.2017-05-14_21:27:09
2017-05-14 19:42:04.560 2931 INFO nova.compute.manager [req-3ea4052c-895d-4b64-9e2d-04d64c4d94ab - - - - -] [instance: 20ae04a8-169b-43fc-87cc-52cdf2fa77d3] During sync_power_state the instance has a pending task (spawning). Skip.nova-api.log.2017-05-14_21:27:04
2017-05-14 19:42:04.758 25746 INFO nova.osapi_compute.wsgi.server [req-091886df-1f9c-4a60-b051-f7f5c0429394 113d3a99c3da401fbd62cc2caa5b96d2 54fadb412c4e40cdbaed9335e4c35a9e - - -] 10.11.10.1 "GET /v2/54fadb412c4e40cdbaed9335e4c35a9e/servers/detail HTTP/1.1" status: 200 len: 1893 time: 0.2678540nova-compute.log.2017-05-14_21:27:09
2017-05-14 19:42:05.239 2931 INFO nova.virt.libvirt.imagecache [req-addc1839-2ed5-4778-b57e-5854eb7b8b09 - - - - -] image 0673dd71-34c5-4fbb-86c4-40623fbe45b4 at (/var/lib/nova/instances/_base/a489c868f0c37da93b76227c91bb03908ac0e742): checkingnova-compute.log.2017-05-14_21:27:09
2017-05-14 19:42:05.240 2931 INFO nova.virt.libvirt.imagecache [req-addc1839-2ed5-4778-b57e-5854eb7b8b09 - - - - -] image 0673dd71-34c5-4fbb-86c4-40623fbe45b4 at (/var/lib/nova/instances/_base/a489c868f0c37da93b76227c91bb03908ac0e742): in use: on this node 1 local, 0 on other nodes sharing this instance storagenova-compute.log.2017-05-14_21:27:09
2017-05-14 19:42:05.418 2931 INFO nova.virt.libvirt.imagecache [req-addc1839-2ed5-4778-b57e-5854eb7b8b09 - - - - -] Active base files: /var/lib/nova/instances/_base/a489c868f0c37da93b76227c91bb03908ac0e742nova-api.log.2017-05-14_21:27:04
2017-05-14 19:42:06.051 25746 INFO nova.osapi_compute.wsgi.server [req-0d8242f5-1091-489d-8c34-c4929755bda4 113d3a99c3da401fbd62cc2caa5b96d2 54fadb412c4e40cdbaed9335e4c35a9e - - -] 10.11.10.1 "GET /v2/54fadb412c4e40cdbaed9335e4c35a9e/servers/detail HTTP/1.1" status: 200 len: 1893 time: 0.2863560nova-api.log.2017-05-14_21:27:04
2017-05-14 19:42:06.379 25746 INFO nova.osapi_compute.wsgi.server [req-39c61d10-3c74-4364-a1d4-aac64588c207 113d3a99c3da401fbd62cc2caa5b96d2 54fadb412c4e40cdbaed9335e4c35a9e - - -] 10.11.10.1 "GET /v2/54fadb412c4e40cdbaed9335e4c35a9e/servers/detail HTTP/1.1" status: 200 len: 1893 time: 0.3247759nova-api.log.2017-05-14_21:27:04
2017-05-14 19:42:07.660 25746 INFO nova.osapi_compute.wsgi.server [req-b23a07dc-2c20-44a0-8977-df81454012c8 113d3a99c3da401fbd62cc2caa5b96d2 54fadb412c4e40cdbaed9335e4c35a9e - - -] 10.11.10.1 "GET /v2/54fadb412c4e40cdbaed9335e4c35a9e/servers/detail HTTP/1.1" status: 200 len: 1893 time: 0.2747002nova-api.log.2017-05-14_21:27:04
2017-05-14 19:42:07.929 25746 INFO nova.osapi_compute.wsgi.server [req-6c145575-9865-4015-849b-3ada3338b1c9 113d3a99c3da401fbd62cc2caa5b96d2 54fadb412c4e40cdbaed9335e4c35a9e - - -] 10.11.10.1 "GET /v2/54fadb412c4e40cdbaed9335e4c35a9e/servers/detail HTTP/1.1" status: 200 len: 1893 time: 0.2645168nova-api.log.2017-05-14_21:27:04
2017-05-14 19:42:09.205 25746 INFO nova.osapi_compute.wsgi.server [req-af6ade6b-bfbb-4200-b1d1-0d5afcd5a31b 113d3a99c3da401fbd62cc2caa5b96d2 54fadb412c4e40cdbaed9335e4c35a9e - - -] 10.11.10.1 "GET /v2/54fadb412c4e40cdbaed9335e4c35a9e/servers/detail HTTP/1.1" status: 200 len: 1893 time: 0.2710400nova-api.log.2017-05-14_21:27:04
2017-05-14 19:42:09.485 25746 INFO nova.osapi_compute.wsgi.server [req-edff08ca-8cc9-4134-864b-91c4a8f79fcd 113d3a99c3da401fbd62cc2caa5b96d2 54fadb412c4e40cdbaed9335e4c35a9e - - -] 10.11.10.1 "GET /v2/54fadb412c4e40cdbaed9335e4c35a9e/servers/detail HTTP/1.1" status: 200 len: 1893 time: 0.2763629nova-api.log.2017-05-14_21:27:04
2017-05-14 19:42:10.168 25743 INFO nova.api.openstack.compute.server_external_events [req-445d4b16-664f-4aef-9f77-cd500b68ce36 f7b8d1f1d4d44643b07fa10ca7d021fb e9746973ac574c6b8a9e8857f56a7608 - - -] Creating event network-vif-plugged:287115a3-2867-4bd1-af57-8bf27a3f7c98 for instance 20ae04a8-169b-43fc-87cc-52cdf2fa77d3
================================================================================
# Seq 530-579 ANOMALY
nova-api.log.2017-05-14_21:27:04
2017-05-14 19:43:00.968 25746 INFO nova.osapi_compute.wsgi.server [req-68fbd7dd-1dcb-4d8c-a1fa-ad5f168588c3 113d3a99c3da401fbd62cc2caa5b96d2 54fadb412c4e40cdbaed9335e4c35a9e - - -] 10.11.10.1 "GET /v2/54fadb412c4e40cdbaed9335e4c35a9e/servers/detail HTTP/1.1" status: 200 len: 1874 time: 0.2143178nova-compute.log.2017-05-14_21:27:09
2017-05-14 19:43:01.019 2931 INFO nova.compute.manager [req-370825a8-de13-4176-b586-d2a09b6c394f 113d3a99c3da401fbd62cc2caa5b96d2 54fadb412c4e40cdbaed9335e4c35a9e - - -] [instance: e15ce82b-f229-4c22-9fc3-8d30dd349cf6] Took 0.46 seconds to deallocate network for instance.nova-api.log.2017-05-14_21:27:04
2017-05-14 19:43:02.072 25746 INFO nova.osapi_compute.wsgi.server [req-50cb61fe-f431-436b-adc1-713d1d3fe4d3 113d3a99c3da401fbd62cc2caa5b96d2 54fadb412c4e40cdbaed9335e4c35a9e - - -] 10.11.10.1 "GET /v2/54fadb412c4e40cdbaed9335e4c35a9e/servers/detail HTTP/1.1" status: 200 len: 211 time: 0.0981789nova-api.log.2017-05-14_21:27:04
2017-05-14 19:43:03.056 25746 INFO nova.api.openstack.wsgi [req-68f567ed-f523-4963-8623-37dae53b041d f7b8d1f1d4d44643b07fa10ca7d021fb e9746973ac574c6b8a9e8857f56a7608 - - -] HTTP exception thrown: No instances found for any eventnova-api.log.2017-05-14_21:27:04
2017-05-14 19:43:03.058 25746 INFO nova.osapi_compute.wsgi.server [req-68f567ed-f523-4963-8623-37dae53b041d f7b8d1f1d4d44643b07fa10ca7d021fb e9746973ac574c6b8a9e8857f56a7608 - - -] 10.11.10.1 "POST /v2/e9746973ac574c6b8a9e8857f56a7608/os-server-external-events HTTP/1.1" status: 404 len: 296 time: 0.0920169nova-compute.log.2017-05-14_21:27:09
2017-05-14 19:43:05.550 2931 WARNING nova.virt.libvirt.imagecache [req-addc1839-2ed5-4778-b57e-5854eb7b8b09 - - - - -] Unknown base file: /var/lib/nova/instances/_base/a489c868f0c37da93b76227c91bb03908ac0e742nova-compute.log.2017-05-14_21:27:09
2017-05-14 19:43:05.551 2931 INFO nova.virt.libvirt.imagecache [req-addc1839-2ed5-4778-b57e-5854eb7b8b09 - - - - -] Removable base files: /var/lib/nova/instances/_base/a489c868f0c37da93b76227c91bb03908ac0e742nova-compute.log.2017-05-14_21:27:09
2017-05-14 19:43:05.552 2931 INFO nova.virt.libvirt.imagecache [req-addc1839-2ed5-4778-b57e-5854eb7b8b09 - - - - -] Removing base or swap file: /var/lib/nova/instances/_base/a489c868f0c37da93b76227c91bb03908ac0e742nova-api.log.2017-05-14_21:27:04
2017-05-14 19:43:12.622 25746 INFO nova.osapi_compute.wsgi.server [req-fa26d365-e31a-44fe-b280-01051e9032df 113d3a99c3da401fbd62cc2caa5b96d2 54fadb412c4e40cdbaed9335e4c35a9e - - -] 10.11.10.1 "POST /v2/54fadb412c4e40cdbaed9335e4c35a9e/servers HTTP/1.1" status: 202 len: 733 time: 0.5360930nova-api.log.2017-05-14_21:27:04
2017-05-14 19:43:12.811 25746 INFO nova.osapi_compute.wsgi.server [req-ad7c4f0f-eae7-4220-a6d3-90ae54773301 113d3a99c3da401fbd62cc2caa5b96d2 54fadb412c4e40cdbaed9335e4c35a9e - - -] 10.11.10.1 "GET /v2/54fadb412c4e40cdbaed9335e4c35a9e/servers/detail HTTP/1.1" status: 200 len: 1583 time: 0.1842570nova-compute.log.2017-05-14_21:27:09
2017-05-14 19:43:12.916 2931 INFO nova.compute.claims [req-fa26d365-e31a-44fe-b280-01051e9032df 113d3a99c3da401fbd62cc2caa5b96d2 54fadb412c4e40cdbaed9335e4c35a9e - - -] [instance: 3475e6b6-0bc7-4218-84e2-e17ba43e6e0d] Attempting claim: memory 2048 MB, disk 20 GB, vcpus 1 CPUnova-compute.log.2017-05-14_21:27:09
