2017-05-14 19:58:28.976 25746 INFO nova.osapi_compute.wsgi.server [req-88454645-f39c-4e98-a9e3-acda409d9e0a 113d3a99c3da401fbd62cc2caa5b96d2 54fadb412c4e40cdbaed9335e4c35a9e - - -] 10.11.10.1 "GET /v2/54fadb412c4e40cdbaed9335e4c35a9e/servers/detail HTTP/1.1" status: 200 len: 1893 time: 0.2536521nova-api.log.2017-05-14_21:27:04
2017-05-14 19:58:29.248 25746 INFO nova.osapi_compute.wsgi.server [req-1125d830-8cb2-4af7-8b5c-4730d9e23a04 113d3a99c3da401fbd62cc2caa5b96d2 54fadb412c4e40cdbaed9335e4c35a9e - - -] 10.11.10.1 "GET /v2/54fadb412c4e40cdbaed9335e4c35a9e/servers/detail HTTP/1.1" status: 200 len: 1893 time: 0.2666540nova-api.log.2017-05-14_21:27:04
2017-05-14 19:58:30.511 25746 INFO nova.osapi_compute.wsgi.server [req-149cd937-975a-4050-bd3a-09cd61a6b77e 113d3a99c3da401fbd62cc2caa5b96d2 54fadb412c4e40cdbaed9335e4c35a9e - - -] 10.11.10.1 "GET /v2/54fadb412c4e40cdbaed9335e4c35a9e/servers/detail HTTP/1.1" status: 200 len: 1893 time: 0.2574451nova-api.log.2017-05-14_21:27:04
2017-05-14 19:58:30.783 25746 INFO nova.osapi_compute.wsgi.server [req-bc932aa3-448d-4e48-ae75-53242dc875dc 113d3a99c3da401fbd62cc2caa5b96d2 54fadb412c4e40cdbaed9335e4c35a9e - - -] 10.11.10.1 "GET /v2/54fadb412c4e40cdbaed9335e4c35a9e/servers/detail HTTP/1.1" status: 200 len: 1893 time: 0.2685969nova-api.log.2017-05-14_21:27:04
2017-05-14 19:58:32.044 25746 INFO nova.osapi_compute.wsgi.server [req-8d97ebd4-7b7d-4a0d-82c4-303c8b30b0ae 113d3a99c3da401fbd62cc2caa5b96d2 54fadb412c4e40cdbaed9335e4c35a9e - - -] 10.11.10.1 "GET /v2/54fadb412c4e40cdbaed9335e4c35a9e/servers/detail HTTP/1.1" status: 200 len: 1893 time: 0.2552171nova-api.log.2017-05-14_21:27:04
2017-05-14 19:58:32.299 25746 INFO nova.osapi_compute.wsgi.server [req-fd5407aa-9af8-4924-8bd1-e956eee6588a 113d3a99c3da401fbd62cc2caa5b96d2 54fadb412c4e40cdbaed9335e4c35a9e - - -] 10.11.10.1 "GET /v2/54fadb412c4e40cdbaed9335e4c35a9e/servers/detail HTTP/1.1" status: 200 len: 1893 time: 0.2512581nova-api.log.2017-05-14_21:27:04
2017-05-14 19:58:33.739 25746 INFO nova.osapi_compute.wsgi.server [req-0e5edc56-3e6b-426e-8cd3-0de0828c3141 113d3a99c3da401fbd62cc2caa5b96d2 54fadb412c4e40cdbaed9335e4c35a9e - - -] 10.11.10.1 "GET /v2/54fadb412c4e40cdbaed9335e4c35a9e/servers/detail HTTP/1.1" status: 200 len: 1893 time: 0.4354169nova-api.log.2017-05-14_21:27:04
2017-05-14 19:58:34.006 25746 INFO nova.osapi_compute.wsgi.server [req-2461183c-194e-417c-98e4-aade143bafe5 113d3a99c3da401fbd62cc2caa5b96d2 54fadb412c4e40cdbaed9335e4c35a9e - - -] 10.11.10.1 "GET /v2/54fadb412c4e40cdbaed9335e4c35a9e/servers/detail HTTP/1.1" status: 200 len: 1893 time: 0.2640119nova-api.log.2017-05-14_21:27:04
2017-05-14 19:58:35.297 25746 INFO nova.osapi_compute.wsgi.server [req-ee83c2ea-49f3-4907-a457-deea81151fb6 113d3a99c3da401fbd62cc2caa5b96d2 54fadb412c4e40cdbaed9335e4c35a9e - - -] 10.11.10.1 "GET /v2/54fadb412c4e40cdbaed9335e4c35a9e/servers/detail HTTP/1.1" status: 200 len: 1893 time: 0.2863719nova-api.log.2017-05-14_21:27:04
2017-05-14 19:58:35.575 25746 INFO nova.osapi_compute.wsgi.server [req-dbc6c8a3-dd7b-42f8-ac85-618b54755b6a 113d3a99c3da401fbd62cc2caa5b96d2 54fadb412c4e40cdbaed9335e4c35a9e - - -] 10.11.10.1 "GET /v2/54fadb412c4e40cdbaed9335e4c35a9e/servers/detail HTTP/1.1" status: 200 len: 1893 time: 0.2745109nova-api.log.2017-05-14_21:27:04
2017-05-14 19:58:36.841 25746 INFO nova.osapi_compute.wsgi.server [req-2c16dde3-8b13-4672-a350-8f717e71f3d4 113d3a99c3da401fbd62cc2caa5b96d2 54fadb412c4e40cdbaed9335e4c35a9e - - -] 10.11.10.1 "GET /v2/54fadb412c4e40cdbaed9335e4c35a9e/servers/detail HTTP/1.1" status: 200 len: 1893 time: 0.2602270nova-api.log.2017-05-14_21:27:04
2017-05-14 19:58:37.102 25746 INFO nova.osapi_compute.wsgi.server [req-dd1a48ad-a598-4d6d-8cb3-fb67367ab36e 113d3a99c3da401fbd62cc2caa5b96d2 54fadb412c4e40cdbaed9335e4c35a9e - - -] 10.11.10.1 "GET /v2/54fadb412c4e40cdbaed9335e4c35a9e/servers/detail HTTP/1.1" status: 200 len: 1893 time: 0.2577410nova-api.log.2017-05-14_21:27:04
2017-05-14 19:58:38.370 25746 INFO nova.osapi_compute.wsgi.server [req-800c5a87-234d-4e38-9847-ffdea2809d17 113d3a99c3da401fbd62cc2caa5b96d2 54fadb412c4e40cdbaed9335e4c35a9e - - -] 10.11.10.1 "GET /v2/54fadb412c4e40cdbaed9335e4c35a9e/servers/detail HTTP/1.1" status: 200 len: 1893 time: 0.2626259nova-api.log.2017-05-14_21:27:04
2017-05-14 19:58:38.632 25746 INFO nova.osapi_compute.wsgi.server [req-8a0a217f-d13e-4727-a12b-6ccccd655b7b 113d3a99c3da401fbd62cc2caa5b96d2 54fadb412c4e40cdbaed9335e4c35a9e - - -] 10.11.10.1 "GET /v2/54fadb412c4e40cdbaed9335e4c35a9e/servers/detail HTTP/1.1" status: 200 len: 1893 time: 0.2573040nova-compute.log.2017-05-14_21:27:09
2017-05-14 19:58:39.489 2931 INFO nova.compute.manager [req-3ea4052c-895d-4b64-9e2d-04d64c4d94ab - - - - -] [instance: 2d33540d-2191-4695-9d6a-aa745ef9a1a9] VM Started (Lifecycle Event)nova-compute.log.2017-05-14_21:27:09
2017-05-14 19:58:39.552 2931 INFO nova.compute.manager [req-3ea4052c-895d-4b64-9e2d-04d64c4d94ab - - - - -] [instance: 2d33540d-2191-4695-9d6a-aa745ef9a1a9] VM Paused (Lifecycle Event)nova-compute.log.2017-05-14_21:27:09
2017-05-14 19:58:39.677 2931 INFO nova.compute.manager [req-3ea4052c-895d-4b64-9e2d-04d64c4d94ab - - - - -] [instance: 2d33540d-2191-4695-9d6a-aa745ef9a1a9] During sync_power_state the instance has a pending task (spawning). Skip.nova-api.log.2017-05-14_21:27:04
2017-05-14 19:58:39.896 25746 INFO nova.osapi_compute.wsgi.server [req-52fdc001-8373-4c65-907b-c381fdf617c3 113d3a99c3da401fbd62cc2caa5b96d2 54fadb412c4e40cdbaed9335e4c35a9e - - -] 10.11.10.1 "GET /v2/54fadb412c4e40cdbaed9335e4c35a9e/servers/detail HTTP/1.1" status: 200 len: 1893 time: 0.2576640nova-api.log.2017-05-14_21:27:04
2017-05-14 19:58:40.284 25746 INFO nova.osapi_compute.wsgi.server [req-8c8a1b6f-e2a1-48d1-9b18-db0fc88bb40c 113d3a99c3da401fbd62cc2caa5b96d2 54fadb412c4e40cdbaed9335e4c35a9e - - -] 10.11.10.1 "GET /v2/54fadb412c4e40cdbaed9335e4c35a9e/servers/detail HTTP/1.1" status: 200 len: 1893 time: 0.3831849nova-compute.log.2017-05-14_21:27:09
2017-05-14 19:58:40.358 2931 INFO nova.virt.libvirt.imagecache [req-addc1839-2ed5-4778-b57e-5854eb7b8b09 - - - - -] image 0673dd71-34c5-4fbb-86c4-40623fbe45b4 at (/var/lib/nova/instances/_base/a489c868f0c37da93b76227c91bb03908ac0e742): checkingnova-compute.log.2017-05-14_21:27:09
2017-05-14 19:58:40.359 2931 INFO nova.virt.libvirt.imagecache [req-addc1839-2ed5-4778-b57e-5854eb7b8b09 - - - - -] image 0673dd71-34c5-4fbb-86c4-40623fbe45b4 at (/var/lib/nova/instances/_base/a489c868f0c37da93b76227c91bb03908ac0e742): in use: on this node 1 local, 0 on other nodes sharing this instance storagenova-compute.log.2017-05-14_21:27:09
2017-05-14 19:58:40.543 2931 INFO nova.virt.libvirt.imagecache [req-addc1839-2ed5-4778-b57e-5854eb7b8b09 - - - - -] Active base files: /var/lib/nova/instances/_base/a489c868f0c37da93b76227c91bb03908ac0e742nova-api.log.2017-05-14_21:27:04
2017-05-14 19:58:41.563 25746 INFO nova.osapi_compute.wsgi.server [req-1970b24a-257b-46cc-abdb-c26b490000b2 113d3a99c3da401fbd62cc2caa5b96d2 54fadb412c4e40cdbaed9335e4c35a9e - - -] 10.11.10.1 "GET /v2/54fadb412c4e40cdbaed9335e4c35a9e/servers/detail HTTP/1.1" status: 200 len: 1893 time: 0.2737329nova-api.log.2017-05-14_21:27:04
2017-05-14 19:58:41.842 25746 INFO nova.osapi_compute.wsgi.server [req-79b0ae31-b2c8-4c73-89fd-ddb97f365313 113d3a99c3da401fbd62cc2caa5b96d2 54fadb412c4e40cdbaed9335e4c35a9e - - -] 10.11.10.1 "GET /v2/54fadb412c4e40cdbaed9335e4c35a9e/servers/detail HTTP/1.1" status: 200 len: 1893 time: 0.2728212nova-api.log.2017-05-14_21:27:04
2017-05-14 19:58:43.097 25746 INFO nova.osapi_compute.wsgi.server [req-71578a46-678c-4b82-b6db-9b6d55f5daf5 113d3a99c3da401fbd62cc2caa5b96d2 54fadb412c4e40cdbaed9335e4c35a9e - - -] 10.11.10.1 "GET /v2/54fadb412c4e40cdbaed9335e4c35a9e/servers/detail HTTP/1.1" status: 200 len: 1893 time: 0.2497010nova-api.log.2017-05-14_21:27:04
2017-05-14 19:58:43.367 25746 INFO nova.osapi_compute.wsgi.server [req-4159a1b6-e0a1-4aeb-bb47-65ef8f94deec 113d3a99c3da401fbd62cc2caa5b96d2 54fadb412c4e40cdbaed9335e4c35a9e - - -] 10.11.10.1 "GET /v2/54fadb412c4e40cdbaed9335e4c35a9e/servers/detail HTTP/1.1" status: 200 len: 1893 time: 0.2645421nova-api.log.2017-05-14_21:27:04
2017-05-14 19:58:44.647 25746 INFO nova.osapi_compute.wsgi.server [req-17b12ebe-dffc-4c44-9688-e855d5fbc91b 113d3a99c3da401fbd62cc2caa5b96d2 54fadb412c4e40cdbaed9335e4c35a9e - - -] 10.11.10.1 "GET /v2/54fadb412c4e40cdbaed9335e4c35a9e/servers/detail HTTP/1.1" status: 200 len: 1893 time: 0.2737949nova-api.log.2017-05-14_21:27:04
2017-05-14 19:58:44.917 25746 INFO nova.osapi_compute.wsgi.server [req-9322a120-6102-495f-a913-c8248ea61d81 113d3a99c3da401fbd62cc2caa5b96d2 54fadb412c4e40cdbaed9335e4c35a9e - - -] 10.11.10.1 "GET /v2/54fadb412c4e40cdbaed9335e4c35a9e/servers/detail HTTP/1.1" status: 200 len: 1893 time: 0.2660069nova-compute.log.2017-05-14_21:27:09
2017-05-14 19:58:45.597 2931 INFO nova.virt.libvirt.imagecache [req-addc1839-2ed5-4778-b57e-5854eb7b8b09 - - - - -] image 0673dd71-34c5-4fbb-86c4-40623fbe45b4 at (/var/lib/nova/instances/_base/a489c868f0c37da93b76227c91bb03908ac0e742): checkingnova-compute.log.2017-05-14_21:27:09
2017-05-14 19:58:45.598 2931 INFO nova.virt.libvirt.imagecache [req-addc1839-2ed5-4778-b57e-5854eb7b8b09 - - - - -] image 0673dd71-34c5-4fbb-86c4-40623fbe45b4 at (/var/lib/nova/instances/_base/a489c868f0c37da93b76227c91bb03908ac0e742): in use: on this node 1 local, 0 on other nodes sharing this instance storagenova-compute.log.2017-05-14_21:27:09
2017-05-14 19:58:45.771 2931 INFO nova.virt.libvirt.imagecache [req-addc1839-2ed5-4778-b57e-5854eb7b8b09 - - - - -] Active base files: /var/lib/nova/instances/_base/a489c868f0c37da93b76227c91bb03908ac0e742nova-api.log.2017-05-14_21:27:04
2017-05-14 19:58:46.189 25746 INFO nova.osapi_compute.wsgi.server [req-0f7fb0df-1c28-475f-b98d-13a51377e65d 113d3a99c3da401fbd62cc2caa5b96d2 54fadb412c4e40cdbaed9335e4c35a9e - - -] 10.11.10.1 "GET /v2/54fadb412c4e40cdbaed9335e4c35a9e/servers/detail HTTP/1.1" status: 200 len: 1893 time: 0.2670650nova-api.log.2017-05-14_21:27:04
2017-05-14 19:58:46.464 25746 INFO nova.osapi_compute.wsgi.server [req-40f6a027-ee05-4ebd-b9d1-8b2b67d461e8 113d3a99c3da401fbd62cc2caa5b96d2 54fadb412c4e40cdbaed9335e4c35a9e - - -] 10.11.10.1 "GET /v2/54fadb412c4e40cdbaed9335e4c35a9e/servers/detail HTTP/1.1" status: 200 len: 1893 time: 0.2693431nova-api.log.2017-05-14_21:27:04
2017-05-14 19:58:46.651 25743 INFO nova.api.openstack.compute.server_external_events [req-df647908-4c0a-47e1-b565-ec2838bfd2e1 f7b8d1f1d4d44643b07fa10ca7d021fb e9746973ac574c6b8a9e8857f56a7608 - - -] Creating event network-vif-plugged:7e5a2f0a-f731-45a2-aba4-df579f4d09ee for instance 2d33540d-2191-4695-9d6a-aa745ef9a1a9nova-api.log.2017-05-14_21:27:04
2017-05-14 19:58:46.658 25743 INFO nova.osapi_compute.wsgi.server [req-df647908-4c0a-47e1-b565-ec2838bfd2e1 f7b8d1f1d4d44643b07fa10ca7d021fb e9746973ac574c6b8a9e8857f56a7608 - - -] 10.11.10.1 "POST /v2/e9746973ac574c6b8a9e8857f56a7608/os-server-external-events HTTP/1.1" status: 200 len: 380 time: 0.0935471
================================================================================
# Seq 2770-2819 ANOMALY
nova-api.log.2017-05-14_21:27:04
2017-05-14 19:59:49.485 25746 INFO nova.osapi_compute.wsgi.server [req-94197cce-9e63-470b-ad0b-683f0bdcabb5 113d3a99c3da401fbd62cc2caa5b96d2 54fadb412c4e40cdbaed9335e4c35a9e - - -] 10.11.10.1 "GET /v2/54fadb412c4e40cdbaed9335e4c35a9e/servers/detail HTTP/1.1" status: 200 len: 1583 time: 0.1983619nova-compute.log.2017-05-14_21:27:09
2017-05-14 19:59:49.572 2931 INFO nova.compute.claims [req-527e6c71-0508-46e9-a089-a0de67fe8d91 113d3a99c3da401fbd62cc2caa5b96d2 54fadb412c4e40cdbaed9335e4c35a9e - - -] [instance: df20656c-8ea7-4f5c-949d-23e71f5f06bd] Attempting claim: memory 2048 MB, disk 20 GB, vcpus 1 CPUnova-compute.log.2017-05-14_21:27:09
2017-05-14 19:59:49.573 2931 INFO nova.compute.claims [req-527e6c71-0508-46e9-a089-a0de67fe8d91 113d3a99c3da401fbd62cc2caa5b96d2 54fadb412c4e40cdbaed9335e4c35a9e - - -] [instance: df20656c-8ea7-4f5c-949d-23e71f5f06bd] Total memory: 64172 MB, used: 512.00 MBnova-compute.log.2017-05-14_21:27:09
2017-05-14 19:59:49.573 2931 INFO nova.compute.claims [req-527e6c71-0508-46e9-a089-a0de67fe8d91 113d3a99c3da401fbd62cc2caa5b96d2 54fadb412c4e40cdbaed9335e4c35a9e - - -] [instance: df20656c-8ea7-4f5c-949d-23e71f5f06bd] memory limit: 96258.00 MB, free: 95746.00 MBnova-compute.log.2017-05-14_21:27:09
2017-05-14 19:59:49.574 2931 INFO nova.compute.claims [req-527e6c71-0508-46e9-a089-a0de67fe8d91 113d3a99c3da401fbd62cc2caa5b96d2 54fadb412c4e40cdbaed9335e4c35a9e - - -] [instance: df20656c-8ea7-4f5c-949d-23e71f5f06bd] Total disk: 15 GB, used: 0.00 GBnova-compute.log.2017-05-14_21:27:09
2017-05-14 19:59:49.574 2931 INFO nova.compute.claims [req-527e6c71-0508-46e9-a089-a0de67fe8d91 113d3a99c3da401fbd62cc2caa5b96d2 54fadb412c4e40cdbaed9335e4c35a9e - - -] [instance: df20656c-8ea7-4f5c-949d-23e71f5f06bd] disk limit not specified, defaulting to unlimitednova-compute.log.2017-05-14_21:27:09
2017-05-14 19:59:49.575 2931 INFO nova.compute.claims [req-527e6c71-0508-46e9-a089-a0de67fe8d91 113d3a99c3da401fbd62cc2caa5b96d2 54fadb412c4e40cdbaed9335e4c35a9e - - -] [instance: df20656c-8ea7-4f5c-949d-23e71f5f06bd] Total vcpu: 16 VCPU, used: 0.00 VCPUnova-compute.log.2017-05-14_21:27:09
2017-05-14 19:59:49.575 2931 INFO nova.compute.claims [req-527e6c71-0508-46e9-a089-a0de67fe8d91 113d3a99c3da401fbd62cc2caa5b96d2 54fadb412c4e40cdbaed9335e4c35a9e - - -] [instance: df20656c-8ea7-4f5c-949d-23e71f5f06bd] vcpu limit not specified, defaulting to unlimitednova-compute.log.2017-05-14_21:27:09
2017-05-14 19:59:49.610 2931 INFO nova.compute.claims [req-527e6c71-0508-46e9-a089-a0de67fe8d91 113d3a99c3da401fbd62cc2caa5b96d2 54fadb412c4e40cdbaed9335e4c35a9e - - -] [instance: df20656c-8ea7-4f5c-949d-23e71f5f06bd] Claim successfulnova-api.log.2017-05-14_21:27:04
2017-05-14 19:59:49.681 25746 INFO nova.osapi_compute.wsgi.server [req-0d8654ee-beda-49e8-8ec8-8373369952ee 113d3a99c3da401fbd62cc2caa5b96d2 54fadb412c4e40cdbaed9335e4c35a9e - - -] 10.11.10.1 "GET /v2/54fadb412c4e40cdbaed9335e4c35a9e/servers/detail HTTP/1.1" status: 200 len: 1575 time: 0.1903951nova-api.log.2017-05-14_21:27:04
2017-05-14 19:59:49.883 25746 INFO nova.osapi_compute.wsgi.server [req-fca619c8-e19a-4d07-959b-1c3e6e90a88f 113d3a99c3da401fbd62cc2caa5b96d2 54fadb412c4e40cdbaed9335e4c35a9e - - -] 10.11.10.1 "GET /v2/54fadb412c4e40cdbaed9335e4c35a9e/servers/df20656c-8ea7-4f5c-949d-23e71f5f06bd HTTP/1.1" status: 200 len: 1708 time: 0.1988709nova-compute.log.2017-05-14_21:27:09
2017-05-14 19:59:50.219 2931 INFO nova.virt.libvirt.driver [req-527e6c71-0508-46e9-a089-a0de67fe8d91 113d3a99c3da401fbd62cc2caa5b96d2 54fadb412c4e40cdbaed9335e4c35a9e - - -] [instance: df20656c-8ea7-4f5c-949d-23e71f5f06bd] Creating imagenova-api.log.2017-05-14_21:27:04
2017-05-14 19:59:51.163 25746 INFO nova.osapi_compute.wsgi.server [req-fb5b611b-8f66-4ca4-be71-bf577799f661 113d3a99c3da401fbd62cc2caa5b96d2 54fadb412c4e40cdbaed9335e4c35a9e - - -] 10.11.10.1 "GET /v2/54fadb412c4e40cdbaed9335e4c35a9e/servers/detail HTTP/1.1" status: 200 len: 1759 time: 0.2738349nova-api.log.2017-05-14_21:27:04
2017-05-14 19:59:51.446 25746 INFO nova.osapi_compute.wsgi.server [req-2cb982f5-ec2c-4740-8a98-da4425c60476 113d3a99c3da401fbd62cc2caa5b96d2 54fadb412c4e40cdbaed9335e4c35a9e - - -] 10.11.10.1 "GET /v2/54fadb412c4e40cdbaed9335e4c35a9e/servers/detail HTTP/1.1" status: 200 len: 1759 time: 0.2785890nova-compute.log.2017-05-14_21:27:09
2017-05-14 19:59:51.483 2931 INFO nova.compute.manager [-] [instance: 4d59535f-5fef-48ed-a2fe-557fea4e22b0] VM Stopped (Lifecycle Event)nova-api.log.2017-05-14_21:27:04
2017-05-14 19:59:52.716 25746 INFO nova.osapi_compute.wsgi.server [req-1a955d6e-64aa-45f8-bd64-24fb97d08414 113d3a99c3da401fbd62cc2caa5b96d2 54fadb412c4e40cdbaed9335e4c35a9e - - -] 10.11.10.1 "GET /v2/54fadb412c4e40cdbaed9335e4c35a9e/servers/detail HTTP/1.1" status: 200 len: 1893 time: 0.2665448nova-api.log.2017-05-14_21:27:04
2017-05-14 19:59:52.983 25746 INFO nova.osapi_compute.wsgi.server [req-aad0f8b6-12a9-43d2-8b74-8dd202f4c94e 113d3a99c3da401fbd62cc2caa5b96d2 54fadb412c4e40cdbaed9335e4c35a9e - - -] 10.11.10.1 "GET /v2/54fadb412c4e40cdbaed9335e4c35a9e/servers/detail HTTP/1.1" status: 200 len: 1893 time: 0.2623410nova-api.log.2017-05-14_21:27:04
2017-05-14 19:59:54.256 25746 INFO nova.osapi_compute.wsgi.server [req-3dccb864-464c-46b4-923d-3e4016090253 113d3a99c3da401fbd62cc2caa5b96d2 54fadb412c4e40cdbaed9335e4c35a9e - - -] 10.11.10.1 "GET /v2/54fadb412c4e40cdbaed9335e4c35a9e/servers/detail HTTP/1.1" status: 200 len: 1893 time: 0.2660689nova-api.log.2017-05-14_21:27:04
2017-05-14 19:59:54.517 25746 INFO nova.osapi_compute.wsgi.server [req-3ff40ce1-7c5f-4a05-b336-e820d019c685 113d3a99c3da401fbd62cc2caa5b96d2 54fadb412c4e40cdbaed9335e4c35a9e - - -] 10.11.10.1 "GET /v2/54fadb412c4e40cdbaed9335e4c35a9e/servers/detail HTTP/1.1" status: 200 len: 1893 time: 0.2570269nova-api.log.2017-05-14_21:27:04
2017-05-14 19:59:55.786 25746 INFO nova.osapi_compute.wsgi.server [req-1b47cba2-02ef-41c7-9377-95a900ad243b 113d3a99c3da401fbd62cc2caa5b96d2 54fadb412c4e40cdbaed9335e4c35a9e - - -] 10.11.10.1 "GET /v2/54fadb412c4e40cdbaed9335e4c35a9e/servers/detail HTTP/1.1" status: 200 len: 1893 time: 0.2648520nova-api.log.2017-05-14_21:27:04
2017-05-14 19:59:56.054 25746 INFO nova.osapi_compute.wsgi.server [req-1392c202-a18b-4812-ae4d-27df8d9dc8aa 113d3a99c3da401fbd62cc2caa5b96d2 54fadb412c4e40cdbaed9335e4c35a9e - - -] 10.11.10.1 "GET /v2/54fadb412c4e40cdbaed9335e4c35a9e/servers/detail HTTP/1.1" status: 200 len: 1893 time: 0.2630851nova-api.log.2017-05-14_21:27:04
2017-05-14 19:59:57.431 25746 INFO nova.osapi_compute.wsgi.server [req-197c595f-b62b-4699-b664-8e0e7bd4d6f9 113d3a99c3da401fbd62cc2caa5b96d2 54fadb412c4e40cdbaed9335e4c35a9e - - -] 10.11.10.1 "GET /v2/54fadb412c4e40cdbaed9335e4c35a9e/servers/detail HTTP/1.1" status: 200 len: 1893 time: 0.3707120nova-api.log.2017-05-14_21:27:04
2017-05-14 19:59:57.700 25746 INFO nova.osapi_compute.wsgi.server [req-255bef95-6fbd-42a6-a6fc-b3b4e1367ad2 113d3a99c3da401fbd62cc2caa5b96d2 54fadb412c4e40cdbaed9335e4c35a9e - - -] 10.11.10.1 "GET /v2/54fadb412c4e40cdbaed9335e4c35a9e/servers/detail HTTP/1.1" status: 200 len: 1893 time: 0.2651660nova-api.log.2017-05-14_21:27:04
2017-05-14 19:59:58.972 25746 INFO nova.osapi_compute.wsgi.server [req-51b4dd14-0a4c-4c0f-a7fc-764cf14d87df 113d3a99c3da401fbd62cc2caa5b96d2 54fadb412c4e40cdbaed9335e4c35a9e - - -] 10.11.10.1 "GET /v2/54fadb412c4e40cdbaed9335e4c35a9e/servers/detail HTTP/1.1" status: 200 len: 1893 time: 0.2659152nova-api.log.2017-05-14_21:27:04
2017-05-14 19:59:59.257 25746 INFO nova.osapi_compute.wsgi.server [req-463328d9-724e-4de3-af88-9660a55e69dc 113d3a99c3da401fbd62cc2caa5b96d2 54fadb412c4e40cdbaed9335e4c35a9e - - -] 10.11.10.1 "GET /v2/54fadb412c4e40cdbaed9335e4c35a9e/servers/detail HTTP/1.1" status: 200 len: 1893 time: 0.2807121nova-compute.log.2017-05-14_21:27:09
2017-05-14 20:00:00.219 2931 INFO nova.virt.libvirt.imagecache [req-addc1839-2ed5-4778-b57e-5854eb7b8b09 - - - - -] image 0673dd71-34c5-4fbb-86c4-40623fbe45b4 at (/var/lib/nova/instances/_base/a489c868f0c37da93b76227c91bb03908ac0e742): checkingnova-compute.log.2017-05-14_21:27:09
2017-05-14 20:00:00.220 2931 INFO nova.virt.libvirt.imagecache [req-addc1839-2ed5-4778-b57e-5854eb7b8b09 - - - - -] image 0673dd71-34c5-4fbb-86c4-40623fbe45b4 at (/var/lib/nova/instances/_base/a489c868f0c37da93b76227c91bb03908ac0e742): in use: on this node 1 local, 0 on other nodes sharing this instance storagenova-compute.log.2017-05-14_21:27:09
2017-05-14 20:00:00.400 2931 INFO nova.virt.libvirt.imagecache [req-addc1839-2ed5-4778-b57e-5854eb7b8b09 - - - - -] Active base files: /var/lib/nova/instances/_base/a489c868f0c37da93b76227c91bb03908ac0e742nova-api.log.2017-05-14_21:27:04
2017-05-14 20:00:00.698 25746 INFO nova.osapi_compute.wsgi.server [req-2866f187-204b-4d37-a2f1-cd7f895e29f0 113d3a99c3da401fbd62cc2caa5b96d2 54fadb412c4e40cdbaed9335e4c35a9e - - -] 10.11.10.1 "GET /v2/54fadb412c4e40cdbaed9335e4c35a9e/servers/detail HTTP/1.1" status: 200 len: 1893 time: 0.4357450nova-api.log.2017-05-14_21:27:04
2017-05-14 20:00:00.957 25746 INFO nova.osapi_compute.wsgi.server [req-9d52234d-ef4f-4656-b8e8-3d9126a8f07a 113d3a99c3da401fbd62cc2caa5b96d2 54fadb412c4e40cdbaed9335e4c35a9e - - -] 10.11.10.1 "GET /v2/54fadb412c4e40cdbaed9335e4c35a9e/servers/detail HTTP/1.1" status: 200 len: 1893 time: 0.2541921nova-api.log.2017-05-14_21:27:04
2017-05-14 20:00:02.233 25746 INFO nova.osapi_compute.wsgi.server [req-b81992d8-aabb-475a-8f49-3e314666dc9d 113d3a99c3da401fbd62cc2caa5b96d2 54fadb412c4e40cdbaed9335e4c35a9e - - -] 10.11.10.1 "GET /v2/54fadb412c4e40cdbaed9335e4c35a9e/servers/detail HTTP/1.1" status: 200 len: 1893 time: 0.2709219nova-api.log.2017-05-14_21:27:04
2017-05-14 20:00:02.509 25746 INFO nova.osapi_compute.wsgi.server [req-7ad55ebc-cffc-4805-8774-a99d33ec01de 113d3a99c3da401fbd62cc2caa5b96d2 54fadb412c4e40cdbaed9335e4c35a9e - - -] 10.11.10.1 "GET /v2/54fadb412c4e40cdbaed9335e4c35a9e/servers/detail HTTP/1.1" status: 200 len: 1893 time: 0.2728679nova-compute.log.2017-05-14_21:27:09
2017-05-14 20:00:03.309 2931 INFO nova.compute.manager [req-3ea4052c-895d-4b64-9e2d-04d64c4d94ab - - - - -] [instance: df20656c-8ea7-4f5c-949d-23e71f5f06bd] VM Started (Lifecycle Event)nova-compute.log.2017-05-14_21:27:09
2017-05-14 20:00:03.374 2931 INFO nova.compute.manager [req-3ea4052c-895d-4b64-9e2d-04d64c4d94ab - - - - -] [instance: df20656c-8ea7-4f5c-949d-23e71f5f06bd] VM Paused (Lifecycle Event)nova-compute.log.2017-05-14_21:27:09
2017-05-14 20:00:03.502 2931 INFO nova.compute.manager [req-3ea4052c-895d-4b64-9e2d-04d64c4d94ab - - - - -] [instance: df20656c-8ea7-4f5c-949d-23e71f5f06bd] During sync_power_state the instance has a pending task (spawning). Skip.nova-api.log.2017-05-14_21:27:04
2017-05-14 20:00:03.778 25746 INFO nova.osapi_compute.wsgi.server [req-a91fd658-b99c-4b91-b79d-531760ecd117 113d3a99c3da401fbd62cc2caa5b96d2 54fadb412c4e40cdbaed9335e4c35a9e - - -] 10.11.10.1 "GET /v2/54fadb412c4e40cdbaed9335e4c35a9e/servers/detail HTTP/1.1" status: 200 len: 1893 time: 0.2640440nova-api.log.2017-05-14_21:27:04
2017-05-14 20:00:04.029 25746 INFO nova.osapi_compute.wsgi.server [req-532c9e59-fd4b-427c-a988-f54671ef05f0 113d3a99c3da401fbd62cc2caa5b96d2 54fadb412c4e40cdbaed9335e4c35a9e - - -] 10.11.10.1 "GET /v2/54fadb412c4e40cdbaed9335e4c35a9e/servers/detail HTTP/1.1" status: 200 len: 1893 time: 0.2467182nova-api.log.2017-05-14_21:27:04
2017-05-14 20:00:05.304 25746 INFO nova.osapi_compute.wsgi.server [req-11162e8f-dfed-40d4-bad5-14235a0ee8e4 113d3a99c3da401fbd62cc2caa5b96d2 54fadb412c4e40cdbaed9335e4c35a9e - - -] 10.11.10.1 "GET /v2/54fadb412c4e40cdbaed9335e4c35a9e/servers/detail HTTP/1.1" status: 200 len: 1893 time: 0.2698109nova-compute.log.2017-05-14_21:27:09
2017-05-14 20:00:05.394 2931 INFO nova.virt.libvirt.imagecache [req-addc1839-2ed5-4778-b57e-5854eb7b8b09 - - - - -] image 0673dd71-34c5-4fbb-86c4-40623fbe45b4 at (/var/lib/nova/instances/_base/a489c868f0c37da93b76227c91bb03908ac0e742): checkingnova-compute.log.2017-05-14_21:27:09
2017-05-14 20:00:05.395 2931 INFO nova.virt.libvirt.imagecache [req-addc1839-2ed5-4778-b57e-5854eb7b8b09 - - - - -] image 0673dd71-34c5-4fbb-86c4-40623fbe45b4 at (/var/lib/nova/instances/_base/a489c868f0c37da93b76227c91bb03908ac0e742): in use: on this node 1 local, 0 on other nodes sharing this instance storagenova-api.log.2017-05-14_21:27:04
2017-05-14 20:00:05.571 25746 INFO nova.osapi_compute.wsgi.server [req-50cea4cf-5f15-4137-8cff-fc7ce03b290b 113d3a99c3da401fbd62cc2caa5b96d2 54fadb412c4e40cdbaed9335e4c35a9e - - -] 10.11.10.1 "GET /v2/54fadb412c4e40cdbaed9335e4c35a9e/servers/detail HTTP/1.1" status: 200 len: 1893 time: 0.2616479nova-compute.log.2017-05-14_21:27:09
2017-05-14 20:00:05.582 2931 INFO nova.virt.libvirt.imagecache [req-addc1839-2ed5-4778-b57e-5854eb7b8b09 - - - - -] Active base files: /var/lib/nova/instances/_base/a489c868f0c37da93b76227c91bb03908ac0e742nova-api.log.2017-05-14_21:27:04
2017-05-14 20:00:06.848 25746 INFO nova.osapi_compute.wsgi.server [req-d54eb29b-d38b-4c62-b816-e7a3ca4cdf3d 113d3a99c3da401fbd62cc2caa5b96d2 54fadb412c4e40cdbaed9335e4c35a9e - - -] 10.11.10.1 "GET /v2/54fadb412c4e40cdbaed9335e4c35a9e/servers/detail HTTP/1.1" status: 200 len: 1893 time: 0.2712269nova-api.log.2017-05-14_21:27:04
2017-05-14 20:00:07.110 25746 INFO nova.osapi_compute.wsgi.server [req-1ac671d7-1cde-4479-9298-83d5e2fa5c21 113d3a99c3da401fbd62cc2caa5b96d2 54fadb412c4e40cdbaed9335e4c35a9e - - -] 10.11.10.1 "GET /v2/54fadb412c4e40cdbaed9335e4c35a9e/servers/detail HTTP/1.1" status: 200 len: 1893 time: 0.2578170nova-compute.log.2017-05-14_21:27:09
2017-05-14 20:00:07.893 2931 INFO nova.compute.manager [req-addc1839-2ed5-4778-b57e-5854eb7b8b09 - - - - -] Running instance usage audit for host cp-1.slowvm1.tcloud-pg0.utah.cloudlab.us from
2017-05-15 01:00:00 to
2017-05-15 02:00:00. 88 instances.nova-api.log.2017-05-14_21:27:04
2017-05-14 20:00:08.394 25746 INFO nova.osapi_compute.wsgi.server [req-5510ce9a-7d26-4457-aa48-fdd53f2deea8 113d3a99c3da401fbd62cc2caa5b96d2 54fadb412c4e40cdbaed9335e4c35a9e - - -] 10.11.10.1 "GET /v2/54fadb412c4e40cdbaed9335e4c35a9e/servers/detail HTTP/1.1" status: 200 len: 1893 time: 0.2786899nova-api.log.2017-05-14_21:27:04
2017-05-14 20:00:08.665 25746 INFO nova.osapi_compute.wsgi.server [req-c69d8991-f25e-4233-a6aa-c0b40b5656c3 113d3a99c3da401fbd62cc2caa5b96d2 54fadb412c4e40cdbaed9335e4c35a9e - - -] 10.11.10.1 "GET /v2/54fadb412c4e40cdbaed9335e4c35a9e/servers/detail HTTP/1.1" status: 200 len: 1893 time: 0.2656009nova-api.log.2017-05-14_21:27:04
2017-05-14 20:00:09.403 25743 INFO nova.api.openstack.compute.server_external_events [req-61c6f71e-4de8-455d-87a0-eab8eb02b234 f7b8d1f1d4d44643b07fa10ca7d021fb e9746973ac574c6b8a9e8857f56a7608 - - -] Creating event network-vif-plugged:504f0514-4417-4992-8e2e-919c6575fb7f for instance df20656c-8ea7-4f5c-949d-23e71f5f06bdnova-api.log.2017-05-14_21:27:04
2017-05-14 20:00:09.407 25743 INFO nova.osapi_compute.wsgi.server [req-61c6f71e-4de8-455d-87a0-eab8eb02b234 f7b8d1f1d4d44643b07fa10ca7d021fb e9746973ac574c6b8a9e8857f56a7608 - - -] 10.11.10.1 "POST /v2/e9746973ac574c6b8a9e8857f56a7608/os-server-external-events HTTP/1.1" status: 200 len: 380 time: 0.1040361nova-compute.log.2017-05-14_21:27:09
2017-05-14 20:00:09.420 2931 INFO nova.compute.manager [req-3ea4052c-895d-4b64-9e2d-04d64c4d94ab - - - - -] [instance: df20656c-8ea7-4f5c-949d-23e71f5f06bd] VM Resumed (Lifecycle Event)
================================================================================
# Seq 2860-2909 ANOMALY
nova-compute.log.2017-05-14_21:27:09
2017-05-14 20:00:29.882 2931 INFO nova.compute.claims [req-12ea1df2-1e80-41e5-ba16-f5fc8b8201e6 113d3a99c3da401fbd62cc2caa5b96d2 54fadb412c4e40cdbaed9335e4c35a9e - - -] [instance: 56bbbaa6-d1d1-4243-bca0-be9371daceed] Total memory: 64172 MB, used: 512.00 MBnova-compute.log.2017-05-14_21:27:09
2017-05-14 20:00:29.882 2931 INFO nova.compute.claims [req-12ea1df2-1e80-41e5-ba16-f5fc8b8201e6 113d3a99c3da401fbd62cc2caa5b96d2 54fadb412c4e40cdbaed9335e4c35a9e - - -] [instance: 56bbbaa6-d1d1-4243-bca0-be9371daceed] memory limit: 96258.00 MB, free: 95746.00 MBnova-compute.log.2017-05-14_21:27:09
2017-05-14 20:00:29.883 2931 INFO nova.compute.claims [req-12ea1df2-1e80-41e5-ba16-f5fc8b8201e6 113d3a99c3da401fbd62cc2caa5b96d2 54fadb412c4e40cdbaed9335e4c35a9e - - -] [instance: 56bbbaa6-d1d1-4243-bca0-be9371daceed] Total disk: 15 GB, used: 0.00 GBnova-compute.log.2017-05-14_21:27:09
2017-05-14 20:00:29.883 2931 INFO nova.compute.claims [req-12ea1df2-1e80-41e5-ba16-f5fc8b8201e6 113d3a99c3da401fbd62cc2caa5b96d2 54fadb412c4e40cdbaed9335e4c35a9e - - -] [instance: 56bbbaa6-d1d1-4243-bca0-be9371daceed] disk limit not specified, defaulting to unlimitednova-compute.log.2017-05-14_21:27:09
2017-05-14 20:00:29.884 2931 INFO nova.compute.claims [req-12ea1df2-1e80-41e5-ba16-f5fc8b8201e6 113d3a99c3da401fbd62cc2caa5b96d2 54fadb412c4e40cdbaed9335e4c35a9e - - -] [instance: 56bbbaa6-d1d1-4243-bca0-be9371daceed] Total vcpu: 16 VCPU, used: 0.00 VCPUnova-compute.log.2017-05-14_21:27:09
2017-05-14 20:00:29.884 2931 INFO nova.compute.claims [req-12ea1df2-1e80-41e5-ba16-f5fc8b8201e6 113d3a99c3da401fbd62cc2caa5b96d2 54fadb412c4e40cdbaed9335e4c35a9e - - -] [instance: 56bbbaa6-d1d1-4243-bca0-be9371daceed] vcpu limit not specified, defaulting to unlimitednova-compute.log.2017-05-14_21:27:09
2017-05-14 20:00:29.916 2931 INFO nova.compute.claims [req-12ea1df2-1e80-41e5-ba16-f5fc8b8201e6 113d3a99c3da401fbd62cc2caa5b96d2 54fadb412c4e40cdbaed9335e4c35a9e - - -] [instance: 56bbbaa6-d1d1-4243-bca0-be9371daceed] Claim successfulnova-api.log.2017-05-14_21:27:04
2017-05-14 20:00:29.977 25746 INFO nova.osapi_compute.wsgi.server [req-4b43a420-55c1-4fab-a16c-f8d52df6dd7a 113d3a99c3da401fbd62cc2caa5b96d2 54fadb412c4e40cdbaed9335e4c35a9e - - -] 10.11.10.1 "GET /v2/54fadb412c4e40cdbaed9335e4c35a9e/servers/detail HTTP/1.1" status: 200 len: 1575 time: 0.2029760nova-api.log.2017-05-14_21:27:04
2017-05-14 20:00:30.193 25746 INFO nova.osapi_compute.wsgi.server [req-7e39d0bf-f648-4196-917f-8621915820d4 113d3a99c3da401fbd62cc2caa5b96d2 54fadb412c4e40cdbaed9335e4c35a9e - - -] 10.11.10.1 "GET /v2/54fadb412c4e40cdbaed9335e4c35a9e/servers/56bbbaa6-d1d1-4243-bca0-be9371daceed HTTP/1.1" status: 200 len: 1708 time: 0.2121871nova-compute.log.2017-05-14_21:27:09
2017-05-14 20:00:30.509 2931 INFO nova.virt.libvirt.driver [req-12ea1df2-1e80-41e5-ba16-f5fc8b8201e6 113d3a99c3da401fbd62cc2caa5b96d2 54fadb412c4e40cdbaed9335e4c35a9e - - -] [instance: 56bbbaa6-d1d1-4243-bca0-be9371daceed] Creating imagenova-api.log.2017-05-14_21:27:04
2017-05-14 20:00:31.466 25746 INFO nova.osapi_compute.wsgi.server [req-fb6eaad1-a7ac-4db8-b4cb-c06dd4ca84f2 113d3a99c3da401fbd62cc2caa5b96d2 54fadb412c4e40cdbaed9335e4c35a9e - - -] 10.11.10.1 "GET /v2/54fadb412c4e40cdbaed9335e4c35a9e/servers/detail HTTP/1.1" status: 200 len: 1759 time: 0.2679329nova-api.log.2017-05-14_21:27:04
2017-05-14 20:00:31.751 25746 INFO nova.osapi_compute.wsgi.server [req-591c3dea-d975-4fb3-ac0c-3f2f14d2843e 113d3a99c3da401fbd62cc2caa5b96d2 54fadb412c4e40cdbaed9335e4c35a9e - - -] 10.11.10.1 "GET /v2/54fadb412c4e40cdbaed9335e4c35a9e/servers/detail HTTP/1.1" status: 200 len: 1759 time: 0.2807560nova-compute.log.2017-05-14_21:27:09
2017-05-14 20:00:31.889 2931 INFO nova.compute.manager [-] [instance: df20656c-8ea7-4f5c-949d-23e71f5f06bd] VM Stopped (Lifecycle Event)nova-api.log.2017-05-14_21:27:04
2017-05-14 20:00:33.015 25746 INFO nova.osapi_compute.wsgi.server [req-749c58f9-1867-4df2-9154-5705f820b083 113d3a99c3da401fbd62cc2caa5b96d2 54fadb412c4e40cdbaed9335e4c35a9e - - -] 10.11.10.1 "GET /v2/54fadb412c4e40cdbaed9335e4c35a9e/servers/detail HTTP/1.1" status: 200 len: 1891 time: 0.2593021nova-api.log.2017-05-14_21:27:04
2017-05-14 20:00:33.416 25746 INFO nova.osapi_compute.wsgi.server [req-bd0017f7-a22c-46c2-975d-70bf67d97069 113d3a99c3da401fbd62cc2caa5b96d2 54fadb412c4e40cdbaed9335e4c35a9e - - -] 10.11.10.1 "GET /v2/54fadb412c4e40cdbaed9335e4c35a9e/servers/detail HTTP/1.1" status: 200 len: 1891 time: 0.3979630nova-api.log.2017-05-14_21:27:04
2017-05-14 20:00:34.693 25746 INFO nova.osapi_compute.wsgi.server [req-ab992a0c-b44f-4f99-827d-b477cef335d1 113d3a99c3da401fbd62cc2caa5b96d2 54fadb412c4e40cdbaed9335e4c35a9e - - -] 10.11.10.1 "GET /v2/54fadb412c4e40cdbaed9335e4c35a9e/servers/detail HTTP/1.1" status: 200 len: 1891 time: 0.2719071nova-api.log.2017-05-14_21:27:04
2017-05-14 20:00:34.956 25746 INFO nova.osapi_compute.wsgi.server [req-b7959e59-b802-4c37-99f1-fbc14fd13784 113d3a99c3da401fbd62cc2caa5b96d2 54fadb412c4e40cdbaed9335e4c35a9e - - -] 10.11.10.1 "GET /v2/54fadb412c4e40cdbaed9335e4c35a9e/servers/detail HTTP/1.1" status: 200 len: 1891 time: 0.2582109nova-api.log.2017-05-14_21:27:04
2017-05-14 20:00:36.216 25746 INFO nova.osapi_compute.wsgi.server [req-181541d9-a5af-44cc-8559-d8d24610797a 113d3a99c3da401fbd62cc2caa5b96d2 54fadb412c4e40cdbaed9335e4c35a9e - - -] 10.11.10.1 "GET /v2/54fadb412c4e40cdbaed9335e4c35a9e/servers/detail HTTP/1.1" status: 200 len: 1891 time: 0.2547081nova-api.log.2017-05-14_21:27:04
2017-05-14 20:00:36.470 25746 INFO nova.osapi_compute.wsgi.server [req-b286d74d-f66e-4c0d-ac85-3c0fb9539952 113d3a99c3da401fbd62cc2caa5b96d2 54fadb412c4e40cdbaed9335e4c35a9e - - -] 10.11.10.1 "GET /v2/54fadb412c4e40cdbaed9335e4c35a9e/servers/detail HTTP/1.1" status: 200 len: 1891 time: 0.2497690nova-api.log.2017-05-14_21:27:04
2017-05-14 20:00:37.741 25746 INFO nova.osapi_compute.wsgi.server [req-ead9fc84-063c-456b-a16c-38d1480ea539 113d3a99c3da401fbd62cc2caa5b96d2 54fadb412c4e40cdbaed9335e4c35a9e - - -] 10.11.10.1 "GET /v2/54fadb412c4e40cdbaed9335e4c35a9e/servers/detail HTTP/1.1" status: 200 len: 1891 time: 0.2659118nova-api.log.2017-05-14_21:27:04
2017-05-14 20:00:38.022 25746 INFO nova.osapi_compute.wsgi.server [req-f1798066-aefe-4b83-9c77-47fb16741992 113d3a99c3da401fbd62cc2caa5b96d2 54fadb412c4e40cdbaed9335e4c35a9e - - -] 10.11.10.1 "GET /v2/54fadb412c4e40cdbaed9335e4c35a9e/servers/detail HTTP/1.1" status: 200 len: 1891 time: 0.2758081nova-api.log.2017-05-14_21:27:04
2017-05-14 20:00:39.289 25746 INFO nova.osapi_compute.wsgi.server [req-595be9b4-62be-49f6-a923-c5c516c6ad97 113d3a99c3da401fbd62cc2caa5b96d2 54fadb412c4e40cdbaed9335e4c35a9e - - -] 10.11.10.1 "GET /v2/54fadb412c4e40cdbaed9335e4c35a9e/servers/detail HTTP/1.1" status: 200 len: 1891 time: 0.2612391nova-api.log.2017-05-14_21:27:04
2017-05-14 20:00:39.742 25746 INFO nova.osapi_compute.wsgi.server [req-b3c98d02-a187-4ee7-b91c-044797446ee3 113d3a99c3da401fbd62cc2caa5b96d2 54fadb412c4e40cdbaed9335e4c35a9e - - -] 10.11.10.1 "GET /v2/54fadb412c4e40cdbaed9335e4c35a9e/servers/detail HTTP/1.1" status: 200 len: 1891 time: 0.4488499nova-api.log.2017-05-14_21:27:04
2017-05-14 20:00:41.029 25746 INFO nova.osapi_compute.wsgi.server [req-e2a895c0-ac63-4076-965b-3dd43bd7d007 113d3a99c3da401fbd62cc2caa5b96d2 54fadb412c4e40cdbaed9335e4c35a9e - - -] 10.11.10.1 "GET /v2/54fadb412c4e40cdbaed9335e4c35a9e/servers/detail HTTP/1.1" status: 200 len: 1891 time: 0.2803981nova-api.log.2017-05-14_21:27:04
2017-05-14 20:00:41.292 25746 INFO nova.osapi_compute.wsgi.server [req-e1487dd0-e165-40f6-a576-d10aebf5d4ca 113d3a99c3da401fbd62cc2caa5b96d2 54fadb412c4e40cdbaed9335e4c35a9e - - -] 10.11.10.1 "GET /v2/54fadb412c4e40cdbaed9335e4c35a9e/servers/detail HTTP/1.1" status: 200 len: 1891 time: 0.2587881nova-compute.log.2017-05-14_21:27:09
2017-05-14 20:00:42.095 2931 INFO nova.virt.libvirt.imagecache [req-addc1839-2ed5-4778-b57e-5854eb7b8b09 - - - - -] image 0673dd71-34c5-4fbb-86c4-40623fbe45b4 at (/var/lib/nova/instances/_base/a489c868f0c37da93b76227c91bb03908ac0e742): checkingnova-compute.log.2017-05-14_21:27:09
2017-05-14 20:00:42.096 2931 INFO nova.virt.libvirt.imagecache [req-addc1839-2ed5-4778-b57e-5854eb7b8b09 - - - - -] image 0673dd71-34c5-4fbb-86c4-40623fbe45b4 at (/var/lib/nova/instances/_base/a489c868f0c37da93b76227c91bb03908ac0e742): in use: on this node 1 local, 0 on other nodes sharing this instance storagenova-compute.log.2017-05-14_21:27:09
2017-05-14 20:00:42.280 2931 INFO nova.virt.libvirt.imagecache [req-addc1839-2ed5-4778-b57e-5854eb7b8b09 - - - - -] Active base files: /var/lib/nova/instances/_base/a489c868f0c37da93b76227c91bb03908ac0e742nova-api.log.2017-05-14_21:27:04
2017-05-14 20:00:42.574 25746 INFO nova.osapi_compute.wsgi.server [req-5d665443-5250-4bc7-b6fa-56bcc2da0868 113d3a99c3da401fbd62cc2caa5b96d2 54fadb412c4e40cdbaed9335e4c35a9e - - -] 10.11.10.1 "GET /v2/54fadb412c4e40cdbaed9335e4c35a9e/servers/detail HTTP/1.1" status: 200 len: 1891 time: 0.2769501nova-api.log.2017-05-14_21:27:04
2017-05-14 20:00:42.844 25746 INFO nova.osapi_compute.wsgi.server [req-ff8e4fb0-e897-4f05-b155-b4759fbad97c 113d3a99c3da401fbd62cc2caa5b96d2 54fadb412c4e40cdbaed9335e4c35a9e - - -] 10.11.10.1 "GET /v2/54fadb412c4e40cdbaed9335e4c35a9e/servers/detail HTTP/1.1" status: 200 len: 1891 time: 0.2653661nova-compute.log.2017-05-14_21:27:09
2017-05-14 20:00:43.465 2931 INFO nova.compute.manager [req-3ea4052c-895d-4b64-9e2d-04d64c4d94ab - - - - -] [instance: 56bbbaa6-d1d1-4243-bca0-be9371daceed] VM Started (Lifecycle Event)nova-compute.log.2017-05-14_21:27:09
2017-05-14 20:00:43.539 2931 INFO nova.compute.manager [req-3ea4052c-895d-4b64-9e2d-04d64c4d94ab - - - - -] [instance: 56bbbaa6-d1d1-4243-bca0-be9371daceed] VM Paused (Lifecycle Event)nova-compute.log.2017-05-14_21:27:09
2017-05-14 20:00:43.673 2931 INFO nova.compute.manager [req-3ea4052c-895d-4b64-9e2d-04d64c4d94ab - - - - -] [instance: 56bbbaa6-d1d1-4243-bca0-be9371daceed] During sync_power_state the instance has a pending task (spawning). Skip.nova-api.log.2017-05-14_21:27:04
2017-05-14 20:00:44.122 25746 INFO nova.osapi_compute.wsgi.server [req-ef1e105b-912c-454c-8cd4-fe29b91c2a8b 113d3a99c3da401fbd62cc2caa5b96d2 54fadb412c4e40cdbaed9335e4c35a9e - - -] 10.11.10.1 "GET /v2/54fadb412c4e40cdbaed9335e4c35a9e/servers/detail HTTP/1.1" status: 200 len: 1891 time: 0.2724881nova-api.log.2017-05-14_21:27:04
2017-05-14 20:00:44.390 25746 INFO nova.osapi_compute.wsgi.server [req-68befec9-6ec8-411c-af4c-2dec02fff7f6 113d3a99c3da401fbd62cc2caa5b96d2 54fadb412c4e40cdbaed9335e4c35a9e - - -] 10.11.10.1 "GET /v2/54fadb412c4e40cdbaed9335e4c35a9e/servers/detail HTTP/1.1" status: 200 len: 1891 time: 0.2636061nova-api.log.2017-05-14_21:27:04
2017-05-14 20:00:45.681 25746 INFO nova.osapi_compute.wsgi.server [req-82ca0f2c-c6ff-4b0c-bab7-d86174b7365b 113d3a99c3da401fbd62cc2caa5b96d2 54fadb412c4e40cdbaed9335e4c35a9e - - -] 10.11.10.1 "GET /v2/54fadb412c4e40cdbaed9335e4c35a9e/servers/detail HTTP/1.1" status: 200 len: 1891 time: 0.2841859nova-api.log.2017-05-14_21:27:04
2017-05-14 20:00:45.950 25746 INFO nova.osapi_compute.wsgi.server [req-2211275d-ab2a-4144-8ac3-d4bd77683cc9 113d3a99c3da401fbd62cc2caa5b96d2 54fadb412c4e40cdbaed9335e4c35a9e - - -] 10.11.10.1 "GET /v2/54fadb412c4e40cdbaed9335e4c35a9e/servers/detail HTTP/1.1" status: 200 len: 1891 time: 0.2647119nova-api.log.2017-05-14_21:27:04
2017-05-14 20:00:47.228 25746 INFO nova.osapi_compute.wsgi.server [req-12412bcf-350f-4229-99ed-38055d839892 113d3a99c3da401fbd62cc2caa5b96d2 54fadb412c4e40cdbaed9335e4c35a9e - - -] 10.11.10.1 "GET /v2/54fadb412c4e40cdbaed9335e4c35a9e/servers/detail HTTP/1.1" status: 200 len: 1891 time: 0.2708158nova-compute.log.2017-05-14_21:27:09
2017-05-14 20:00:47.338 2931 INFO nova.virt.libvirt.imagecache [req-addc1839-2ed5-4778-b57e-5854eb7b8b09 - - - - -] image 0673dd71-34c5-4fbb-86c4-40623fbe45b4 at (/var/lib/nova/instances/_base/a489c868f0c37da93b76227c91bb03908ac0e742): checkingnova-compute.log.2017-05-14_21:27:09
2017-05-14 20:00:47.338 2931 INFO nova.virt.libvirt.imagecache [req-addc1839-2ed5-4778-b57e-5854eb7b8b09 - - - - -] image 0673dd71-34c5-4fbb-86c4-40623fbe45b4 at (/var/lib/nova/instances/_base/a489c868f0c37da93b76227c91bb03908ac0e742): in use: on this node 1 local, 0 on other nodes sharing this instance storagenova-api.log.2017-05-14_21:27:04
2017-05-14 20:00:47.510 25746 INFO nova.osapi_compute.wsgi.server [req-5f8986a7-f053-4f10-b94d-c3a5df095dcf 113d3a99c3da401fbd62cc2caa5b96d2 54fadb412c4e40cdbaed9335e4c35a9e - - -] 10.11.10.1 "GET /v2/54fadb412c4e40cdbaed9335e4c35a9e/servers/detail HTTP/1.1" status: 200 len: 1891 time: 0.2794261nova-compute.log.2017-05-14_21:27:09
2017-05-14 20:00:47.515 2931 INFO nova.virt.libvirt.imagecache [req-addc1839-2ed5-4778-b57e-5854eb7b8b09 - - - - -] Active base files: /var/lib/nova/instances/_base/a489c868f0c37da93b76227c91bb03908ac0e742nova-api.log.2017-05-14_21:27:04
2017-05-14 20:00:48.786 25746 INFO nova.osapi_compute.wsgi.server [req-39384d33-a52f-453d-8c51-a21604153fe3 113d3a99c3da401fbd62cc2caa5b96d2 54fadb412c4e40cdbaed9335e4c35a9e - - -] 10.11.10.1 "GET /v2/54fadb412c4e40cdbaed9335e4c35a9e/servers/detail HTTP/1.1" status: 200 len: 1891 time: 0.2697361nova-api.log.2017-05-14_21:27:04
2017-05-14 20:00:49.056 25746 INFO nova.osapi_compute.wsgi.server [req-b81a4501-6491-42f4-aa5e-eec4220a31bd 113d3a99c3da401fbd62cc2caa5b96d2 54fadb412c4e40cdbaed9335e4c35a9e - - -] 10.11.10.1 "GET /v2/54fadb412c4e40cdbaed9335e4c35a9e/servers/detail HTTP/1.1" status: 200 len: 1891 time: 0.2663722nova-api.log.2017-05-14_21:27:04
2017-05-14 20:00:50.326 25746 INFO nova.osapi_compute.wsgi.server [req-63ca65b1-454c-4d1c-b9d9-cfb7ec539ea2 113d3a99c3da401fbd62cc2caa5b96d2 54fadb412c4e40cdbaed9335e4c35a9e - - -] 10.11.10.1 "GET /v2/54fadb412c4e40cdbaed9335e4c35a9e/servers/detail HTTP/1.1" status: 200 len: 1891 time: 0.2633209nova-api.log.2017-05-14_21:27:04
2017-05-14 20:00:50.598 25746 INFO nova.osapi_compute.wsgi.server [req-bbf90c91-b245-4ea4-a3b8-18cfdcde4fb4 113d3a99c3da401fbd62cc2caa5b96d2 54fadb412c4e40cdbaed9335e4c35a9e - - -] 10.11.10.1 "GET /v2/54fadb412c4e40cdbaed9335e4c35a9e/servers/detail HTTP/1.1" status: 200 len: 1891 time: 0.2669539nova-api.log.2017-05-14_21:27:04
2017-05-14 20:00:50.720 25743 INFO nova.api.openstack.compute.server_external_events [req-e1ae0f7e-0016-4df9-a69c-45b182328e80 f7b8d1f1d4d44643b07fa10ca7d021fb e9746973ac574c6b8a9e8857f56a7608 - - -] Creating event network-vif-plugged:eca117d4-3827-4d80-9b45-beaa3cb29da9 for instance 56bbbaa6-d1d1-4243-bca0-be9371daceednova-api.log.2017-05-14_21:27:04
2017-05-14 20:00:50.725 25743 INFO nova.osapi_compute.wsgi.server [req-e1ae0f7e-0016-4df9-a69c-45b182328e80 f7b8d1f1d4d44643b07fa10ca7d021fb e9746973ac574c6b8a9e8857f56a7608 - - -] 10.11.10.1 "POST /v2/e9746973ac574c6b8a9e8857f56a7608/os-server-external-events HTTP/1.1" status: 200 len: 380 time: 0.0966909nova-compute.log.2017-05-14_21:27:09
2017-05-14 20:00:50.735 2931 INFO nova.compute.manager [req-3ea4052c-895d-4b64-9e2d-04d64c4d94ab - - - - -] [instance: 56bbbaa6-d1d1-4243-bca0-be9371daceed] VM Resumed (Lifecycle Event)nova-compute.log.2017-05-14_21:27:09
2017-05-14 20:00:50.743 2931 INFO nova.virt.libvirt.driver [-] [instance: 56bbbaa6-d1d1-4243-bca0-be9371daceed] Instance spawned successfully.
================================================================================
# Seq 2955-3004 ANOMALY
nova-api.log.2017-05-14_21:27:04
2017-05-14 20:01:11.706 25746 INFO nova.osapi_compute.wsgi.server [req-136ff9cd-d25a-4d90-ad64-57a13cc2435c 113d3a99c3da401fbd62cc2caa5b96d2 54fadb412c4e40cdbaed9335e4c35a9e - - -] 10.11.10.1 "GET /v2/54fadb412c4e40cdbaed9335e4c35a9e/servers/detail HTTP/1.1" status: 200 len: 1583 time: 0.1846409nova-compute.log.2017-05-14_21:27:09
2017-05-14 20:01:11.805 2931 INFO nova.compute.claims [req-5e49449b-f513-4f63-92c2-fbc52e95289a 113d3a99c3da401fbd62cc2caa5b96d2 54fadb412c4e40cdbaed9335e4c35a9e - - -] [instance: b043f927-338a-4816-bfe2-84ba3d56ecc3] Attempting claim: memory 2048 MB, disk 20 GB, vcpus 1 CPUnova-compute.log.2017-05-14_21:27:09
2017-05-14 20:01:11.806 2931 INFO nova.compute.claims [req-5e49449b-f513-4f63-92c2-fbc52e95289a 113d3a99c3da401fbd62cc2caa5b96d2 54fadb412c4e40cdbaed9335e4c35a9e - - -] [instance: b043f927-338a-4816-bfe2-84ba3d56ecc3] Total memory: 64172 MB, used: 512.00 MBnova-compute.log.2017-05-14_21:27:09
2017-05-14 20:01:11.807 2931 INFO nova.compute.claims [req-5e49449b-f513-4f63-92c2-fbc52e95289a 113d3a99c3da401fbd62cc2caa5b96d2 54fadb412c4e40cdbaed9335e4c35a9e - - -] [instance: b043f927-338a-4816-bfe2-84ba3d56ecc3] memory limit: 96258.00 MB, free: 95746.00 MBnova-compute.log.2017-05-14_21:27:09
2017-05-14 20:01:11.808 2931 INFO nova.compute.claims [req-5e49449b-f513-4f63-92c2-fbc52e95289a 113d3a99c3da401fbd62cc2caa5b96d2 54fadb412c4e40cdbaed9335e4c35a9e - - -] [instance: b043f927-338a-4816-bfe2-84ba3d56ecc3] Total disk: 15 GB, used: 0.00 GBnova-compute.log.2017-05-14_21:27:09
2017-05-14 20:01:11.808 2931 INFO nova.compute.claims [req-5e49449b-f513-4f63-92c2-fbc52e95289a 113d3a99c3da401fbd62cc2caa5b96d2 54fadb412c4e40cdbaed9335e4c35a9e - - -] [instance: b043f927-338a-4816-bfe2-84ba3d56ecc3] disk limit not specified, defaulting to unlimitednova-compute.log.2017-05-14_21:27:09
2017-05-14 20:01:11.809 2931 INFO nova.compute.claims [req-5e49449b-f513-4f63-92c2-fbc52e95289a 113d3a99c3da401fbd62cc2caa5b96d2 54fadb412c4e40cdbaed9335e4c35a9e - - -] [instance: b043f927-338a-4816-bfe2-84ba3d56ecc3] Total vcpu: 16 VCPU, used: 0.00 VCPUnova-compute.log.2017-05-14_21:27:09
2017-05-14 20:01:11.809 2931 INFO nova.compute.claims [req-5e49449b-f513-4f63-92c2-fbc52e95289a 113d3a99c3da401fbd62cc2caa5b96d2 54fadb412c4e40cdbaed9335e4c35a9e - - -] [instance: b043f927-338a-4816-bfe2-84ba3d56ecc3] vcpu limit not specified, defaulting to unlimitednova-compute.log.2017-05-14_21:27:09
2017-05-14 20:01:11.838 2931 INFO nova.compute.claims [req-5e49449b-f513-4f63-92c2-fbc52e95289a 113d3a99c3da401fbd62cc2caa5b96d2 54fadb412c4e40cdbaed9335e4c35a9e - - -] [instance: b043f927-338a-4816-bfe2-84ba3d56ecc3] Claim successfulnova-api.log.2017-05-14_21:27:04
2017-05-14 20:01:11.895 25746 INFO nova.osapi_compute.wsgi.server [req-a67e6838-d18c-4ce2-b5cb-439f229ff157 113d3a99c3da401fbd62cc2caa5b96d2 54fadb412c4e40cdbaed9335e4c35a9e - - -] 10.11.10.1 "GET /v2/54fadb412c4e40cdbaed9335e4c35a9e/servers/detail HTTP/1.1" status: 200 len: 1575 time: 0.1854298nova-api.log.2017-05-14_21:27:04
2017-05-14 20:01:12.092 25746 INFO nova.osapi_compute.wsgi.server [req-ed660479-0240-4c18-8472-9534960b7a17 113d3a99c3da401fbd62cc2caa5b96d2 54fadb412c4e40cdbaed9335e4c35a9e - - -] 10.11.10.1 "GET /v2/54fadb412c4e40cdbaed9335e4c35a9e/servers/b043f927-338a-4816-bfe2-84ba3d56ecc3 HTTP/1.1" status: 200 len: 1708 time: 0.1939280nova-compute.log.2017-05-14_21:27:09
2017-05-14 20:01:12.420 2931 INFO nova.virt.libvirt.driver [req-5e49449b-f513-4f63-92c2-fbc52e95289a 113d3a99c3da401fbd62cc2caa5b96d2 54fadb412c4e40cdbaed9335e4c35a9e - - -] [instance: b043f927-338a-4816-bfe2-84ba3d56ecc3] Creating imagenova-api.log.2017-05-14_21:27:04
2017-05-14 20:01:13.369 25746 INFO nova.osapi_compute.wsgi.server [req-00be86eb-09c4-4bfb-be0b-c3578f43bf3c 113d3a99c3da401fbd62cc2caa5b96d2 54fadb412c4e40cdbaed9335e4c35a9e - - -] 10.11.10.1 "GET /v2/54fadb412c4e40cdbaed9335e4c35a9e/servers/detail HTTP/1.1" status: 200 len: 1759 time: 0.2710919nova-api.log.2017-05-14_21:27:04
2017-05-14 20:01:13.642 25746 INFO nova.osapi_compute.wsgi.server [req-2a63fef7-a82c-4373-886e-158266fb35c9 113d3a99c3da401fbd62cc2caa5b96d2 54fadb412c4e40cdbaed9335e4c35a9e - - -] 10.11.10.1 "GET /v2/54fadb412c4e40cdbaed9335e4c35a9e/servers/detail HTTP/1.1" status: 200 len: 1759 time: 0.2678268nova-compute.log.2017-05-14_21:27:09
2017-05-14 20:01:13.729 2931 INFO nova.compute.manager [-] [instance: 56bbbaa6-d1d1-4243-bca0-be9371daceed] VM Stopped (Lifecycle Event)nova-api.log.2017-05-14_21:27:04
2017-05-14 20:01:14.916 25746 INFO nova.osapi_compute.wsgi.server [req-0c26d330-f8c0-402c-a314-fdc54e03ff02 113d3a99c3da401fbd62cc2caa5b96d2 54fadb412c4e40cdbaed9335e4c35a9e - - -] 10.11.10.1 "GET /v2/54fadb412c4e40cdbaed9335e4c35a9e/servers/detail HTTP/1.1" status: 200 len: 1891 time: 0.2688529nova-api.log.2017-05-14_21:27:04
2017-05-14 20:01:15.179 25746 INFO nova.osapi_compute.wsgi.server [req-17bc8461-e3b5-49c7-b595-dd5152b10815 113d3a99c3da401fbd62cc2caa5b96d2 54fadb412c4e40cdbaed9335e4c35a9e - - -] 10.11.10.1 "GET /v2/54fadb412c4e40cdbaed9335e4c35a9e/servers/detail HTTP/1.1" status: 200 len: 1891 time: 0.2585101nova-api.log.2017-05-14_21:27:04
2017-05-14 20:01:16.450 25746 INFO nova.osapi_compute.wsgi.server [req-1806f7a1-6b8b-45e8-875b-21752eed67c6 113d3a99c3da401fbd62cc2caa5b96d2 54fadb412c4e40cdbaed9335e4c35a9e - - -] 10.11.10.1 "GET /v2/54fadb412c4e40cdbaed9335e4c35a9e/servers/detail HTTP/1.1" status: 200 len: 1891 time: 0.2658451nova-api.log.2017-05-14_21:27:04
2017-05-14 20:01:16.714 25746 INFO nova.osapi_compute.wsgi.server [req-4f07c797-79c2-4ae0-8870-e4c21b3570e1 113d3a99c3da401fbd62cc2caa5b96d2 54fadb412c4e40cdbaed9335e4c35a9e - - -] 10.11.10.1 "GET /v2/54fadb412c4e40cdbaed9335e4c35a9e/servers/detail HTTP/1.1" status: 200 len: 1891 time: 0.2587988nova-api.log.2017-05-14_21:27:04
2017-05-14 20:01:17.991 25746 INFO nova.osapi_compute.wsgi.server [req-c322bafa-1c86-4f3d-be95-7d9ec8e3f72a 113d3a99c3da401fbd62cc2caa5b96d2 54fadb412c4e40cdbaed9335e4c35a9e - - -] 10.11.10.1 "GET /v2/54fadb412c4e40cdbaed9335e4c35a9e/servers/detail HTTP/1.1" status: 200 len: 1891 time: 0.2703528nova-api.log.2017-05-14_21:27:04
2017-05-14 20:01:18.263 25746 INFO nova.osapi_compute.wsgi.server [req-cc75ad2c-e8bc-4c74-8bb6-8c688ca9e75f 113d3a99c3da401fbd62cc2caa5b96d2 54fadb412c4e40cdbaed9335e4c35a9e - - -] 10.11.10.1 "GET /v2/54fadb412c4e40cdbaed9335e4c35a9e/servers/detail HTTP/1.1" status: 200 len: 1891 time: 0.2679372nova-api.log.2017-05-14_21:27:04
2017-05-14 20:01:19.703 25746 INFO nova.osapi_compute.wsgi.server [req-5f95eec1-ee71-4f65-8937-598e289dad29 113d3a99c3da401fbd62cc2caa5b96d2 54fadb412c4e40cdbaed9335e4c35a9e - - -] 10.11.10.1 "GET /v2/54fadb412c4e40cdbaed9335e4c35a9e/servers/detail HTTP/1.1" status: 200 len: 1891 time: 0.4339302nova-api.log.2017-05-14_21:27:04
2017-05-14 20:01:19.962 25746 INFO nova.osapi_compute.wsgi.server [req-239c70f6-f545-4e56-a7f5-a32c83cc6e56 113d3a99c3da401fbd62cc2caa5b96d2 54fadb412c4e40cdbaed9335e4c35a9e - - -] 10.11.10.1 "GET /v2/54fadb412c4e40cdbaed9335e4c35a9e/servers/detail HTTP/1.1" status: 200 len: 1891 time: 0.2548361nova-api.log.2017-05-14_21:27:04
2017-05-14 20:01:21.230 25746 INFO nova.osapi_compute.wsgi.server [req-a12cf6f0-e1c9-4de2-89ce-60d5e18bff0a 113d3a99c3da401fbd62cc2caa5b96d2 54fadb412c4e40cdbaed9335e4c35a9e - - -] 10.11.10.1 "GET /v2/54fadb412c4e40cdbaed9335e4c35a9e/servers/detail HTTP/1.1" status: 200 len: 1891 time: 0.2633870nova-api.log.2017-05-14_21:27:04
2017-05-14 20:01:21.502 25746 INFO nova.osapi_compute.wsgi.server [req-f3b0f2ce-26cd-4514-857a-d851636ba209 113d3a99c3da401fbd62cc2caa5b96d2 54fadb412c4e40cdbaed9335e4c35a9e - - -] 10.11.10.1 "GET /v2/54fadb412c4e40cdbaed9335e4c35a9e/servers/detail HTTP/1.1" status: 200 len: 1891 time: 0.2684112nova-api.log.2017-05-14_21:27:04
