2017-05-14 19:47:27.638 25746 INFO nova.osapi_compute.wsgi.server [req-9ea42319-e1ec-41de-a2fd-2de33bd497c4 113d3a99c3da401fbd62cc2caa5b96d2 54fadb412c4e40cdbaed9335e4c35a9e - - -] 10.11.10.1 "GET /v2/54fadb412c4e40cdbaed9335e4c35a9e/servers/detail HTTP/1.1" status: 200 len: 1893 time: 0.2750070nova-api.log.2017-05-14_21:27:04
2017-05-14 19:47:27.898 25746 INFO nova.osapi_compute.wsgi.server [req-381c116e-39a8-4e1f-b02d-9c6e7c3318b5 113d3a99c3da401fbd62cc2caa5b96d2 54fadb412c4e40cdbaed9335e4c35a9e - - -] 10.11.10.1 "GET /v2/54fadb412c4e40cdbaed9335e4c35a9e/servers/detail HTTP/1.1" status: 200 len: 1893 time: 0.2556329nova-api.log.2017-05-14_21:27:04
2017-05-14 19:47:29.164 25746 INFO nova.osapi_compute.wsgi.server [req-5a22a827-99c6-434f-8ffe-1feb1c0b43e7 113d3a99c3da401fbd62cc2caa5b96d2 54fadb412c4e40cdbaed9335e4c35a9e - - -] 10.11.10.1 "GET /v2/54fadb412c4e40cdbaed9335e4c35a9e/servers/detail HTTP/1.1" status: 200 len: 1893 time: 0.2604799nova-api.log.2017-05-14_21:27:04
2017-05-14 19:47:29.469 25746 INFO nova.osapi_compute.wsgi.server [req-9add4d8c-d391-4a07-bb06-7fd9ea778e7e 113d3a99c3da401fbd62cc2caa5b96d2 54fadb412c4e40cdbaed9335e4c35a9e - - -] 10.11.10.1 "GET /v2/54fadb412c4e40cdbaed9335e4c35a9e/servers/detail HTTP/1.1" status: 200 len: 1893 time: 0.3008802nova-api.log.2017-05-14_21:27:04
2017-05-14 19:47:30.746 25746 INFO nova.osapi_compute.wsgi.server [req-634f6c2b-ee23-4752-a337-d64faa2ab7a5 113d3a99c3da401fbd62cc2caa5b96d2 54fadb412c4e40cdbaed9335e4c35a9e - - -] 10.11.10.1 "GET /v2/54fadb412c4e40cdbaed9335e4c35a9e/servers/detail HTTP/1.1" status: 200 len: 1893 time: 0.2713809nova-api.log.2017-05-14_21:27:04
2017-05-14 19:47:31.007 25746 INFO nova.osapi_compute.wsgi.server [req-f6262c95-8a6b-497b-8f66-84e25967a2b5 113d3a99c3da401fbd62cc2caa5b96d2 54fadb412c4e40cdbaed9335e4c35a9e - - -] 10.11.10.1 "GET /v2/54fadb412c4e40cdbaed9335e4c35a9e/servers/detail HTTP/1.1" status: 200 len: 1893 time: 0.2555909nova-api.log.2017-05-14_21:27:04
2017-05-14 19:47:32.288 25746 INFO nova.osapi_compute.wsgi.server [req-5694a078-6a6c-4249-9013-04a72f502497 113d3a99c3da401fbd62cc2caa5b96d2 54fadb412c4e40cdbaed9335e4c35a9e - - -] 10.11.10.1 "GET /v2/54fadb412c4e40cdbaed9335e4c35a9e/servers/detail HTTP/1.1" status: 200 len: 1893 time: 0.2746060nova-api.log.2017-05-14_21:27:04
2017-05-14 19:47:32.645 25746 INFO nova.osapi_compute.wsgi.server [req-bd76c8d0-7d75-47ab-87d4-725e2eda8201 113d3a99c3da401fbd62cc2caa5b96d2 54fadb412c4e40cdbaed9335e4c35a9e - - -] 10.11.10.1 "GET /v2/54fadb412c4e40cdbaed9335e4c35a9e/servers/detail HTTP/1.1" status: 200 len: 1893 time: 0.3524330nova-api.log.2017-05-14_21:27:04
2017-05-14 19:47:33.913 25746 INFO nova.osapi_compute.wsgi.server [req-ec14b97e-df67-4737-9fef-2b40d49b4c03 113d3a99c3da401fbd62cc2caa5b96d2 54fadb412c4e40cdbaed9335e4c35a9e - - -] 10.11.10.1 "GET /v2/54fadb412c4e40cdbaed9335e4c35a9e/servers/detail HTTP/1.1" status: 200 len: 1893 time: 0.2634950nova-api.log.2017-05-14_21:27:04
2017-05-14 19:47:34.175 25746 INFO nova.osapi_compute.wsgi.server [req-5bfe087a-a846-4da9-9c59-05175e2f2d71 113d3a99c3da401fbd62cc2caa5b96d2 54fadb412c4e40cdbaed9335e4c35a9e - - -] 10.11.10.1 "GET /v2/54fadb412c4e40cdbaed9335e4c35a9e/servers/detail HTTP/1.1" status: 200 len: 1893 time: 0.2572110nova-compute.log.2017-05-14_21:27:09
2017-05-14 19:47:35.105 2931 INFO nova.compute.manager [req-3ea4052c-895d-4b64-9e2d-04d64c4d94ab - - - - -] [instance: 4e05e0e0-9ec3-4beb-a6f4-4e071884ec98] VM Started (Lifecycle Event)nova-compute.log.2017-05-14_21:27:09
2017-05-14 19:47:35.173 2931 INFO nova.compute.manager [req-3ea4052c-895d-4b64-9e2d-04d64c4d94ab - - - - -] [instance: 4e05e0e0-9ec3-4beb-a6f4-4e071884ec98] VM Paused (Lifecycle Event)nova-compute.log.2017-05-14_21:27:09
2017-05-14 19:47:35.290 2931 INFO nova.compute.manager [req-3ea4052c-895d-4b64-9e2d-04d64c4d94ab - - - - -] [instance: 4e05e0e0-9ec3-4beb-a6f4-4e071884ec98] During sync_power_state the instance has a pending task (spawning). Skip.nova-api.log.2017-05-14_21:27:04
2017-05-14 19:47:35.463 25746 INFO nova.osapi_compute.wsgi.server [req-3a94a2cd-7559-4d3d-89f7-a8d4e54b3744 113d3a99c3da401fbd62cc2caa5b96d2 54fadb412c4e40cdbaed9335e4c35a9e - - -] 10.11.10.1 "GET /v2/54fadb412c4e40cdbaed9335e4c35a9e/servers/detail HTTP/1.1" status: 200 len: 1893 time: 0.2828958nova-api.log.2017-05-14_21:27:04
2017-05-14 19:47:35.732 25746 INFO nova.osapi_compute.wsgi.server [req-00cf2e70-da59-46e4-bf11-c8c83a4aa13a 113d3a99c3da401fbd62cc2caa5b96d2 54fadb412c4e40cdbaed9335e4c35a9e - - -] 10.11.10.1 "GET /v2/54fadb412c4e40cdbaed9335e4c35a9e/servers/detail HTTP/1.1" status: 200 len: 1893 time: 0.2651601nova-compute.log.2017-05-14_21:27:09
2017-05-14 19:47:36.141 2931 INFO nova.virt.libvirt.imagecache [req-addc1839-2ed5-4778-b57e-5854eb7b8b09 - - - - -] image 0673dd71-34c5-4fbb-86c4-40623fbe45b4 at (/var/lib/nova/instances/_base/a489c868f0c37da93b76227c91bb03908ac0e742): checkingnova-compute.log.2017-05-14_21:27:09
2017-05-14 19:47:36.142 2931 INFO nova.virt.libvirt.imagecache [req-addc1839-2ed5-4778-b57e-5854eb7b8b09 - - - - -] image 0673dd71-34c5-4fbb-86c4-40623fbe45b4 at (/var/lib/nova/instances/_base/a489c868f0c37da93b76227c91bb03908ac0e742): in use: on this node 1 local, 0 on other nodes sharing this instance storagenova-compute.log.2017-05-14_21:27:09
2017-05-14 19:47:36.323 2931 INFO nova.virt.libvirt.imagecache [req-addc1839-2ed5-4778-b57e-5854eb7b8b09 - - - - -] Active base files: /var/lib/nova/instances/_base/a489c868f0c37da93b76227c91bb03908ac0e742nova-api.log.2017-05-14_21:27:04
2017-05-14 19:47:37.005 25746 INFO nova.osapi_compute.wsgi.server [req-57c232ef-e537-45e6-8d35-29084b3020fd 113d3a99c3da401fbd62cc2caa5b96d2 54fadb412c4e40cdbaed9335e4c35a9e - - -] 10.11.10.1 "GET /v2/54fadb412c4e40cdbaed9335e4c35a9e/servers/detail HTTP/1.1" status: 200 len: 1893 time: 0.2671609nova-api.log.2017-05-14_21:27:04
2017-05-14 19:47:37.274 25746 INFO nova.osapi_compute.wsgi.server [req-c3ea108b-6303-4450-99e5-defd970dcecb 113d3a99c3da401fbd62cc2caa5b96d2 54fadb412c4e40cdbaed9335e4c35a9e - - -] 10.11.10.1 "GET /v2/54fadb412c4e40cdbaed9335e4c35a9e/servers/detail HTTP/1.1" status: 200 len: 1893 time: 0.2640970nova-api.log.2017-05-14_21:27:04
2017-05-14 19:47:38.708 25746 INFO nova.osapi_compute.wsgi.server [req-c3cfbc9e-a8c1-4b51-b9cf-8bd6b182f5fe 113d3a99c3da401fbd62cc2caa5b96d2 54fadb412c4e40cdbaed9335e4c35a9e - - -] 10.11.10.1 "GET /v2/54fadb412c4e40cdbaed9335e4c35a9e/servers/detail HTTP/1.1" status: 200 len: 1893 time: 0.4278932nova-api.log.2017-05-14_21:27:04
2017-05-14 19:47:38.984 25746 INFO nova.osapi_compute.wsgi.server [req-4fcb51eb-9910-4fe3-b603-14453def2e1a 113d3a99c3da401fbd62cc2caa5b96d2 54fadb412c4e40cdbaed9335e4c35a9e - - -] 10.11.10.1 "GET /v2/54fadb412c4e40cdbaed9335e4c35a9e/servers/detail HTTP/1.1" status: 200 len: 1893 time: 0.2704170nova-api.log.2017-05-14_21:27:04
2017-05-14 19:47:40.240 25746 INFO nova.osapi_compute.wsgi.server [req-b26ad6c6-c840-484f-b864-d31c901d9492 113d3a99c3da401fbd62cc2caa5b96d2 54fadb412c4e40cdbaed9335e4c35a9e - - -] 10.11.10.1 "GET /v2/54fadb412c4e40cdbaed9335e4c35a9e/servers/detail HTTP/1.1" status: 200 len: 1893 time: 0.2510650nova-api.log.2017-05-14_21:27:04
2017-05-14 19:47:40.502 25746 INFO nova.osapi_compute.wsgi.server [req-6f276c7d-a5c5-475c-aebf-50e6b78beb46 113d3a99c3da401fbd62cc2caa5b96d2 54fadb412c4e40cdbaed9335e4c35a9e - - -] 10.11.10.1 "GET /v2/54fadb412c4e40cdbaed9335e4c35a9e/servers/detail HTTP/1.1" status: 200 len: 1893 time: 0.2572012nova-api.log.2017-05-14_21:27:04
2017-05-14 19:47:41.105 25743 INFO nova.api.openstack.compute.server_external_events [req-e1396716-5ca0-4efd-8e4a-392392478f60 f7b8d1f1d4d44643b07fa10ca7d021fb e9746973ac574c6b8a9e8857f56a7608 - - -] Creating event network-vif-plugged:85b993a0-3399-4c9c-8878-44fd8f7b0999 for instance 4e05e0e0-9ec3-4beb-a6f4-4e071884ec98nova-api.log.2017-05-14_21:27:04
2017-05-14 19:47:41.110 25743 INFO nova.osapi_compute.wsgi.server [req-e1396716-5ca0-4efd-8e4a-392392478f60 f7b8d1f1d4d44643b07fa10ca7d021fb e9746973ac574c6b8a9e8857f56a7608 - - -] 10.11.10.1 "POST /v2/e9746973ac574c6b8a9e8857f56a7608/os-server-external-events HTTP/1.1" status: 200 len: 380 time: 0.2444739nova-compute.log.2017-05-14_21:27:09
2017-05-14 19:47:41.119 2931 INFO nova.compute.manager [req-3ea4052c-895d-4b64-9e2d-04d64c4d94ab - - - - -] [instance: 4e05e0e0-9ec3-4beb-a6f4-4e071884ec98] VM Resumed (Lifecycle Event)
================================================================================
# Seq 1350-1399 ANOMALY
nova-api.log.2017-05-14_21:27:04
2017-05-14 19:49:23.765 25746 INFO nova.osapi_compute.wsgi.server [req-60afe302-12e2-4c86-b920-3750f62d7b15 113d3a99c3da401fbd62cc2caa5b96d2 54fadb412c4e40cdbaed9335e4c35a9e - - -] 10.11.10.1 "POST /v2/54fadb412c4e40cdbaed9335e4c35a9e/servers HTTP/1.1" status: 202 len: 733 time: 0.5138760nova-api.log.2017-05-14_21:27:04
2017-05-14 19:49:23.955 25746 INFO nova.osapi_compute.wsgi.server [req-d124bb9d-8dbc-43a5-9a8e-936fe868895c 113d3a99c3da401fbd62cc2caa5b96d2 54fadb412c4e40cdbaed9335e4c35a9e - - -] 10.11.10.1 "GET /v2/54fadb412c4e40cdbaed9335e4c35a9e/servers/detail HTTP/1.1" status: 200 len: 1583 time: 0.1862161nova-compute.log.2017-05-14_21:27:09
2017-05-14 19:49:24.054 2931 INFO nova.compute.claims [req-60afe302-12e2-4c86-b920-3750f62d7b15 113d3a99c3da401fbd62cc2caa5b96d2 54fadb412c4e40cdbaed9335e4c35a9e - - -] [instance: af9d460c-89bf-4b71-b362-0b10adc2ff37] Attempting claim: memory 2048 MB, disk 20 GB, vcpus 1 CPUnova-compute.log.2017-05-14_21:27:09
2017-05-14 19:49:24.055 2931 INFO nova.compute.claims [req-60afe302-12e2-4c86-b920-3750f62d7b15 113d3a99c3da401fbd62cc2caa5b96d2 54fadb412c4e40cdbaed9335e4c35a9e - - -] [instance: af9d460c-89bf-4b71-b362-0b10adc2ff37] Total memory: 64172 MB, used: 512.00 MBnova-compute.log.2017-05-14_21:27:09
2017-05-14 19:49:24.056 2931 INFO nova.compute.claims [req-60afe302-12e2-4c86-b920-3750f62d7b15 113d3a99c3da401fbd62cc2caa5b96d2 54fadb412c4e40cdbaed9335e4c35a9e - - -] [instance: af9d460c-89bf-4b71-b362-0b10adc2ff37] memory limit: 96258.00 MB, free: 95746.00 MBnova-compute.log.2017-05-14_21:27:09
2017-05-14 19:49:24.057 2931 INFO nova.compute.claims [req-60afe302-12e2-4c86-b920-3750f62d7b15 113d3a99c3da401fbd62cc2caa5b96d2 54fadb412c4e40cdbaed9335e4c35a9e - - -] [instance: af9d460c-89bf-4b71-b362-0b10adc2ff37] Total disk: 15 GB, used: 0.00 GBnova-compute.log.2017-05-14_21:27:09
2017-05-14 19:49:24.057 2931 INFO nova.compute.claims [req-60afe302-12e2-4c86-b920-3750f62d7b15 113d3a99c3da401fbd62cc2caa5b96d2 54fadb412c4e40cdbaed9335e4c35a9e - - -] [instance: af9d460c-89bf-4b71-b362-0b10adc2ff37] disk limit not specified, defaulting to unlimitednova-compute.log.2017-05-14_21:27:09
2017-05-14 19:49:24.058 2931 INFO nova.compute.claims [req-60afe302-12e2-4c86-b920-3750f62d7b15 113d3a99c3da401fbd62cc2caa5b96d2 54fadb412c4e40cdbaed9335e4c35a9e - - -] [instance: af9d460c-89bf-4b71-b362-0b10adc2ff37] Total vcpu: 16 VCPU, used: 0.00 VCPUnova-compute.log.2017-05-14_21:27:09
2017-05-14 19:49:24.058 2931 INFO nova.compute.claims [req-60afe302-12e2-4c86-b920-3750f62d7b15 113d3a99c3da401fbd62cc2caa5b96d2 54fadb412c4e40cdbaed9335e4c35a9e - - -] [instance: af9d460c-89bf-4b71-b362-0b10adc2ff37] vcpu limit not specified, defaulting to unlimitednova-compute.log.2017-05-14_21:27:09
2017-05-14 19:49:24.092 2931 INFO nova.compute.claims [req-60afe302-12e2-4c86-b920-3750f62d7b15 113d3a99c3da401fbd62cc2caa5b96d2 54fadb412c4e40cdbaed9335e4c35a9e - - -] [instance: af9d460c-89bf-4b71-b362-0b10adc2ff37] Claim successfulnova-api.log.2017-05-14_21:27:04
2017-05-14 19:49:24.236 25746 INFO nova.osapi_compute.wsgi.server [req-797943a6-667e-4823-b056-408ccadaefb8 113d3a99c3da401fbd62cc2caa5b96d2 54fadb412c4e40cdbaed9335e4c35a9e - - -] 10.11.10.1 "GET /v2/54fadb412c4e40cdbaed9335e4c35a9e/servers/detail HTTP/1.1" status: 200 len: 1575 time: 0.2778089nova-api.log.2017-05-14_21:27:04
2017-05-14 19:49:24.440 25746 INFO nova.osapi_compute.wsgi.server [req-8386c16e-2ced-485d-b519-2fb2bb37c27f 113d3a99c3da401fbd62cc2caa5b96d2 54fadb412c4e40cdbaed9335e4c35a9e - - -] 10.11.10.1 "GET /v2/54fadb412c4e40cdbaed9335e4c35a9e/servers/af9d460c-89bf-4b71-b362-0b10adc2ff37 HTTP/1.1" status: 200 len: 1708 time: 0.1988380nova-compute.log.2017-05-14_21:27:09
2017-05-14 19:49:24.825 2931 INFO nova.virt.libvirt.driver [req-60afe302-12e2-4c86-b920-3750f62d7b15 113d3a99c3da401fbd62cc2caa5b96d2 54fadb412c4e40cdbaed9335e4c35a9e - - -] [instance: af9d460c-89bf-4b71-b362-0b10adc2ff37] Creating imagenova-api.log.2017-05-14_21:27:04
2017-05-14 19:49:25.703 25746 INFO nova.osapi_compute.wsgi.server [req-d98b801a-1381-4d20-bc3f-01cae8228da0 113d3a99c3da401fbd62cc2caa5b96d2 54fadb412c4e40cdbaed9335e4c35a9e - - -] 10.11.10.1 "GET /v2/54fadb412c4e40cdbaed9335e4c35a9e/servers/detail HTTP/1.1" status: 200 len: 1759 time: 0.2576759nova-api.log.2017-05-14_21:27:04
2017-05-14 19:49:25.981 25746 INFO nova.osapi_compute.wsgi.server [req-0a797586-b741-4589-912d-48f6a58e0042 113d3a99c3da401fbd62cc2caa5b96d2 54fadb412c4e40cdbaed9335e4c35a9e - - -] 10.11.10.1 "GET /v2/54fadb412c4e40cdbaed9335e4c35a9e/servers/detail HTTP/1.1" status: 200 len: 1759 time: 0.2737010nova-compute.log.2017-05-14_21:27:09
2017-05-14 19:49:26.123 2931 INFO nova.compute.manager [-] [instance: 993aa6ff-b8e2-4966-a785-4e5f0fe28ce9] VM Stopped (Lifecycle Event)nova-api.log.2017-05-14_21:27:04
2017-05-14 19:49:27.255 25746 INFO nova.osapi_compute.wsgi.server [req-1e0e540d-e7ad-44f1-8b55-233ce9e97d66 113d3a99c3da401fbd62cc2caa5b96d2 54fadb412c4e40cdbaed9335e4c35a9e - - -] 10.11.10.1 "GET /v2/54fadb412c4e40cdbaed9335e4c35a9e/servers/detail HTTP/1.1" status: 200 len: 1893 time: 0.2693908nova-api.log.2017-05-14_21:27:04
2017-05-14 19:49:27.536 25746 INFO nova.osapi_compute.wsgi.server [req-181393d1-3bab-4bdf-8805-46b37f1d77cb 113d3a99c3da401fbd62cc2caa5b96d2 54fadb412c4e40cdbaed9335e4c35a9e - - -] 10.11.10.1 "GET /v2/54fadb412c4e40cdbaed9335e4c35a9e/servers/detail HTTP/1.1" status: 200 len: 1893 time: 0.2759960nova-api.log.2017-05-14_21:27:04
2017-05-14 19:49:28.795 25746 INFO nova.osapi_compute.wsgi.server [req-1ba351e1-3207-4f08-8f51-cd862c437bbb 113d3a99c3da401fbd62cc2caa5b96d2 54fadb412c4e40cdbaed9335e4c35a9e - - -] 10.11.10.1 "GET /v2/54fadb412c4e40cdbaed9335e4c35a9e/servers/detail HTTP/1.1" status: 200 len: 1893 time: 0.2531009nova-api.log.2017-05-14_21:27:04
2017-05-14 19:49:29.051 25746 INFO nova.osapi_compute.wsgi.server [req-b7ace7ef-9740-40ae-a23b-618fdb27ecc3 113d3a99c3da401fbd62cc2caa5b96d2 54fadb412c4e40cdbaed9335e4c35a9e - - -] 10.11.10.1 "GET /v2/54fadb412c4e40cdbaed9335e4c35a9e/servers/detail HTTP/1.1" status: 200 len: 1893 time: 0.2527471nova-api.log.2017-05-14_21:27:04
2017-05-14 19:49:30.323 25746 INFO nova.osapi_compute.wsgi.server [req-83c2441b-5ccd-45ba-b29b-8c8946988208 113d3a99c3da401fbd62cc2caa5b96d2 54fadb412c4e40cdbaed9335e4c35a9e - - -] 10.11.10.1 "GET /v2/54fadb412c4e40cdbaed9335e4c35a9e/servers/detail HTTP/1.1" status: 200 len: 1893 time: 0.2655470nova-api.log.2017-05-14_21:27:04
2017-05-14 19:49:30.578 25746 INFO nova.osapi_compute.wsgi.server [req-341ecea2-7491-4fa8-88f4-7dbf2e0e8fb8 113d3a99c3da401fbd62cc2caa5b96d2 54fadb412c4e40cdbaed9335e4c35a9e - - -] 10.11.10.1 "GET /v2/54fadb412c4e40cdbaed9335e4c35a9e/servers/detail HTTP/1.1" status: 200 len: 1893 time: 0.2496369nova-api.log.2017-05-14_21:27:04
2017-05-14 19:49:31.848 25746 INFO nova.osapi_compute.wsgi.server [req-f6d40ddf-e401-4fc9-9030-9a4b200e6636 113d3a99c3da401fbd62cc2caa5b96d2 54fadb412c4e40cdbaed9335e4c35a9e - - -] 10.11.10.1 "GET /v2/54fadb412c4e40cdbaed9335e4c35a9e/servers/detail HTTP/1.1" status: 200 len: 1893 time: 0.2649629nova-api.log.2017-05-14_21:27:04
2017-05-14 19:49:32.094 25746 INFO nova.osapi_compute.wsgi.server [req-787e4434-3110-4046-b1b6-541cb81dcbf1 113d3a99c3da401fbd62cc2caa5b96d2 54fadb412c4e40cdbaed9335e4c35a9e - - -] 10.11.10.1 "GET /v2/54fadb412c4e40cdbaed9335e4c35a9e/servers/detail HTTP/1.1" status: 200 len: 1893 time: 0.2416210nova-api.log.2017-05-14_21:27:04
2017-05-14 19:49:33.386 25746 INFO nova.osapi_compute.wsgi.server [req-502d56bf-6c6d-431a-9ca4-84ff0c3c1999 113d3a99c3da401fbd62cc2caa5b96d2 54fadb412c4e40cdbaed9335e4c35a9e - - -] 10.11.10.1 "GET /v2/54fadb412c4e40cdbaed9335e4c35a9e/servers/detail HTTP/1.1" status: 200 len: 1893 time: 0.2870731nova-api.log.2017-05-14_21:27:04
2017-05-14 19:49:33.670 25746 INFO nova.osapi_compute.wsgi.server [req-a8e84d46-7151-48d8-ac49-7af1bfa0be07 113d3a99c3da401fbd62cc2caa5b96d2 54fadb412c4e40cdbaed9335e4c35a9e - - -] 10.11.10.1 "GET /v2/54fadb412c4e40cdbaed9335e4c35a9e/servers/detail HTTP/1.1" status: 200 len: 1893 time: 0.2798550nova-api.log.2017-05-14_21:27:04
2017-05-14 19:49:34.946 25746 INFO nova.osapi_compute.wsgi.server [req-2e621ce5-1043-47c6-b194-ea5c534bb397 113d3a99c3da401fbd62cc2caa5b96d2 54fadb412c4e40cdbaed9335e4c35a9e - - -] 10.11.10.1 "GET /v2/54fadb412c4e40cdbaed9335e4c35a9e/servers/detail HTTP/1.1" status: 200 len: 1893 time: 0.2704961nova-api.log.2017-05-14_21:27:04
2017-05-14 19:49:35.218 25746 INFO nova.osapi_compute.wsgi.server [req-1663b431-766d-4888-8c76-1e0195defbba 113d3a99c3da401fbd62cc2caa5b96d2 54fadb412c4e40cdbaed9335e4c35a9e - - -] 10.11.10.1 "GET /v2/54fadb412c4e40cdbaed9335e4c35a9e/servers/detail HTTP/1.1" status: 200 len: 1893 time: 0.2676640nova-compute.log.2017-05-14_21:27:09
2017-05-14 19:49:36.313 2931 INFO nova.virt.libvirt.imagecache [req-addc1839-2ed5-4778-b57e-5854eb7b8b09 - - - - -] image 0673dd71-34c5-4fbb-86c4-40623fbe45b4 at (/var/lib/nova/instances/_base/a489c868f0c37da93b76227c91bb03908ac0e742): checkingnova-compute.log.2017-05-14_21:27:09
2017-05-14 19:49:36.315 2931 INFO nova.virt.libvirt.imagecache [req-addc1839-2ed5-4778-b57e-5854eb7b8b09 - - - - -] image 0673dd71-34c5-4fbb-86c4-40623fbe45b4 at (/var/lib/nova/instances/_base/a489c868f0c37da93b76227c91bb03908ac0e742): in use: on this node 1 local, 0 on other nodes sharing this instance storagenova-api.log.2017-05-14_21:27:04
2017-05-14 19:49:36.492 25746 INFO nova.osapi_compute.wsgi.server [req-243c224d-e83b-4271-afd0-3f03874480db 113d3a99c3da401fbd62cc2caa5b96d2 54fadb412c4e40cdbaed9335e4c35a9e - - -] 10.11.10.1 "GET /v2/54fadb412c4e40cdbaed9335e4c35a9e/servers/detail HTTP/1.1" status: 200 len: 1893 time: 0.2678161nova-compute.log.2017-05-14_21:27:09
2017-05-14 19:49:36.527 2931 INFO nova.virt.libvirt.imagecache [req-addc1839-2ed5-4778-b57e-5854eb7b8b09 - - - - -] Active base files: /var/lib/nova/instances/_base/a489c868f0c37da93b76227c91bb03908ac0e742nova-api.log.2017-05-14_21:27:04
2017-05-14 19:49:36.753 25746 INFO nova.osapi_compute.wsgi.server [req-f97f5730-1605-4649-982b-7fc84de13129 113d3a99c3da401fbd62cc2caa5b96d2 54fadb412c4e40cdbaed9335e4c35a9e - - -] 10.11.10.1 "GET /v2/54fadb412c4e40cdbaed9335e4c35a9e/servers/detail HTTP/1.1" status: 200 len: 1893 time: 0.2563550nova-api.log.2017-05-14_21:27:04
2017-05-14 19:49:38.198 25746 INFO nova.osapi_compute.wsgi.server [req-df407de4-a6c5-408c-9da2-0f756b3d22f2 113d3a99c3da401fbd62cc2caa5b96d2 54fadb412c4e40cdbaed9335e4c35a9e - - -] 10.11.10.1 "GET /v2/54fadb412c4e40cdbaed9335e4c35a9e/servers/detail HTTP/1.1" status: 200 len: 1893 time: 0.4396291nova-compute.log.2017-05-14_21:27:09
2017-05-14 19:49:38.434 2931 INFO nova.compute.manager [req-3ea4052c-895d-4b64-9e2d-04d64c4d94ab - - - - -] [instance: af9d460c-89bf-4b71-b362-0b10adc2ff37] VM Started (Lifecycle Event)nova-api.log.2017-05-14_21:27:04
2017-05-14 19:49:38.474 25746 INFO nova.osapi_compute.wsgi.server [req-6db0583c-bd9f-48d0-afb9-fb5f455fec8b 113d3a99c3da401fbd62cc2caa5b96d2 54fadb412c4e40cdbaed9335e4c35a9e - - -] 10.11.10.1 "GET /v2/54fadb412c4e40cdbaed9335e4c35a9e/servers/detail HTTP/1.1" status: 200 len: 1893 time: 0.2710719nova-compute.log.2017-05-14_21:27:09
2017-05-14 19:49:38.499 2931 INFO nova.compute.manager [req-3ea4052c-895d-4b64-9e2d-04d64c4d94ab - - - - -] [instance: af9d460c-89bf-4b71-b362-0b10adc2ff37] VM Paused (Lifecycle Event)nova-compute.log.2017-05-14_21:27:09
2017-05-14 19:49:38.622 2931 INFO nova.compute.manager [req-3ea4052c-895d-4b64-9e2d-04d64c4d94ab - - - - -] [instance: af9d460c-89bf-4b71-b362-0b10adc2ff37] During sync_power_state the instance has a pending task (spawning). Skip.nova-api.log.2017-05-14_21:27:04
2017-05-14 19:49:39.743 25746 INFO nova.osapi_compute.wsgi.server [req-75cb2882-4e77-49db-a867-b992f4ad2027 113d3a99c3da401fbd62cc2caa5b96d2 54fadb412c4e40cdbaed9335e4c35a9e - - -] 10.11.10.1 "GET /v2/54fadb412c4e40cdbaed9335e4c35a9e/servers/detail HTTP/1.1" status: 200 len: 1893 time: 0.2642090nova-api.log.2017-05-14_21:27:04
2017-05-14 19:49:40.007 25746 INFO nova.osapi_compute.wsgi.server [req-7bb2074b-ec39-498b-87df-cd60fc3d3b39 113d3a99c3da401fbd62cc2caa5b96d2 54fadb412c4e40cdbaed9335e4c35a9e - - -] 10.11.10.1 "GET /v2/54fadb412c4e40cdbaed9335e4c35a9e/servers/detail HTTP/1.1" status: 200 len: 1893 time: 0.2603478nova-api.log.2017-05-14_21:27:04
2017-05-14 19:49:41.289 25746 INFO nova.osapi_compute.wsgi.server [req-009ccb9c-255e-499d-b7b2-d49afc288f35 113d3a99c3da401fbd62cc2caa5b96d2 54fadb412c4e40cdbaed9335e4c35a9e - - -] 10.11.10.1 "GET /v2/54fadb412c4e40cdbaed9335e4c35a9e/servers/detail HTTP/1.1" status: 200 len: 1893 time: 0.2758570nova-compute.log.2017-05-14_21:27:09
2017-05-14 19:49:41.582 2931 INFO nova.virt.libvirt.imagecache [req-addc1839-2ed5-4778-b57e-5854eb7b8b09 - - - - -] image 0673dd71-34c5-4fbb-86c4-40623fbe45b4 at (/var/lib/nova/instances/_base/a489c868f0c37da93b76227c91bb03908ac0e742): checkingnova-compute.log.2017-05-14_21:27:09
2017-05-14 19:49:41.583 2931 INFO nova.virt.libvirt.imagecache [req-addc1839-2ed5-4778-b57e-5854eb7b8b09 - - - - -] image 0673dd71-34c5-4fbb-86c4-40623fbe45b4 at (/var/lib/nova/instances/_base/a489c868f0c37da93b76227c91bb03908ac0e742): in use: on this node 1 local, 0 on other nodes sharing this instance storagenova-api.log.2017-05-14_21:27:04
2017-05-14 19:49:41.600 25746 INFO nova.osapi_compute.wsgi.server [req-54441a05-8876-4ca1-aecc-1d21b2d5054f 113d3a99c3da401fbd62cc2caa5b96d2 54fadb412c4e40cdbaed9335e4c35a9e - - -] 10.11.10.1 "GET /v2/54fadb412c4e40cdbaed9335e4c35a9e/servers/detail HTTP/1.1" status: 200 len: 1893 time: 0.3069029nova-compute.log.2017-05-14_21:27:09
2017-05-14 19:49:41.773 2931 INFO nova.virt.libvirt.imagecache [req-addc1839-2ed5-4778-b57e-5854eb7b8b09 - - - - -] Active base files: /var/lib/nova/instances/_base/a489c868f0c37da93b76227c91bb03908ac0e742nova-api.log.2017-05-14_21:27:04
2017-05-14 19:49:42.871 25746 INFO nova.osapi_compute.wsgi.server [req-0bec2885-80d3-42a9-880c-04935790f300 113d3a99c3da401fbd62cc2caa5b96d2 54fadb412c4e40cdbaed9335e4c35a9e - - -] 10.11.10.1 "GET /v2/54fadb412c4e40cdbaed9335e4c35a9e/servers/detail HTTP/1.1" status: 200 len: 1893 time: 0.2654109nova-api.log.2017-05-14_21:27:04
2017-05-14 19:49:43.139 25746 INFO nova.osapi_compute.wsgi.server [req-1307d6c7-7500-4d60-8721-3698c4aad067 113d3a99c3da401fbd62cc2caa5b96d2 54fadb412c4e40cdbaed9335e4c35a9e - - -] 10.11.10.1 "GET /v2/54fadb412c4e40cdbaed9335e4c35a9e/servers/detail HTTP/1.1" status: 200 len: 1893 time: 0.2643921nova-api.log.2017-05-14_21:27:04
2017-05-14 19:49:44.413 25746 INFO nova.osapi_compute.wsgi.server [req-6411e76c-20aa-47e7-a9fc-d6e467c05de9 113d3a99c3da401fbd62cc2caa5b96d2 54fadb412c4e40cdbaed9335e4c35a9e - - -] 10.11.10.1 "GET /v2/54fadb412c4e40cdbaed9335e4c35a9e/servers/detail HTTP/1.1" status: 200 len: 1893 time: 0.2681789nova-api.log.2017-05-14_21:27:04
2017-05-14 19:49:44.693 25746 INFO nova.osapi_compute.wsgi.server [req-c788a3cc-8456-404c-b187-471009c1947f 113d3a99c3da401fbd62cc2caa5b96d2 54fadb412c4e40cdbaed9335e4c35a9e - - -] 10.11.10.1 "GET /v2/54fadb412c4e40cdbaed9335e4c35a9e/servers/detail HTTP/1.1" status: 200 len: 1893 time: 0.2766511nova-api.log.2017-05-14_21:27:04
2017-05-14 19:49:45.026 25743 INFO nova.api.openstack.compute.server_external_events [req-4de7ab35-8144-42d9-948e-09a43aff9f13 f7b8d1f1d4d44643b07fa10ca7d021fb e9746973ac574c6b8a9e8857f56a7608 - - -] Creating event network-vif-plugged:084e408f-1bb0-47ea-9163-54c8105ed089 for instance af9d460c-89bf-4b71-b362-0b10adc2ff37
================================================================================
# Seq 1630-1679 ANOMALY
nova-compute.log.2017-05-14_21:27:09
2017-05-14 19:51:20.781 2931 INFO nova.virt.libvirt.imagecache [req-addc1839-2ed5-4778-b57e-5854eb7b8b09 - - - - -] Removing base or swap file: /var/lib/nova/instances/_base/a489c868f0c37da93b76227c91bb03908ac0e742nova-api.log.2017-05-14_21:27:04
2017-05-14 19:51:27.841 25746 INFO nova.osapi_compute.wsgi.server [req-897c9018-e606-41ff-890b-eff1492d3b09 113d3a99c3da401fbd62cc2caa5b96d2 54fadb412c4e40cdbaed9335e4c35a9e - - -] 10.11.10.1 "POST /v2/54fadb412c4e40cdbaed9335e4c35a9e/servers HTTP/1.1" status: 202 len: 733 time: 0.4626961nova-api.log.2017-05-14_21:27:04
2017-05-14 19:51:28.049 25746 INFO nova.osapi_compute.wsgi.server [req-c6841a48-fd49-4f4e-b373-ec50c8414628 113d3a99c3da401fbd62cc2caa5b96d2 54fadb412c4e40cdbaed9335e4c35a9e - - -] 10.11.10.1 "GET /v2/54fadb412c4e40cdbaed9335e4c35a9e/servers/detail HTTP/1.1" status: 200 len: 1583 time: 0.2021179nova-compute.log.2017-05-14_21:27:09
2017-05-14 19:51:28.142 2931 INFO nova.compute.claims [req-897c9018-e606-41ff-890b-eff1492d3b09 113d3a99c3da401fbd62cc2caa5b96d2 54fadb412c4e40cdbaed9335e4c35a9e - - -] [instance: a642a091-0eba-48db-b4aa-51f1453995d1] Attempting claim: memory 2048 MB, disk 20 GB, vcpus 1 CPUnova-compute.log.2017-05-14_21:27:09
2017-05-14 19:51:28.143 2931 INFO nova.compute.claims [req-897c9018-e606-41ff-890b-eff1492d3b09 113d3a99c3da401fbd62cc2caa5b96d2 54fadb412c4e40cdbaed9335e4c35a9e - - -] [instance: a642a091-0eba-48db-b4aa-51f1453995d1] Total memory: 64172 MB, used: 512.00 MBnova-compute.log.2017-05-14_21:27:09
2017-05-14 19:51:28.144 2931 INFO nova.compute.claims [req-897c9018-e606-41ff-890b-eff1492d3b09 113d3a99c3da401fbd62cc2caa5b96d2 54fadb412c4e40cdbaed9335e4c35a9e - - -] [instance: a642a091-0eba-48db-b4aa-51f1453995d1] memory limit: 96258.00 MB, free: 95746.00 MBnova-compute.log.2017-05-14_21:27:09
2017-05-14 19:51:28.145 2931 INFO nova.compute.claims [req-897c9018-e606-41ff-890b-eff1492d3b09 113d3a99c3da401fbd62cc2caa5b96d2 54fadb412c4e40cdbaed9335e4c35a9e - - -] [instance: a642a091-0eba-48db-b4aa-51f1453995d1] Total disk: 15 GB, used: 0.00 GBnova-compute.log.2017-05-14_21:27:09
2017-05-14 19:51:28.146 2931 INFO nova.compute.claims [req-897c9018-e606-41ff-890b-eff1492d3b09 113d3a99c3da401fbd62cc2caa5b96d2 54fadb412c4e40cdbaed9335e4c35a9e - - -] [instance: a642a091-0eba-48db-b4aa-51f1453995d1] disk limit not specified, defaulting to unlimitednova-compute.log.2017-05-14_21:27:09
2017-05-14 19:51:28.147 2931 INFO nova.compute.claims [req-897c9018-e606-41ff-890b-eff1492d3b09 113d3a99c3da401fbd62cc2caa5b96d2 54fadb412c4e40cdbaed9335e4c35a9e - - -] [instance: a642a091-0eba-48db-b4aa-51f1453995d1] Total vcpu: 16 VCPU, used: 0.00 VCPUnova-compute.log.2017-05-14_21:27:09
2017-05-14 19:51:28.149 2931 INFO nova.compute.claims [req-897c9018-e606-41ff-890b-eff1492d3b09 113d3a99c3da401fbd62cc2caa5b96d2 54fadb412c4e40cdbaed9335e4c35a9e - - -] [instance: a642a091-0eba-48db-b4aa-51f1453995d1] vcpu limit not specified, defaulting to unlimitednova-compute.log.2017-05-14_21:27:09
2017-05-14 19:51:28.182 2931 INFO nova.compute.claims [req-897c9018-e606-41ff-890b-eff1492d3b09 113d3a99c3da401fbd62cc2caa5b96d2 54fadb412c4e40cdbaed9335e4c35a9e - - -] [instance: a642a091-0eba-48db-b4aa-51f1453995d1] Claim successfulnova-api.log.2017-05-14_21:27:04
2017-05-14 19:51:28.249 25746 INFO nova.osapi_compute.wsgi.server [req-04454ec7-51fe-4ca3-afc7-1078394fd30e 113d3a99c3da401fbd62cc2caa5b96d2 54fadb412c4e40cdbaed9335e4c35a9e - - -] 10.11.10.1 "GET /v2/54fadb412c4e40cdbaed9335e4c35a9e/servers/detail HTTP/1.1" status: 200 len: 1575 time: 0.1960890nova-api.log.2017-05-14_21:27:04
2017-05-14 19:51:28.457 25746 INFO nova.osapi_compute.wsgi.server [req-9906155d-9760-45d4-a77c-d123f518ddec 113d3a99c3da401fbd62cc2caa5b96d2 54fadb412c4e40cdbaed9335e4c35a9e - - -] 10.11.10.1 "GET /v2/54fadb412c4e40cdbaed9335e4c35a9e/servers/a642a091-0eba-48db-b4aa-51f1453995d1 HTTP/1.1" status: 200 len: 1708 time: 0.2047842nova-compute.log.2017-05-14_21:27:09
2017-05-14 19:51:28.786 2931 INFO nova.virt.libvirt.driver [req-897c9018-e606-41ff-890b-eff1492d3b09 113d3a99c3da401fbd62cc2caa5b96d2 54fadb412c4e40cdbaed9335e4c35a9e - - -] [instance: a642a091-0eba-48db-b4aa-51f1453995d1] Creating imagenova-api.log.2017-05-14_21:27:04
2017-05-14 19:51:29.795 25746 INFO nova.osapi_compute.wsgi.server [req-86f9b848-cde2-48ed-9709-b41a34664e64 113d3a99c3da401fbd62cc2caa5b96d2 54fadb412c4e40cdbaed9335e4c35a9e - - -] 10.11.10.1 "GET /v2/54fadb412c4e40cdbaed9335e4c35a9e/servers/detail HTTP/1.1" status: 200 len: 1759 time: 0.3323340nova-compute.log.2017-05-14_21:27:09
2017-05-14 19:51:30.042 2931 INFO nova.compute.manager [-] [instance: b93203d4-c79b-41fe-8090-5f2b89b0d081] VM Stopped (Lifecycle Event)nova-api.log.2017-05-14_21:27:04
2017-05-14 19:51:30.057 25746 INFO nova.osapi_compute.wsgi.server [req-f17eb084-be9f-4aa0-8a01-cad9e6114774 113d3a99c3da401fbd62cc2caa5b96d2 54fadb412c4e40cdbaed9335e4c35a9e - - -] 10.11.10.1 "GET /v2/54fadb412c4e40cdbaed9335e4c35a9e/servers/detail HTTP/1.1" status: 200 len: 1759 time: 0.2584682nova-api.log.2017-05-14_21:27:04
2017-05-14 19:51:31.326 25746 INFO nova.osapi_compute.wsgi.server [req-3d8a1464-3f97-47ef-9c4e-8cd864a78808 113d3a99c3da401fbd62cc2caa5b96d2 54fadb412c4e40cdbaed9335e4c35a9e - - -] 10.11.10.1 "GET /v2/54fadb412c4e40cdbaed9335e4c35a9e/servers/detail HTTP/1.1" status: 200 len: 1893 time: 0.2642431nova-api.log.2017-05-14_21:27:04
2017-05-14 19:51:31.589 25746 INFO nova.osapi_compute.wsgi.server [req-ab593f79-8469-4363-b4d2-239ae91461d9 113d3a99c3da401fbd62cc2caa5b96d2 54fadb412c4e40cdbaed9335e4c35a9e - - -] 10.11.10.1 "GET /v2/54fadb412c4e40cdbaed9335e4c35a9e/servers/detail HTTP/1.1" status: 200 len: 1893 time: 0.2573709nova-api.log.2017-05-14_21:27:04
2017-05-14 19:51:32.864 25746 INFO nova.osapi_compute.wsgi.server [req-0e74201a-c361-4830-a872-c8b9b215292a 113d3a99c3da401fbd62cc2caa5b96d2 54fadb412c4e40cdbaed9335e4c35a9e - - -] 10.11.10.1 "GET /v2/54fadb412c4e40cdbaed9335e4c35a9e/servers/detail HTTP/1.1" status: 200 len: 1893 time: 0.2696910nova-api.log.2017-05-14_21:27:04
2017-05-14 19:51:33.127 25746 INFO nova.osapi_compute.wsgi.server [req-c30b2a74-2667-4c2b-bad4-e1cb92a6385f 113d3a99c3da401fbd62cc2caa5b96d2 54fadb412c4e40cdbaed9335e4c35a9e - - -] 10.11.10.1 "GET /v2/54fadb412c4e40cdbaed9335e4c35a9e/servers/detail HTTP/1.1" status: 200 len: 1893 time: 0.2601111nova-api.log.2017-05-14_21:27:04
2017-05-14 19:51:34.402 25746 INFO nova.osapi_compute.wsgi.server [req-8455acb8-8385-4561-be7f-cbc46474d0a5 113d3a99c3da401fbd62cc2caa5b96d2 54fadb412c4e40cdbaed9335e4c35a9e - - -] 10.11.10.1 "GET /v2/54fadb412c4e40cdbaed9335e4c35a9e/servers/detail HTTP/1.1" status: 200 len: 1893 time: 0.2689931nova-api.log.2017-05-14_21:27:04
2017-05-14 19:51:34.657 25746 INFO nova.osapi_compute.wsgi.server [req-7019ff02-69f8-4b1f-a4c4-cbfa8047536f 113d3a99c3da401fbd62cc2caa5b96d2 54fadb412c4e40cdbaed9335e4c35a9e - - -] 10.11.10.1 "GET /v2/54fadb412c4e40cdbaed9335e4c35a9e/servers/detail HTTP/1.1" status: 200 len: 1893 time: 0.2517631nova-api.log.2017-05-14_21:27:04
2017-05-14 19:51:35.936 25746 INFO nova.osapi_compute.wsgi.server [req-ee30476d-0e6b-4c9c-8d2b-2dc592a885bc 113d3a99c3da401fbd62cc2caa5b96d2 54fadb412c4e40cdbaed9335e4c35a9e - - -] 10.11.10.1 "GET /v2/54fadb412c4e40cdbaed9335e4c35a9e/servers/detail HTTP/1.1" status: 200 len: 1893 time: 0.2740300nova-api.log.2017-05-14_21:27:04
2017-05-14 19:51:36.303 25746 INFO nova.osapi_compute.wsgi.server [req-e7b26aca-a374-4abe-ade5-402ca4862562 113d3a99c3da401fbd62cc2caa5b96d2 54fadb412c4e40cdbaed9335e4c35a9e - - -] 10.11.10.1 "GET /v2/54fadb412c4e40cdbaed9335e4c35a9e/servers/detail HTTP/1.1" status: 200 len: 1893 time: 0.3613060nova-api.log.2017-05-14_21:27:04
2017-05-14 19:51:37.580 25746 INFO nova.osapi_compute.wsgi.server [req-15d71249-55c8-4b6e-acdc-807bf3e35bf7 113d3a99c3da401fbd62cc2caa5b96d2 54fadb412c4e40cdbaed9335e4c35a9e - - -] 10.11.10.1 "GET /v2/54fadb412c4e40cdbaed9335e4c35a9e/servers/detail HTTP/1.1" status: 200 len: 1893 time: 0.2704120nova-api.log.2017-05-14_21:27:04
2017-05-14 19:51:37.847 25746 INFO nova.osapi_compute.wsgi.server [req-f4673032-7e8e-4413-ae39-003856cd9509 113d3a99c3da401fbd62cc2caa5b96d2 54fadb412c4e40cdbaed9335e4c35a9e - - -] 10.11.10.1 "GET /v2/54fadb412c4e40cdbaed9335e4c35a9e/servers/detail HTTP/1.1" status: 200 len: 1893 time: 0.2634890nova-api.log.2017-05-14_21:27:04
2017-05-14 19:51:39.137 25746 INFO nova.osapi_compute.wsgi.server [req-ee20141e-242c-4807-931f-ef3d08558e00 113d3a99c3da401fbd62cc2caa5b96d2 54fadb412c4e40cdbaed9335e4c35a9e - - -] 10.11.10.1 "GET /v2/54fadb412c4e40cdbaed9335e4c35a9e/servers/detail HTTP/1.1" status: 200 len: 1893 time: 0.2852771nova-api.log.2017-05-14_21:27:04
2017-05-14 19:51:39.409 25746 INFO nova.osapi_compute.wsgi.server [req-d0ed9803-470f-4fc7-a207-93bcf10481dd 113d3a99c3da401fbd62cc2caa5b96d2 54fadb412c4e40cdbaed9335e4c35a9e - - -] 10.11.10.1 "GET /v2/54fadb412c4e40cdbaed9335e4c35a9e/servers/detail HTTP/1.1" status: 200 len: 1893 time: 0.2679291nova-api.log.2017-05-14_21:27:04
2017-05-14 19:51:40.848 25746 INFO nova.osapi_compute.wsgi.server [req-c769dfd2-1907-49fc-89f7-55cd6c0a2093 113d3a99c3da401fbd62cc2caa5b96d2 54fadb412c4e40cdbaed9335e4c35a9e - - -] 10.11.10.1 "GET /v2/54fadb412c4e40cdbaed9335e4c35a9e/servers/detail HTTP/1.1" status: 200 len: 1893 time: 0.4331951nova-compute.log.2017-05-14_21:27:09
2017-05-14 19:51:41.106 2931 INFO nova.virt.libvirt.imagecache [req-addc1839-2ed5-4778-b57e-5854eb7b8b09 - - - - -] image 0673dd71-34c5-4fbb-86c4-40623fbe45b4 at (/var/lib/nova/instances/_base/a489c868f0c37da93b76227c91bb03908ac0e742): checkingnova-compute.log.2017-05-14_21:27:09
2017-05-14 19:51:41.107 2931 INFO nova.virt.libvirt.imagecache [req-addc1839-2ed5-4778-b57e-5854eb7b8b09 - - - - -] image 0673dd71-34c5-4fbb-86c4-40623fbe45b4 at (/var/lib/nova/instances/_base/a489c868f0c37da93b76227c91bb03908ac0e742): in use: on this node 1 local, 0 on other nodes sharing this instance storagenova-api.log.2017-05-14_21:27:04
2017-05-14 19:51:41.127 25746 INFO nova.osapi_compute.wsgi.server [req-70b56bf1-bd39-463c-b7c7-70de5f46fbe5 113d3a99c3da401fbd62cc2caa5b96d2 54fadb412c4e40cdbaed9335e4c35a9e - - -] 10.11.10.1 "GET /v2/54fadb412c4e40cdbaed9335e4c35a9e/servers/detail HTTP/1.1" status: 200 len: 1893 time: 0.2740450nova-compute.log.2017-05-14_21:27:09
2017-05-14 19:51:41.293 2931 INFO nova.virt.libvirt.imagecache [req-addc1839-2ed5-4778-b57e-5854eb7b8b09 - - - - -] Active base files: /var/lib/nova/instances/_base/a489c868f0c37da93b76227c91bb03908ac0e742nova-compute.log.2017-05-14_21:27:09
2017-05-14 19:51:42.095 2931 INFO nova.compute.manager [req-3ea4052c-895d-4b64-9e2d-04d64c4d94ab - - - - -] [instance: a642a091-0eba-48db-b4aa-51f1453995d1] VM Started (Lifecycle Event)nova-compute.log.2017-05-14_21:27:09
2017-05-14 19:51:42.158 2931 INFO nova.compute.manager [req-3ea4052c-895d-4b64-9e2d-04d64c4d94ab - - - - -] [instance: a642a091-0eba-48db-b4aa-51f1453995d1] VM Paused (Lifecycle Event)nova-compute.log.2017-05-14_21:27:09
2017-05-14 19:51:42.280 2931 INFO nova.compute.manager [req-3ea4052c-895d-4b64-9e2d-04d64c4d94ab - - - - -] [instance: a642a091-0eba-48db-b4aa-51f1453995d1] During sync_power_state the instance has a pending task (spawning). Skip.nova-api.log.2017-05-14_21:27:04
2017-05-14 19:51:42.391 25746 INFO nova.osapi_compute.wsgi.server [req-6eada41f-8bab-40a0-9070-2e5c04b70c5e 113d3a99c3da401fbd62cc2caa5b96d2 54fadb412c4e40cdbaed9335e4c35a9e - - -] 10.11.10.1 "GET /v2/54fadb412c4e40cdbaed9335e4c35a9e/servers/detail HTTP/1.1" status: 200 len: 1893 time: 0.2576630nova-api.log.2017-05-14_21:27:04
2017-05-14 19:51:42.662 25746 INFO nova.osapi_compute.wsgi.server [req-3a62b678-f21e-4ed9-8859-d3405ce5263c 113d3a99c3da401fbd62cc2caa5b96d2 54fadb412c4e40cdbaed9335e4c35a9e - - -] 10.11.10.1 "GET /v2/54fadb412c4e40cdbaed9335e4c35a9e/servers/detail HTTP/1.1" status: 200 len: 1893 time: 0.2666020nova-api.log.2017-05-14_21:27:04
2017-05-14 19:51:43.946 25746 INFO nova.osapi_compute.wsgi.server [req-f43589ef-b266-4920-abf8-51b4cf027868 113d3a99c3da401fbd62cc2caa5b96d2 54fadb412c4e40cdbaed9335e4c35a9e - - -] 10.11.10.1 "GET /v2/54fadb412c4e40cdbaed9335e4c35a9e/servers/detail HTTP/1.1" status: 200 len: 1893 time: 0.2798920nova-api.log.2017-05-14_21:27:04
2017-05-14 19:51:44.191 25746 INFO nova.osapi_compute.wsgi.server [req-2a96675b-c3bb-4f5b-91d7-af3667d179f6 113d3a99c3da401fbd62cc2caa5b96d2 54fadb412c4e40cdbaed9335e4c35a9e - - -] 10.11.10.1 "GET /v2/54fadb412c4e40cdbaed9335e4c35a9e/servers/detail HTTP/1.1" status: 200 len: 1893 time: 0.2405310nova-api.log.2017-05-14_21:27:04
2017-05-14 19:51:45.474 25746 INFO nova.osapi_compute.wsgi.server [req-528e7b4b-e5b6-47bf-afe1-ed7a4c5569d4 113d3a99c3da401fbd62cc2caa5b96d2 54fadb412c4e40cdbaed9335e4c35a9e - - -] 10.11.10.1 "GET /v2/54fadb412c4e40cdbaed9335e4c35a9e/servers/detail HTTP/1.1" status: 200 len: 1893 time: 0.2778180nova-api.log.2017-05-14_21:27:04
2017-05-14 19:51:45.757 25746 INFO nova.osapi_compute.wsgi.server [req-718415a9-3738-4d9d-b3f0-37c818066ef4 113d3a99c3da401fbd62cc2caa5b96d2 54fadb412c4e40cdbaed9335e4c35a9e - - -] 10.11.10.1 "GET /v2/54fadb412c4e40cdbaed9335e4c35a9e/servers/detail HTTP/1.1" status: 200 len: 1893 time: 0.2792590nova-compute.log.2017-05-14_21:27:09
2017-05-14 19:51:46.348 2931 INFO nova.virt.libvirt.imagecache [req-addc1839-2ed5-4778-b57e-5854eb7b8b09 - - - - -] image 0673dd71-34c5-4fbb-86c4-40623fbe45b4 at (/var/lib/nova/instances/_base/a489c868f0c37da93b76227c91bb03908ac0e742): checkingnova-compute.log.2017-05-14_21:27:09
2017-05-14 19:51:46.349 2931 INFO nova.virt.libvirt.imagecache [req-addc1839-2ed5-4778-b57e-5854eb7b8b09 - - - - -] image 0673dd71-34c5-4fbb-86c4-40623fbe45b4 at (/var/lib/nova/instances/_base/a489c868f0c37da93b76227c91bb03908ac0e742): in use: on this node 1 local, 0 on other nodes sharing this instance storagenova-compute.log.2017-05-14_21:27:09
2017-05-14 19:51:46.522 2931 INFO nova.virt.libvirt.imagecache [req-addc1839-2ed5-4778-b57e-5854eb7b8b09 - - - - -] Active base files: /var/lib/nova/instances/_base/a489c868f0c37da93b76227c91bb03908ac0e742nova-api.log.2017-05-14_21:27:04
2017-05-14 19:51:47.044 25746 INFO nova.osapi_compute.wsgi.server [req-f5737ef1-73a8-4960-98f8-c71c72a95645 113d3a99c3da401fbd62cc2caa5b96d2 54fadb412c4e40cdbaed9335e4c35a9e - - -] 10.11.10.1 "GET /v2/54fadb412c4e40cdbaed9335e4c35a9e/servers/detail HTTP/1.1" status: 200 len: 1893 time: 0.2813830nova-api.log.2017-05-14_21:27:04
2017-05-14 19:51:47.305 25746 INFO nova.osapi_compute.wsgi.server [req-c92157c5-8af7-4b8e-8cf5-7281301968bb 113d3a99c3da401fbd62cc2caa5b96d2 54fadb412c4e40cdbaed9335e4c35a9e - - -] 10.11.10.1 "GET /v2/54fadb412c4e40cdbaed9335e4c35a9e/servers/detail HTTP/1.1" status: 200 len: 1893 time: 0.2580709nova-api.log.2017-05-14_21:27:04
2017-05-14 19:51:48.569 25746 INFO nova.osapi_compute.wsgi.server [req-9ef46c88-977a-4d3d-89b2-8467bb761edc 113d3a99c3da401fbd62cc2caa5b96d2 54fadb412c4e40cdbaed9335e4c35a9e - - -] 10.11.10.1 "GET /v2/54fadb412c4e40cdbaed9335e4c35a9e/servers/detail HTTP/1.1" status: 200 len: 1893 time: 0.2586100nova-api.log.2017-05-14_21:27:04
2017-05-14 19:51:48.828 25746 INFO nova.osapi_compute.wsgi.server [req-7e4a1cfa-a1fc-4b55-880e-7a36664df95a 113d3a99c3da401fbd62cc2caa5b96d2 54fadb412c4e40cdbaed9335e4c35a9e - - -] 10.11.10.1 "GET /v2/54fadb412c4e40cdbaed9335e4c35a9e/servers/detail HTTP/1.1" status: 200 len: 1893 time: 0.2544169
================================================================================
# Seq 1730-1779 ANOMALY
nova-compute.log.2017-05-14_21:27:09
2017-05-14 19:52:10.054 2931 INFO nova.compute.claims [req-52c34c6e-f954-4a66-a884-76903c3c8895 113d3a99c3da401fbd62cc2caa5b96d2 54fadb412c4e40cdbaed9335e4c35a9e - - -] [instance: d3c2c16b-f0f8-4a6c-80e9-7d293ebe4f68] Total memory: 64172 MB, used: 512.00 MBnova-compute.log.2017-05-14_21:27:09
2017-05-14 19:52:10.054 2931 INFO nova.compute.claims [req-52c34c6e-f954-4a66-a884-76903c3c8895 113d3a99c3da401fbd62cc2caa5b96d2 54fadb412c4e40cdbaed9335e4c35a9e - - -] [instance: d3c2c16b-f0f8-4a6c-80e9-7d293ebe4f68] memory limit: 96258.00 MB, free: 95746.00 MBnova-compute.log.2017-05-14_21:27:09
2017-05-14 19:52:10.055 2931 INFO nova.compute.claims [req-52c34c6e-f954-4a66-a884-76903c3c8895 113d3a99c3da401fbd62cc2caa5b96d2 54fadb412c4e40cdbaed9335e4c35a9e - - -] [instance: d3c2c16b-f0f8-4a6c-80e9-7d293ebe4f68] Total disk: 15 GB, used: 0.00 GBnova-compute.log.2017-05-14_21:27:09
2017-05-14 19:52:10.055 2931 INFO nova.compute.claims [req-52c34c6e-f954-4a66-a884-76903c3c8895 113d3a99c3da401fbd62cc2caa5b96d2 54fadb412c4e40cdbaed9335e4c35a9e - - -] [instance: d3c2c16b-f0f8-4a6c-80e9-7d293ebe4f68] disk limit not specified, defaulting to unlimitednova-compute.log.2017-05-14_21:27:09
2017-05-14 19:52:10.055 2931 INFO nova.compute.claims [req-52c34c6e-f954-4a66-a884-76903c3c8895 113d3a99c3da401fbd62cc2caa5b96d2 54fadb412c4e40cdbaed9335e4c35a9e - - -] [instance: d3c2c16b-f0f8-4a6c-80e9-7d293ebe4f68] Total vcpu: 16 VCPU, used: 0.00 VCPUnova-compute.log.2017-05-14_21:27:09
2017-05-14 19:52:10.056 2931 INFO nova.compute.claims [req-52c34c6e-f954-4a66-a884-76903c3c8895 113d3a99c3da401fbd62cc2caa5b96d2 54fadb412c4e40cdbaed9335e4c35a9e - - -] [instance: d3c2c16b-f0f8-4a6c-80e9-7d293ebe4f68] vcpu limit not specified, defaulting to unlimitednova-api.log.2017-05-14_21:27:04
2017-05-14 19:52:10.062 25746 INFO nova.osapi_compute.wsgi.server [req-c54878ec-56de-4c0c-b4aa-d5cfda09c380 113d3a99c3da401fbd62cc2caa5b96d2 54fadb412c4e40cdbaed9335e4c35a9e - - -] 10.11.10.1 "GET /v2/54fadb412c4e40cdbaed9335e4c35a9e/servers/detail HTTP/1.1" status: 200 len: 1583 time: 0.2908139nova-compute.log.2017-05-14_21:27:09
2017-05-14 19:52:10.090 2931 INFO nova.compute.claims [req-52c34c6e-f954-4a66-a884-76903c3c8895 113d3a99c3da401fbd62cc2caa5b96d2 54fadb412c4e40cdbaed9335e4c35a9e - - -] [instance: d3c2c16b-f0f8-4a6c-80e9-7d293ebe4f68] Claim successfulnova-api.log.2017-05-14_21:27:04
2017-05-14 19:52:10.259 25746 INFO nova.osapi_compute.wsgi.server [req-cc63a75e-bd39-45e9-83bc-9c632fc3d8c0 113d3a99c3da401fbd62cc2caa5b96d2 54fadb412c4e40cdbaed9335e4c35a9e - - -] 10.11.10.1 "GET /v2/54fadb412c4e40cdbaed9335e4c35a9e/servers/detail HTTP/1.1" status: 200 len: 1575 time: 0.1926668nova-api.log.2017-05-14_21:27:04
2017-05-14 19:52:10.466 25746 INFO nova.osapi_compute.wsgi.server [req-34844ad4-41d8-4076-b388-ed3d34019fa2 113d3a99c3da401fbd62cc2caa5b96d2 54fadb412c4e40cdbaed9335e4c35a9e - - -] 10.11.10.1 "GET /v2/54fadb412c4e40cdbaed9335e4c35a9e/servers/d3c2c16b-f0f8-4a6c-80e9-7d293ebe4f68 HTTP/1.1" status: 200 len: 1708 time: 0.2020500nova-compute.log.2017-05-14_21:27:09
2017-05-14 19:52:10.692 2931 INFO nova.virt.libvirt.driver [req-52c34c6e-f954-4a66-a884-76903c3c8895 113d3a99c3da401fbd62cc2caa5b96d2 54fadb412c4e40cdbaed9335e4c35a9e - - -] [instance: d3c2c16b-f0f8-4a6c-80e9-7d293ebe4f68] Creating imagenova-api.log.2017-05-14_21:27:04
2017-05-14 19:52:11.753 25746 INFO nova.osapi_compute.wsgi.server [req-35003c67-3cb1-4f0c-a87d-48ddef9f7fd1 113d3a99c3da401fbd62cc2caa5b96d2 54fadb412c4e40cdbaed9335e4c35a9e - - -] 10.11.10.1 "GET /v2/54fadb412c4e40cdbaed9335e4c35a9e/servers/detail HTTP/1.1" status: 200 len: 1759 time: 0.2816160nova-compute.log.2017-05-14_21:27:09
2017-05-14 19:52:11.906 2931 INFO nova.compute.manager [-] [instance: a642a091-0eba-48db-b4aa-51f1453995d1] VM Stopped (Lifecycle Event)nova-api.log.2017-05-14_21:27:04
2017-05-14 19:52:12.022 25746 INFO nova.osapi_compute.wsgi.server [req-f50cb438-12db-426d-91e8-a4cff80e2789 113d3a99c3da401fbd62cc2caa5b96d2 54fadb412c4e40cdbaed9335e4c35a9e - - -] 10.11.10.1 "GET /v2/54fadb412c4e40cdbaed9335e4c35a9e/servers/detail HTTP/1.1" status: 200 len: 1759 time: 0.2655640nova-api.log.2017-05-14_21:27:04
2017-05-14 19:52:13.323 25746 INFO nova.osapi_compute.wsgi.server [req-7ae46738-6242-4dfe-af51-992301e2038b 113d3a99c3da401fbd62cc2caa5b96d2 54fadb412c4e40cdbaed9335e4c35a9e - - -] 10.11.10.1 "GET /v2/54fadb412c4e40cdbaed9335e4c35a9e/servers/detail HTTP/1.1" status: 200 len: 1893 time: 0.2960539nova-api.log.2017-05-14_21:27:04
2017-05-14 19:52:13.592 25746 INFO nova.osapi_compute.wsgi.server [req-218b93dc-2a4f-41ff-a8e6-dbcd9e03e99b 113d3a99c3da401fbd62cc2caa5b96d2 54fadb412c4e40cdbaed9335e4c35a9e - - -] 10.11.10.1 "GET /v2/54fadb412c4e40cdbaed9335e4c35a9e/servers/detail HTTP/1.1" status: 200 len: 1893 time: 0.2662451nova-api.log.2017-05-14_21:27:04
2017-05-14 19:52:14.855 25746 INFO nova.osapi_compute.wsgi.server [req-85eefa5b-4154-4cba-b595-34df82dfdf04 113d3a99c3da401fbd62cc2caa5b96d2 54fadb412c4e40cdbaed9335e4c35a9e - - -] 10.11.10.1 "GET /v2/54fadb412c4e40cdbaed9335e4c35a9e/servers/detail HTTP/1.1" status: 200 len: 1893 time: 0.2572780nova-api.log.2017-05-14_21:27:04
2017-05-14 19:52:15.117 25746 INFO nova.osapi_compute.wsgi.server [req-d58d5b30-a1e6-4633-be27-f9de937553ad 113d3a99c3da401fbd62cc2caa5b96d2 54fadb412c4e40cdbaed9335e4c35a9e - - -] 10.11.10.1 "GET /v2/54fadb412c4e40cdbaed9335e4c35a9e/servers/detail HTTP/1.1" status: 200 len: 1893 time: 0.2572510nova-api.log.2017-05-14_21:27:04
2017-05-14 19:52:16.400 25746 INFO nova.osapi_compute.wsgi.server [req-f90f80f2-c87e-4bf3-a3c7-490444d023ac 113d3a99c3da401fbd62cc2caa5b96d2 54fadb412c4e40cdbaed9335e4c35a9e - - -] 10.11.10.1 "GET /v2/54fadb412c4e40cdbaed9335e4c35a9e/servers/detail HTTP/1.1" status: 200 len: 1893 time: 0.2776179nova-api.log.2017-05-14_21:27:04
2017-05-14 19:52:16.671 25746 INFO nova.osapi_compute.wsgi.server [req-22f6a801-40f2-41a4-a600-c9c84806ae1d 113d3a99c3da401fbd62cc2caa5b96d2 54fadb412c4e40cdbaed9335e4c35a9e - - -] 10.11.10.1 "GET /v2/54fadb412c4e40cdbaed9335e4c35a9e/servers/detail HTTP/1.1" status: 200 len: 1893 time: 0.2668469nova-api.log.2017-05-14_21:27:04
2017-05-14 19:52:17.950 25746 INFO nova.osapi_compute.wsgi.server [req-2691690c-3296-48a6-83bc-659234a73b64 113d3a99c3da401fbd62cc2caa5b96d2 54fadb412c4e40cdbaed9335e4c35a9e - - -] 10.11.10.1 "GET /v2/54fadb412c4e40cdbaed9335e4c35a9e/servers/detail HTTP/1.1" status: 200 len: 1893 time: 0.2727621nova-api.log.2017-05-14_21:27:04
2017-05-14 19:52:18.212 25746 INFO nova.osapi_compute.wsgi.server [req-4e65d986-1a7c-4b8e-99a5-31a71d47af17 113d3a99c3da401fbd62cc2caa5b96d2 54fadb412c4e40cdbaed9335e4c35a9e - - -] 10.11.10.1 "GET /v2/54fadb412c4e40cdbaed9335e4c35a9e/servers/detail HTTP/1.1" status: 200 len: 1893 time: 0.2567720nova-api.log.2017-05-14_21:27:04
2017-05-14 19:52:19.489 25746 INFO nova.osapi_compute.wsgi.server [req-f22c6a32-8032-4ee4-9411-a1bb3c1cfd7b 113d3a99c3da401fbd62cc2caa5b96d2 54fadb412c4e40cdbaed9335e4c35a9e - - -] 10.11.10.1 "GET /v2/54fadb412c4e40cdbaed9335e4c35a9e/servers/detail HTTP/1.1" status: 200 len: 1893 time: 0.2705870nova-api.log.2017-05-14_21:27:04
2017-05-14 19:52:19.750 25746 INFO nova.osapi_compute.wsgi.server [req-88b39b73-8b6e-4929-9b1c-8ba343dc10fe 113d3a99c3da401fbd62cc2caa5b96d2 54fadb412c4e40cdbaed9335e4c35a9e - - -] 10.11.10.1 "GET /v2/54fadb412c4e40cdbaed9335e4c35a9e/servers/detail HTTP/1.1" status: 200 len: 1893 time: 0.2579272nova-compute.log.2017-05-14_21:27:09
2017-05-14 19:52:20.432 2931 INFO nova.virt.libvirt.imagecache [req-addc1839-2ed5-4778-b57e-5854eb7b8b09 - - - - -] image 0673dd71-34c5-4fbb-86c4-40623fbe45b4 at (/var/lib/nova/instances/_base/a489c868f0c37da93b76227c91bb03908ac0e742): checkingnova-compute.log.2017-05-14_21:27:09
2017-05-14 19:52:20.433 2931 INFO nova.virt.libvirt.imagecache [req-addc1839-2ed5-4778-b57e-5854eb7b8b09 - - - - -] image 0673dd71-34c5-4fbb-86c4-40623fbe45b4 at (/var/lib/nova/instances/_base/a489c868f0c37da93b76227c91bb03908ac0e742): in use: on this node 1 local, 0 on other nodes sharing this instance storagenova-compute.log.2017-05-14_21:27:09
2017-05-14 19:52:20.549 2931 INFO nova.virt.libvirt.imagecache [req-addc1839-2ed5-4778-b57e-5854eb7b8b09 - - - - -] Active base files: /var/lib/nova/instances/_base/a489c868f0c37da93b76227c91bb03908ac0e742nova-api.log.2017-05-14_21:27:04
2017-05-14 19:52:21.040 25746 INFO nova.osapi_compute.wsgi.server [req-f1a6bc6e-5929-44b1-a016-75f532435ca6 113d3a99c3da401fbd62cc2caa5b96d2 54fadb412c4e40cdbaed9335e4c35a9e - - -] 10.11.10.1 "GET /v2/54fadb412c4e40cdbaed9335e4c35a9e/servers/detail HTTP/1.1" status: 200 len: 1893 time: 0.2832661nova-api.log.2017-05-14_21:27:04
2017-05-14 19:52:21.302 25746 INFO nova.osapi_compute.wsgi.server [req-e72cf8fb-99f7-49ed-add8-9b056caf9f3d 113d3a99c3da401fbd62cc2caa5b96d2 54fadb412c4e40cdbaed9335e4c35a9e - - -] 10.11.10.1 "GET /v2/54fadb412c4e40cdbaed9335e4c35a9e/servers/detail HTTP/1.1" status: 200 len: 1893 time: 0.2577219nova-api.log.2017-05-14_21:27:04
2017-05-14 19:52:22.583 25746 INFO nova.osapi_compute.wsgi.server [req-089ba940-ac5b-4a44-a75c-c5bd164b2056 113d3a99c3da401fbd62cc2caa5b96d2 54fadb412c4e40cdbaed9335e4c35a9e - - -] 10.11.10.1 "GET /v2/54fadb412c4e40cdbaed9335e4c35a9e/servers/detail HTTP/1.1" status: 200 len: 1893 time: 0.2746189nova-api.log.2017-05-14_21:27:04
2017-05-14 19:52:22.848 25746 INFO nova.osapi_compute.wsgi.server [req-fe4f47e7-496b-4459-9785-2a487d1bb9d2 113d3a99c3da401fbd62cc2caa5b96d2 54fadb412c4e40cdbaed9335e4c35a9e - - -] 10.11.10.1 "GET /v2/54fadb412c4e40cdbaed9335e4c35a9e/servers/detail HTTP/1.1" status: 200 len: 1893 time: 0.2606878nova-compute.log.2017-05-14_21:27:09
2017-05-14 19:52:23.561 2931 INFO nova.compute.manager [req-3ea4052c-895d-4b64-9e2d-04d64c4d94ab - - - - -] [instance: d3c2c16b-f0f8-4a6c-80e9-7d293ebe4f68] VM Started (Lifecycle Event)nova-compute.log.2017-05-14_21:27:09
2017-05-14 19:52:23.625 2931 INFO nova.compute.manager [req-3ea4052c-895d-4b64-9e2d-04d64c4d94ab - - - - -] [instance: d3c2c16b-f0f8-4a6c-80e9-7d293ebe4f68] VM Paused (Lifecycle Event)nova-compute.log.2017-05-14_21:27:09
